2026-05-21 11:59:30,286 | INFO     | ======================================================================
2026-05-21 11:59:30,287 | INFO     | 🔍 VPN KEY CHECKER - Начало проверки
2026-05-21 11:59:30,287 | INFO     | ⏰ Время старта: 2026-05-21 11:59:30
2026-05-21 11:59:30,287 | INFO     | 📂 Рабочая директория: /home/runner/work/vpn-vless-configs-russia/vpn-vless-configs-russia
2026-05-21 11:59:30,287 | INFO     | ======================================================================
2026-05-21 11:59:30,287 | INFO     | 
2026-05-21 11:59:30,287 | INFO     | 🔍 Проверка наличия скриптов...
2026-05-21 11:59:30,287 | INFO     |   ✅ mirror.py
2026-05-21 11:59:30,287 | INFO     |   ✅ generate_cf_vless.py
2026-05-21 11:59:30,287 | INFO     |   ✅ filter_ru_sni.py
2026-05-21 11:59:30,287 | INFO     |   ✅ filter_ru_sni_local.py
2026-05-21 11:59:30,287 | INFO     | 
2026-05-21 11:59:30,287 | INFO     | 
2026-05-21 11:59:30,287 | INFO     | ──────────────────────────────────────────────────────────────────────
2026-05-21 11:59:30,288 | INFO     | 📌 ЭТАП: Загрузка и geo-фильтрация
2026-05-21 11:59:30,288 | INFO     | ──────────────────────────────────────────────────────────────────────
2026-05-21 11:59:30,288 | INFO     | 🚀 Запуск mirror.py (Загрузка и фильтрация по РФ/СНГ/Европа)...
2026-05-21 11:59:33,676 | INFO     |   → 🚀 Старт: всего источников (старые + новые): 8
2026-05-21 11:59:33,676 | INFO     |   → 1/8: ✅ 0 взято | 🗑️ 0 мусор
2026-05-21 11:59:33,676 | INFO     |   → 2/8: ✅ 0 взято | 🗑️ 0 мусор
2026-05-21 11:59:33,676 | INFO     |   → 3/8: ✅ 3 взято | 🗑️ 174 мусор
2026-05-21 11:59:33,676 | INFO     |   → 4/8: ✅ 0 взято | 🗑️ 0 мусор
2026-05-21 11:59:33,676 | INFO     |   → 5/8: ✅ 6 взято | 🗑️ 24 мусор
2026-05-21 11:59:33,676 | INFO     |   → 6/8: ✅ 0 взято | 🗑️ 24 мусор
2026-05-21 11:59:33,676 | INFO     |   → 7/8: ✅ 12 взято | 🗑️ 18 мусор
2026-05-21 11:59:33,677 | INFO     |   → 8/8: ✅ 0 взято | 🗑️ 0 мусор
2026-05-21 11:59:33,677 | INFO     |   → ✅ ГОТОВО!
2026-05-21 11:59:33,677 | INFO     |   →    📥 Всего ключей после фильтра: 21
2026-05-21 11:59:33,677 | INFO     |   →    🔗 Уникальных IP:PORT:SCHEME: 21
2026-05-21 11:59:33,677 | INFO     |   →    🗑️ Выброшено мусора: 240
2026-05-21 11:59:33,677 | INFO     |   → 📊 По протоколам:
2026-05-21 11:59:33,677 | INFO     |   →    vless: 11
2026-05-21 11:59:33,677 | INFO     |   →    vmess: 5
2026-05-21 11:59:33,677 | INFO     |   →    ss: 3
2026-05-21 11:59:33,677 | INFO     |   →    hysteria2: 2
2026-05-21 11:59:33,677 | INFO     | ✅ mirror.py завершён успешно
2026-05-21 11:59:33,677 | INFO     | 
2026-05-21 11:59:33,677 | INFO     | 
2026-05-21 11:59:33,677 | INFO     | ──────────────────────────────────────────────────────────────────────
2026-05-21 11:59:33,677 | INFO     | 📌 ЭТАП: Генерация 50 уникальных CF-VLESS
2026-05-21 11:59:33,677 | INFO     | ──────────────────────────────────────────────────────────────────────
2026-05-21 11:59:33,677 | INFO     | 🚀 Запуск generate_cf_vless.py (50 новых CF-VLESS)...
2026-05-21 11:59:34,709 | INFO     |   → ======================================================================
2026-05-21 11:59:34,709 | INFO     |   → 🗺️  Генератор свежих VLESS-конфигов на IP Cloudflare
2026-05-21 11:59:34,709 | INFO     |   → ======================================================================
2026-05-21 11:59:34,709 | INFO     |   →   → Загружаем актуальные IP-диапазоны Cloudflare: https://www.cloudflare.com/ips-v4
2026-05-21 11:59:34,709 | INFO     |   →   → Найдено 15 IPv4 CIDR-блоков. Преобразуем их в IP-адреса...
2026-05-21 11:59:34,709 | INFO     |   → ✅ Успешно загружено и подготовлено 7500 IP-адресов для ротации.
2026-05-21 11:59:34,709 | INFO     |   → ✨ Сгенерировано и сохранено 50 VLESS-конфигов.
2026-05-21 11:59:34,709 | INFO     |   → 📂 Файл: /home/runner/work/vpn-vless-configs-russia/vpn-vless-configs-russia/githubmirror/new/cf_fresh.txt
2026-05-21 11:59:34,709 | INFO     |   → ======================================================================
2026-05-21 11:59:34,709 | INFO     | ✅ generate_cf_vless.py завершён успешно
2026-05-21 11:59:34,709 | INFO     | 
2026-05-21 11:59:34,710 | INFO     | 
2026-05-21 11:59:34,710 | INFO     | ──────────────────────────────────────────────────────────────────────
2026-05-21 11:59:34,710 | INFO     | 📌 ЭТАП: Слияние CF с основным списком
2026-05-21 11:59:34,710 | INFO     | ──────────────────────────────────────────────────────────────────────
2026-05-21 11:59:34,711 | INFO     | 🔄 Добавлено 50 новых CF-VLESS в /home/runner/work/vpn-vless-configs-russia/vpn-vless-configs-russia/githubmirror/clean/vless.txt
2026-05-21 11:59:34,711 | INFO     | 📊 Всего в clean/vless.txt теперь: 61
2026-05-21 11:59:34,711 | INFO     | 
2026-05-21 11:59:34,711 | INFO     | 
2026-05-21 11:59:34,711 | INFO     | ──────────────────────────────────────────────────────────────────────
2026-05-21 11:59:34,711 | INFO     | 📌 ЭТАП: Фильтрация по реальному SNI
2026-05-21 11:59:34,712 | INFO     | ──────────────────────────────────────────────────────────────────────
2026-05-21 11:59:34,712 | INFO     | 🚀 Запуск filter_ru_sni.py (Фильтр по реальному SNI (CDN+RU))...
2026-05-21 11:59:34,740 | INFO     |   → hysteria2.txt: 2 → 0 (SNI-filtered)
2026-05-21 11:59:34,740 | INFO     |   →   ss.txt: 3 → 0 (SNI-filtered)
2026-05-21 11:59:34,740 | INFO     |   →   vless.txt: 61 → 3 (SNI-filtered)
2026-05-21 11:59:34,740 | INFO     |   →   vmess.txt: 5 → 0 (SNI-filtered)
2026-05-21 11:59:34,740 | INFO     |   → ==================================================
2026-05-21 11:59:34,740 | INFO     |   →   Всего входных:  71
2026-05-21 11:59:34,740 | INFO     |   →   Прошли фильтр:  3
2026-05-21 11:59:34,740 | INFO     |   →   Отброшено:      68
2026-05-21 11:59:34,740 | INFO     |   → ==================================================
2026-05-21 11:59:34,741 | INFO     |   → Готово → /home/runner/work/vpn-vless-configs-russia/vpn-vless-configs-russia/githubmirror/ru-sni
2026-05-21 11:59:34,741 | INFO     | ✅ filter_ru_sni.py завершён успешно
2026-05-21 11:59:34,741 | INFO     | 
2026-05-21 11:59:34,741 | INFO     | 
2026-05-21 11:59:34,741 | INFO     | ──────────────────────────────────────────────────────────────────────
2026-05-21 11:59:34,741 | INFO     | 📌 ЭТАП: Экспериментальный RU-SNI фильтр
2026-05-21 11:59:34,741 | INFO     | ──────────────────────────────────────────────────────────────────────
2026-05-21 11:59:34,741 | INFO     | 🚀 Запуск filter_ru_sni_local.py (Экспериментальный фильтр по RU-SNI (локальные домены))...
2026-05-21 11:59:34,768 | INFO     |   → hysteria2.txt: 2 → 0 (RU-SNI)
2026-05-21 11:59:34,768 | INFO     |   → ss.txt: 3 → 0 (RU-SNI)
2026-05-21 11:59:34,768 | INFO     |   → vless.txt: 61 → 1 (RU-SNI)
2026-05-21 11:59:34,768 | INFO     |   → vmess.txt: 5 → 0 (RU-SNI)
2026-05-21 11:59:34,768 | INFO     |   → ==================================================
2026-05-21 11:59:34,768 | INFO     |   → Всего входных:  71
2026-05-21 11:59:34,768 | INFO     |   → Прошли RU-SNI:  1
2026-05-21 11:59:34,768 | INFO     |   → Отброшено:      70
2026-05-21 11:59:34,768 | INFO     |   → ==================================================
2026-05-21 11:59:34,768 | INFO     |   → Готово → /home/runner/work/vpn-vless-configs-russia/vpn-vless-configs-russia/githubmirror/ru-sni-local
2026-05-21 11:59:34,768 | INFO     | ✅ filter_ru_sni_local.py завершён успешно
2026-05-21 11:59:34,768 | INFO     | 
2026-05-21 11:59:34,768 | INFO     | 
2026-05-21 11:59:34,768 | INFO     | ──────────────────────────────────────────────────────────────────────
2026-05-21 11:59:34,768 | INFO     | 📌 ЭТАП: Сбор статистики
2026-05-21 11:59:34,768 | INFO     | ──────────────────────────────────────────────────────────────────────
2026-05-21 11:59:34,768 | INFO     | 📊 Сбор статистики...
2026-05-21 11:59:34,768 | INFO     |   📁 githubmirror/clean:
2026-05-21 11:59:34,769 | INFO     |     • hysteria2   :     2 конфигов
2026-05-21 11:59:34,769 | INFO     |     • ss          :     3 конфигов
2026-05-21 11:59:34,769 | INFO     |     • vless       :    61 конфигов
2026-05-21 11:59:34,769 | INFO     |     • vmess       :     5 конфигов
2026-05-21 11:59:34,769 | INFO     |   📁 githubmirror/ru-sni:
2026-05-21 11:59:34,770 | INFO     |     • hysteria2   :     0 конфигов (  0.0% от clean)
2026-05-21 11:59:34,770 | INFO     |     • ss          :     0 конфигов (  0.0% от clean)
2026-05-21 11:59:34,770 | INFO     |     • vless       :     3 конфигов (  4.9% от clean)
2026-05-21 11:59:34,770 | INFO     |     • vmess       :     0 конфигов (  0.0% от clean)
2026-05-21 11:59:34,770 | INFO     |   ✨ Новых CF-VLESS в этом запуске: 50
2026-05-21 11:59:34,770 | INFO     | 
2026-05-21 11:59:34,770 | INFO     |   ──────────────────────────────────────────────────
2026-05-21 11:59:34,770 | INFO     |   📈 ИТОГО:
2026-05-21 11:59:34,770 | INFO     |     Clean (после geo-фильтра):       71
2026-05-21 11:59:34,771 | INFO     |     RU-SNI (после SNI-фильтра):       3
2026-05-21 11:59:34,771 | INFO     |     Прошло фильтр:                  4.2%
2026-05-21 11:59:34,771 | INFO     |   ──────────────────────────────────────────────────
2026-05-21 11:59:34,771 | INFO     | ✅ Статистика сохранена: /home/runner/work/vpn-vless-configs-russia/vpn-vless-configs-russia/stats.json
2026-05-21 11:59:34,771 | INFO     | 
2026-05-21 11:59:34,771 | INFO     | ======================================================================
2026-05-21 11:59:34,771 | INFO     | 📊 ИТОГОВЫЙ ОТЧЁТ
2026-05-21 11:59:34,771 | INFO     | ======================================================================
2026-05-21 11:59:34,771 | INFO     |   ✅ OK         | Загрузка и geo-фильтрация
2026-05-21 11:59:34,771 | INFO     |   ✅ OK         | Генерация 50 уникальных CF-VLESS
2026-05-21 11:59:34,771 | INFO     |   ✅ OK         | Слияние CF с основным списком
2026-05-21 11:59:34,771 | INFO     |   ✅ OK         | Фильтрация по реальному SNI
2026-05-21 11:59:34,771 | INFO     |   ✅ OK         | Экспериментальный RU-SNI фильтр
2026-05-21 11:59:34,771 | INFO     |   ✅ OK         | Сбор статистики
2026-05-21 11:59:34,772 | INFO     | ──────────────────────────────────────────────────────────────────────
2026-05-21 11:59:34,772 | INFO     | ✅ ВСЕ ЭТАПЫ УСПЕШНЫ (6/6)
2026-05-21 11:59:34,772 | INFO     | ⏰ Время завершения: 2026-05-21 11:59:34
2026-05-21 11:59:34,772 | INFO     | ======================================================================
