2026-05-21 22:57:59,986 | INFO     | ======================================================================
2026-05-21 22:57:59,986 | INFO     | 🔍 VPN KEY CHECKER - Начало проверки
2026-05-21 22:57:59,986 | INFO     | ⏰ Время старта: 2026-05-21 22:57:59
2026-05-21 22:57:59,987 | INFO     | 📂 Рабочая директория: /home/runner/work/vpn-vless-configs-russia/vpn-vless-configs-russia
2026-05-21 22:57:59,987 | INFO     | ======================================================================
2026-05-21 22:57:59,987 | INFO     | 
2026-05-21 22:57:59,987 | INFO     | 🔍 Проверка наличия скриптов...
2026-05-21 22:57:59,987 | INFO     |   ✅ mirror.py
2026-05-21 22:57:59,987 | INFO     |   ✅ generate_cf_vless.py
2026-05-21 22:57:59,987 | INFO     |   ✅ filter_ru_sni.py
2026-05-21 22:57:59,987 | INFO     |   ✅ filter_ru_sni_local.py
2026-05-21 22:57:59,987 | INFO     | 
2026-05-21 22:57:59,987 | INFO     | 
2026-05-21 22:57:59,987 | INFO     | ──────────────────────────────────────────────────────────────────────
2026-05-21 22:57:59,987 | INFO     | 📌 ЭТАП: Загрузка и geo-фильтрация
2026-05-21 22:57:59,987 | INFO     | ──────────────────────────────────────────────────────────────────────
2026-05-21 22:57:59,987 | INFO     | 🚀 Запуск mirror.py (Загрузка и фильтрация по РФ/СНГ/Европа)...
2026-05-21 22:58:04,056 | INFO     |   → 🚀 Старт: всего источников (старые + новые): 12
2026-05-21 22:58:04,057 | INFO     |   → 1/12: ✅ 0 взято | 🗑️ 0 мусор
2026-05-21 22:58:04,057 | INFO     |   → 2/12: ✅ 0 взято | 🗑️ 0 мусор
2026-05-21 22:58:04,057 | INFO     |   → 3/12: ✅ 0 взято | 🗑️ 0 мусор
2026-05-21 22:58:04,057 | INFO     |   → 4/12: ✅ 21 взято | 🗑️ 211 мусор
2026-05-21 22:58:04,057 | INFO     |   → 5/12: ✅ 3 взято | 🗑️ 174 мусор
2026-05-21 22:58:04,057 | INFO     |   → 6/12: ✅ 0 взято | 🗑️ 0 мусор
2026-05-21 22:58:04,057 | INFO     |   → 7/12: ✅ 6 взято | 🗑️ 24 мусор
2026-05-21 22:58:04,057 | INFO     |   → 8/12: ✅ 0 взято | 🗑️ 24 мусор
2026-05-21 22:58:04,057 | INFO     |   → 9/12: ✅ 0 взято | 🗑️ 0 мусор
2026-05-21 22:58:04,057 | INFO     |   → 10/12: ✅ 3 взято | 🗑️ 268 мусор
2026-05-21 22:58:04,057 | INFO     |   → 11/12: ✅ 4 взято | 🗑️ 17 мусор
2026-05-21 22:58:04,057 | INFO     |   → 12/12: ✅ 0 взято | 🗑️ 0 мусор
2026-05-21 22:58:04,057 | INFO     |   → ✅ ГОТОВО!
2026-05-21 22:58:04,057 | INFO     |   →    📥 Всего ключей после фильтра: 37
2026-05-21 22:58:04,057 | INFO     |   →    🔗 Уникальных IP:PORT:SCHEME: 32
2026-05-21 22:58:04,057 | INFO     |   →    🗑️ Выброшено мусора: 718
2026-05-21 22:58:04,057 | INFO     |   → 📊 По протоколам:
2026-05-21 22:58:04,057 | INFO     |   →    vless: 18
2026-05-21 22:58:04,057 | INFO     |   →    vmess: 10
2026-05-21 22:58:04,057 | INFO     |   →    ss: 2
2026-05-21 22:58:04,058 | INFO     |   →    hysteria2: 2
2026-05-21 22:58:04,058 | INFO     | ✅ mirror.py завершён успешно
2026-05-21 22:58:04,058 | INFO     | 
2026-05-21 22:58:04,058 | INFO     | 
2026-05-21 22:58:04,058 | INFO     | ──────────────────────────────────────────────────────────────────────
2026-05-21 22:58:04,058 | INFO     | 📌 ЭТАП: Генерация 50 уникальных CF-VLESS
2026-05-21 22:58:04,058 | INFO     | ──────────────────────────────────────────────────────────────────────
2026-05-21 22:58:04,058 | INFO     | 🚀 Запуск generate_cf_vless.py (50 новых CF-VLESS)...
2026-05-21 22:58:05,117 | INFO     |   → ======================================================================
2026-05-21 22:58:05,117 | INFO     |   → 🗺️  Генератор свежих VLESS-конфигов на IP Cloudflare
2026-05-21 22:58:05,117 | INFO     |   → ======================================================================
2026-05-21 22:58:05,117 | INFO     |   →   → Загружаем актуальные IP-диапазоны Cloudflare: https://www.cloudflare.com/ips-v4
2026-05-21 22:58:05,117 | INFO     |   →   → Найдено 15 IPv4 CIDR-блоков. Преобразуем их в IP-адреса...
2026-05-21 22:58:05,117 | INFO     |   → ✅ Успешно загружено и подготовлено 7500 IP-адресов для ротации.
2026-05-21 22:58:05,118 | INFO     |   → ✨ Сгенерировано и сохранено 50 VLESS-конфигов.
2026-05-21 22:58:05,118 | INFO     |   → 📂 Файл: /home/runner/work/vpn-vless-configs-russia/vpn-vless-configs-russia/githubmirror/new/cf_fresh.txt
2026-05-21 22:58:05,118 | INFO     |   → ======================================================================
2026-05-21 22:58:05,118 | INFO     | ✅ generate_cf_vless.py завершён успешно
2026-05-21 22:58:05,118 | INFO     | 
2026-05-21 22:58:05,118 | INFO     | 
2026-05-21 22:58:05,118 | INFO     | ──────────────────────────────────────────────────────────────────────
2026-05-21 22:58:05,118 | INFO     | 📌 ЭТАП: Слияние CF с основным списком
2026-05-21 22:58:05,118 | INFO     | ──────────────────────────────────────────────────────────────────────
2026-05-21 22:58:05,120 | INFO     | 🔄 Добавлено 50 новых CF-VLESS в /home/runner/work/vpn-vless-configs-russia/vpn-vless-configs-russia/githubmirror/clean/vless.txt
2026-05-21 22:58:05,120 | INFO     | 📊 Всего в clean/vless.txt теперь: 68
2026-05-21 22:58:05,120 | INFO     | 
2026-05-21 22:58:05,120 | INFO     | 
2026-05-21 22:58:05,121 | INFO     | ──────────────────────────────────────────────────────────────────────
2026-05-21 22:58:05,121 | INFO     | 📌 ЭТАП: Фильтрация по реальному SNI
2026-05-21 22:58:05,121 | INFO     | ──────────────────────────────────────────────────────────────────────
2026-05-21 22:58:05,121 | INFO     | 🚀 Запуск filter_ru_sni.py (Фильтр по реальному SNI (CDN+RU))...
2026-05-21 22:58:05,150 | INFO     |   → hysteria2.txt: 2 → 1 (SNI-filtered)
2026-05-21 22:58:05,150 | INFO     |   →   ss.txt: 2 → 0 (SNI-filtered)
2026-05-21 22:58:05,150 | INFO     |   →   vless.txt: 68 → 4 (SNI-filtered)
2026-05-21 22:58:05,150 | INFO     |   →   vmess.txt: 10 → 0 (SNI-filtered)
2026-05-21 22:58:05,150 | INFO     |   → ==================================================
2026-05-21 22:58:05,150 | INFO     |   →   Всего входных:  82
2026-05-21 22:58:05,150 | INFO     |   →   Прошли фильтр:  5
2026-05-21 22:58:05,150 | INFO     |   →   Отброшено:      77
2026-05-21 22:58:05,150 | INFO     |   → ==================================================
2026-05-21 22:58:05,151 | INFO     |   → Готово → /home/runner/work/vpn-vless-configs-russia/vpn-vless-configs-russia/githubmirror/ru-sni
2026-05-21 22:58:05,151 | INFO     | ✅ filter_ru_sni.py завершён успешно
2026-05-21 22:58:05,151 | INFO     | 
2026-05-21 22:58:05,151 | INFO     | 
2026-05-21 22:58:05,151 | INFO     | ──────────────────────────────────────────────────────────────────────
2026-05-21 22:58:05,151 | INFO     | 📌 ЭТАП: Экспериментальный RU-SNI фильтр
2026-05-21 22:58:05,151 | INFO     | ──────────────────────────────────────────────────────────────────────
2026-05-21 22:58:05,151 | INFO     | 🚀 Запуск filter_ru_sni_local.py (Экспериментальный фильтр по RU-SNI (локальные домены))...
2026-05-21 22:58:05,181 | INFO     |   → hysteria2.txt: 2 → 0 (RU-SNI)
2026-05-21 22:58:05,181 | INFO     |   → ss.txt: 2 → 0 (RU-SNI)
2026-05-21 22:58:05,181 | INFO     |   → vless.txt: 68 → 2 (RU-SNI)
2026-05-21 22:58:05,181 | INFO     |   → vmess.txt: 10 → 0 (RU-SNI)
2026-05-21 22:58:05,181 | INFO     |   → ==================================================
2026-05-21 22:58:05,182 | INFO     |   → Всего входных:  82
2026-05-21 22:58:05,182 | INFO     |   → Прошли RU-SNI:  2
2026-05-21 22:58:05,182 | INFO     |   → Отброшено:      80
2026-05-21 22:58:05,182 | INFO     |   → ==================================================
2026-05-21 22:58:05,182 | INFO     |   → Готово → /home/runner/work/vpn-vless-configs-russia/vpn-vless-configs-russia/githubmirror/ru-sni-local
2026-05-21 22:58:05,182 | INFO     | ✅ filter_ru_sni_local.py завершён успешно
2026-05-21 22:58:05,182 | INFO     | 
2026-05-21 22:58:05,182 | INFO     | 
2026-05-21 22:58:05,182 | INFO     | ──────────────────────────────────────────────────────────────────────
2026-05-21 22:58:05,182 | INFO     | 📌 ЭТАП: Сбор статистики
2026-05-21 22:58:05,182 | INFO     | ──────────────────────────────────────────────────────────────────────
2026-05-21 22:58:05,182 | INFO     | 📊 Сбор статистики...
2026-05-21 22:58:05,182 | INFO     |   📁 githubmirror/clean:
2026-05-21 22:58:05,183 | INFO     |     • hysteria2   :     2 конфигов
2026-05-21 22:58:05,183 | INFO     |     • ss          :     2 конфигов
2026-05-21 22:58:05,183 | INFO     |     • vless       :    68 конфигов
2026-05-21 22:58:05,183 | INFO     |     • vmess       :    10 конфигов
2026-05-21 22:58:05,183 | INFO     |   📁 githubmirror/ru-sni:
2026-05-21 22:58:05,183 | INFO     |     • hysteria2   :     1 конфигов ( 50.0% от clean)
2026-05-21 22:58:05,184 | INFO     |     • ss          :     0 конфигов (  0.0% от clean)
2026-05-21 22:58:05,184 | INFO     |     • vless       :     4 конфигов (  5.9% от clean)
2026-05-21 22:58:05,184 | INFO     |     • vmess       :     0 конфигов (  0.0% от clean)
2026-05-21 22:58:05,184 | INFO     |   ✨ Новых CF-VLESS в этом запуске: 50
2026-05-21 22:58:05,184 | INFO     | 
2026-05-21 22:58:05,184 | INFO     |   ──────────────────────────────────────────────────
2026-05-21 22:58:05,184 | INFO     |   📈 ИТОГО:
2026-05-21 22:58:05,184 | INFO     |     Clean (после geo-фильтра):       82
2026-05-21 22:58:05,184 | INFO     |     RU-SNI (после SNI-фильтра):       5
2026-05-21 22:58:05,184 | INFO     |     Прошло фильтр:                  6.1%
2026-05-21 22:58:05,184 | INFO     |   ──────────────────────────────────────────────────
2026-05-21 22:58:05,185 | INFO     | ✅ Статистика сохранена: /home/runner/work/vpn-vless-configs-russia/vpn-vless-configs-russia/stats.json
2026-05-21 22:58:05,185 | INFO     | 
2026-05-21 22:58:05,185 | INFO     | ======================================================================
2026-05-21 22:58:05,185 | INFO     | 📊 ИТОГОВЫЙ ОТЧЁТ
2026-05-21 22:58:05,185 | INFO     | ======================================================================
2026-05-21 22:58:05,185 | INFO     |   ✅ OK         | Загрузка и geo-фильтрация
2026-05-21 22:58:05,185 | INFO     |   ✅ OK         | Генерация 50 уникальных CF-VLESS
2026-05-21 22:58:05,185 | INFO     |   ✅ OK         | Слияние CF с основным списком
2026-05-21 22:58:05,185 | INFO     |   ✅ OK         | Фильтрация по реальному SNI
2026-05-21 22:58:05,185 | INFO     |   ✅ OK         | Экспериментальный RU-SNI фильтр
2026-05-21 22:58:05,185 | INFO     |   ✅ OK         | Сбор статистики
2026-05-21 22:58:05,185 | INFO     | ──────────────────────────────────────────────────────────────────────
2026-05-21 22:58:05,185 | INFO     | ✅ ВСЕ ЭТАПЫ УСПЕШНЫ (6/6)
2026-05-21 22:58:05,185 | INFO     | ⏰ Время завершения: 2026-05-21 22:58:05
2026-05-21 22:58:05,185 | INFO     | ======================================================================
