2026-07-01 22:19:52,786 | INFO     | ======================================================================
2026-07-01 22:19:52,786 | INFO     | 🔍 VPN KEY CHECKER - Начало проверки
2026-07-01 22:19:52,787 | INFO     | ⏰ Время старта: 2026-07-01 22:19:52
2026-07-01 22:19:52,787 | INFO     | 📂 Рабочая директория: /home/runner/work/vpn-vless-configs-russia/vpn-vless-configs-russia
2026-07-01 22:19:52,787 | INFO     | ======================================================================
2026-07-01 22:19:52,787 | INFO     | 
2026-07-01 22:19:52,787 | INFO     | 🔍 Проверка наличия скриптов...
2026-07-01 22:19:52,787 | INFO     |   ✅ mirror.py
2026-07-01 22:19:52,787 | INFO     |   ✅ generate_cf_vless.py
2026-07-01 22:19:52,787 | INFO     |   ✅ filter_ru_sni.py
2026-07-01 22:19:52,787 | INFO     |   ✅ filter_ru_sni_local.py
2026-07-01 22:19:52,787 | INFO     | 
2026-07-01 22:19:52,787 | INFO     | 
2026-07-01 22:19:52,787 | INFO     | ──────────────────────────────────────────────────────────────────────
2026-07-01 22:19:52,787 | INFO     | 📌 ЭТАП: Загрузка и geo-фильтрация
2026-07-01 22:19:52,787 | INFO     | ──────────────────────────────────────────────────────────────────────
2026-07-01 22:19:52,788 | INFO     | 🚀 Запуск mirror.py (Загрузка и фильтрация по РФ/СНГ/Европа)...
2026-07-01 22:19:56,232 | INFO     |   → 🚀 Старт: всего источников (старые + новые): 8
2026-07-01 22:19:56,232 | INFO     |   → 1/8: ✅ 0 взято | 🗑️ 0 мусор
2026-07-01 22:19:56,232 | INFO     |   → 2/8: ✅ 0 взято | 🗑️ 0 мусор
2026-07-01 22:19:56,232 | INFO     |   → 3/8: ✅ 2 взято | 🗑️ 114 мусор
2026-07-01 22:19:56,232 | INFO     |   → 4/8: ✅ 0 взято | 🗑️ 0 мусор
2026-07-01 22:19:56,232 | INFO     |   → 5/8: ✅ 2 взято | 🗑️ 183 мусор
2026-07-01 22:19:56,232 | INFO     |   → 6/8: ✅ 0 взято | 🗑️ 0 мусор
2026-07-01 22:19:56,232 | INFO     |   → 7/8: ✅ 13 взято | 🗑️ 7 мусор
2026-07-01 22:19:56,232 | INFO     |   → 8/8: ✅ 13 взято | 🗑️ 10 мусор
2026-07-01 22:19:56,232 | INFO     |   → ✅ ГОТОВО!
2026-07-01 22:19:56,233 | INFO     |   →    📥 Всего ключей после фильтра: 30
2026-07-01 22:19:56,233 | INFO     |   →    🔗 Уникальных IP:PORT:SCHEME: 30
2026-07-01 22:19:56,233 | INFO     |   →    🗑️ Выброшено мусора: 314
2026-07-01 22:19:56,233 | INFO     |   → 📊 По протоколам:
2026-07-01 22:19:56,233 | INFO     |   →    vless: 22
2026-07-01 22:19:56,233 | INFO     |   →    vmess: 1
2026-07-01 22:19:56,233 | INFO     |   →    trojan: 3
2026-07-01 22:19:56,233 | INFO     |   →    ss: 3
2026-07-01 22:19:56,233 | INFO     |   →    hysteria2: 1
2026-07-01 22:19:56,233 | INFO     | ✅ mirror.py завершён успешно
2026-07-01 22:19:56,233 | INFO     | 
2026-07-01 22:19:56,233 | INFO     | 
2026-07-01 22:19:56,233 | INFO     | ──────────────────────────────────────────────────────────────────────
2026-07-01 22:19:56,233 | INFO     | 📌 ЭТАП: Генерация 50 уникальных CF-VLESS
2026-07-01 22:19:56,233 | INFO     | ──────────────────────────────────────────────────────────────────────
2026-07-01 22:19:56,233 | INFO     | 🚀 Запуск generate_cf_vless.py (50 новых CF-VLESS)...
2026-07-01 22:19:57,225 | INFO     |   → ======================================================================
2026-07-01 22:19:57,225 | INFO     |   → 🗺️  Генератор свежих VLESS-конфигов на IP Cloudflare
2026-07-01 22:19:57,226 | INFO     |   → ======================================================================
2026-07-01 22:19:57,226 | INFO     |   →   → Загружаем актуальные IP-диапазоны Cloudflare: https://www.cloudflare.com/ips-v4
2026-07-01 22:19:57,226 | INFO     |   →   → Найдено 15 IPv4 CIDR-блоков. Преобразуем их в IP-адреса...
2026-07-01 22:19:57,226 | INFO     |   → ✅ Успешно загружено и подготовлено 7500 IP-адресов для ротации.
2026-07-01 22:19:57,226 | INFO     |   → ✨ Сгенерировано и сохранено 50 VLESS-конфигов.
2026-07-01 22:19:57,226 | INFO     |   → 📂 Файл: /home/runner/work/vpn-vless-configs-russia/vpn-vless-configs-russia/githubmirror/new/cf_fresh.txt
2026-07-01 22:19:57,226 | INFO     |   → ======================================================================
2026-07-01 22:19:57,226 | INFO     | ✅ generate_cf_vless.py завершён успешно
2026-07-01 22:19:57,226 | INFO     | 
2026-07-01 22:19:57,226 | INFO     | 
2026-07-01 22:19:57,226 | INFO     | ──────────────────────────────────────────────────────────────────────
2026-07-01 22:19:57,226 | INFO     | 📌 ЭТАП: Слияние CF с основным списком
2026-07-01 22:19:57,226 | INFO     | ──────────────────────────────────────────────────────────────────────
2026-07-01 22:19:57,227 | INFO     | 🔄 Добавлено 50 новых CF-VLESS в /home/runner/work/vpn-vless-configs-russia/vpn-vless-configs-russia/githubmirror/clean/vless.txt
2026-07-01 22:19:57,228 | INFO     | 📊 Всего в clean/vless.txt теперь: 72
2026-07-01 22:19:57,228 | INFO     | 
2026-07-01 22:19:57,228 | INFO     | 
2026-07-01 22:19:57,228 | INFO     | ──────────────────────────────────────────────────────────────────────
2026-07-01 22:19:57,228 | INFO     | 📌 ЭТАП: Фильтрация по реальному SNI
2026-07-01 22:19:57,228 | INFO     | ──────────────────────────────────────────────────────────────────────
2026-07-01 22:19:57,228 | INFO     | 🚀 Запуск filter_ru_sni.py (Фильтр по реальному SNI (CDN+RU))...
2026-07-01 22:19:57,257 | INFO     |   → hysteria2.txt: 1 → 0 (SNI-filtered)
2026-07-01 22:19:57,257 | INFO     |   →   ss.txt: 3 → 0 (SNI-filtered)
2026-07-01 22:19:57,257 | INFO     |   →   trojan.txt: 3 → 0 (SNI-filtered)
2026-07-01 22:19:57,257 | INFO     |   →   vless.txt: 72 → 3 (SNI-filtered)
2026-07-01 22:19:57,257 | INFO     |   →   vmess.txt: 1 → 0 (SNI-filtered)
2026-07-01 22:19:57,257 | INFO     |   → ==================================================
2026-07-01 22:19:57,257 | INFO     |   →   Всего входных:  80
2026-07-01 22:19:57,257 | INFO     |   →   Прошли фильтр:  3
2026-07-01 22:19:57,257 | INFO     |   →   Отброшено:      77
2026-07-01 22:19:57,257 | INFO     |   → ==================================================
2026-07-01 22:19:57,257 | INFO     |   → Готово → /home/runner/work/vpn-vless-configs-russia/vpn-vless-configs-russia/githubmirror/ru-sni
2026-07-01 22:19:57,257 | INFO     | ✅ filter_ru_sni.py завершён успешно
2026-07-01 22:19:57,258 | INFO     | 
2026-07-01 22:19:57,258 | INFO     | 
2026-07-01 22:19:57,258 | INFO     | ──────────────────────────────────────────────────────────────────────
2026-07-01 22:19:57,258 | INFO     | 📌 ЭТАП: Экспериментальный RU-SNI фильтр
2026-07-01 22:19:57,258 | INFO     | ──────────────────────────────────────────────────────────────────────
2026-07-01 22:19:57,258 | INFO     | 🚀 Запуск filter_ru_sni_local.py (Экспериментальный фильтр по RU-SNI (локальные домены))...
2026-07-01 22:19:57,284 | INFO     |   → hysteria2.txt: 1 → 0 (RU-SNI)
2026-07-01 22:19:57,284 | INFO     |   → ss.txt: 3 → 0 (RU-SNI)
2026-07-01 22:19:57,285 | INFO     |   → trojan.txt: 3 → 0 (RU-SNI)
2026-07-01 22:19:57,285 | INFO     |   → vless.txt: 72 → 1 (RU-SNI)
2026-07-01 22:19:57,285 | INFO     |   → vmess.txt: 1 → 0 (RU-SNI)
2026-07-01 22:19:57,285 | INFO     |   → ==================================================
2026-07-01 22:19:57,285 | INFO     |   → Всего входных:  80
2026-07-01 22:19:57,285 | INFO     |   → Прошли RU-SNI:  1
2026-07-01 22:19:57,285 | INFO     |   → Отброшено:      79
2026-07-01 22:19:57,285 | INFO     |   → ==================================================
2026-07-01 22:19:57,285 | INFO     |   → Готово → /home/runner/work/vpn-vless-configs-russia/vpn-vless-configs-russia/githubmirror/ru-sni-local
2026-07-01 22:19:57,285 | INFO     | ✅ filter_ru_sni_local.py завершён успешно
2026-07-01 22:19:57,285 | INFO     | 
2026-07-01 22:19:57,285 | INFO     | 
2026-07-01 22:19:57,285 | INFO     | ──────────────────────────────────────────────────────────────────────
2026-07-01 22:19:57,285 | INFO     | 📌 ЭТАП: Сбор статистики
2026-07-01 22:19:57,285 | INFO     | ──────────────────────────────────────────────────────────────────────
2026-07-01 22:19:57,285 | INFO     | 📊 Сбор статистики...
2026-07-01 22:19:57,285 | INFO     |   📁 githubmirror/clean:
2026-07-01 22:19:57,286 | INFO     |     • hysteria2   :     1 конфигов
2026-07-01 22:19:57,286 | INFO     |     • ss          :     3 конфигов
2026-07-01 22:19:57,286 | INFO     |     • trojan      :     3 конфигов
2026-07-01 22:19:57,286 | INFO     |     • vless       :    72 конфигов
2026-07-01 22:19:57,286 | INFO     |     • vmess       :     1 конфигов
2026-07-01 22:19:57,286 | INFO     |   📁 githubmirror/ru-sni:
2026-07-01 22:19:57,286 | INFO     |     • hysteria2   :     0 конфигов (  0.0% от clean)
2026-07-01 22:19:57,287 | INFO     |     • ss          :     0 конфигов (  0.0% от clean)
2026-07-01 22:19:57,287 | INFO     |     • trojan      :     0 конфигов (  0.0% от clean)
2026-07-01 22:19:57,287 | INFO     |     • vless       :     3 конфигов (  4.2% от clean)
2026-07-01 22:19:57,287 | INFO     |     • vmess       :     0 конфигов (  0.0% от clean)
2026-07-01 22:19:57,287 | INFO     |   ✨ Новых CF-VLESS в этом запуске: 50
2026-07-01 22:19:57,287 | INFO     | 
2026-07-01 22:19:57,287 | INFO     |   ──────────────────────────────────────────────────
2026-07-01 22:19:57,287 | INFO     |   📈 ИТОГО:
2026-07-01 22:19:57,287 | INFO     |     Clean (после geo-фильтра):       80
2026-07-01 22:19:57,287 | INFO     |     RU-SNI (после SNI-фильтра):       3
2026-07-01 22:19:57,288 | INFO     |     Прошло фильтр:                  3.8%
2026-07-01 22:19:57,288 | INFO     |   ──────────────────────────────────────────────────
2026-07-01 22:19:57,288 | INFO     | ✅ Статистика сохранена: /home/runner/work/vpn-vless-configs-russia/vpn-vless-configs-russia/stats.json
2026-07-01 22:19:57,288 | INFO     | 
2026-07-01 22:19:57,288 | INFO     | ======================================================================
2026-07-01 22:19:57,288 | INFO     | 📊 ИТОГОВЫЙ ОТЧЁТ
2026-07-01 22:19:57,288 | INFO     | ======================================================================
2026-07-01 22:19:57,288 | INFO     |   ✅ OK         | Загрузка и geo-фильтрация
2026-07-01 22:19:57,288 | INFO     |   ✅ OK         | Генерация 50 уникальных CF-VLESS
2026-07-01 22:19:57,288 | INFO     |   ✅ OK         | Слияние CF с основным списком
2026-07-01 22:19:57,288 | INFO     |   ✅ OK         | Фильтрация по реальному SNI
2026-07-01 22:19:57,288 | INFO     |   ✅ OK         | Экспериментальный RU-SNI фильтр
2026-07-01 22:19:57,288 | INFO     |   ✅ OK         | Сбор статистики
2026-07-01 22:19:57,288 | INFO     | ──────────────────────────────────────────────────────────────────────
2026-07-01 22:19:57,288 | INFO     | ✅ ВСЕ ЭТАПЫ УСПЕШНЫ (6/6)
2026-07-01 22:19:57,288 | INFO     | ⏰ Время завершения: 2026-07-01 22:19:57
2026-07-01 22:19:57,289 | INFO     | ======================================================================
