2026-06-26 07:56:37,003 | INFO     | ======================================================================
2026-06-26 07:56:37,003 | INFO     | 🔍 VPN KEY CHECKER - Начало проверки
2026-06-26 07:56:37,003 | INFO     | ⏰ Время старта: 2026-06-26 07:56:37
2026-06-26 07:56:37,004 | INFO     | 📂 Рабочая директория: /home/runner/work/vpn-vless-configs-russia/vpn-vless-configs-russia
2026-06-26 07:56:37,004 | INFO     | ======================================================================
2026-06-26 07:56:37,004 | INFO     | 
2026-06-26 07:56:37,004 | INFO     | 🔍 Проверка наличия скриптов...
2026-06-26 07:56:37,004 | INFO     |   ✅ mirror.py
2026-06-26 07:56:37,004 | INFO     |   ✅ generate_cf_vless.py
2026-06-26 07:56:37,004 | INFO     |   ✅ filter_ru_sni.py
2026-06-26 07:56:37,004 | INFO     |   ✅ filter_ru_sni_local.py
2026-06-26 07:56:37,004 | INFO     | 
2026-06-26 07:56:37,004 | INFO     | 
2026-06-26 07:56:37,004 | INFO     | ──────────────────────────────────────────────────────────────────────
2026-06-26 07:56:37,004 | INFO     | 📌 ЭТАП: Загрузка и geo-фильтрация
2026-06-26 07:56:37,004 | INFO     | ──────────────────────────────────────────────────────────────────────
2026-06-26 07:56:37,004 | INFO     | 🚀 Запуск mirror.py (Загрузка и фильтрация по РФ/СНГ/Европа)...
2026-06-26 07:56:40,343 | INFO     |   → 🚀 Старт: всего источников (старые + новые): 8
2026-06-26 07:56:40,344 | INFO     |   → 1/8: ✅ 0 взято | 🗑️ 0 мусор
2026-06-26 07:56:40,344 | INFO     |   → 2/8: ✅ 0 взято | 🗑️ 0 мусор
2026-06-26 07:56:40,344 | INFO     |   → 3/8: ✅ 0 взято | 🗑️ 0 мусор
2026-06-26 07:56:40,344 | INFO     |   → 4/8: ✅ 2 взято | 🗑️ 96 мусор
2026-06-26 07:56:40,344 | INFO     |   → 5/8: ✅ 2 взято | 🗑️ 131 мусор
2026-06-26 07:56:40,344 | INFO     |   → 6/8: ✅ 0 взято | 🗑️ 0 мусор
2026-06-26 07:56:40,344 | INFO     |   → 7/8: ✅ 13 взято | 🗑️ 10 мусор
2026-06-26 07:56:40,344 | INFO     |   → 8/8: ✅ 0 взято | 🗑️ 10 мусор
2026-06-26 07:56:40,344 | INFO     |   → ✅ ГОТОВО!
2026-06-26 07:56:40,344 | INFO     |   →    📥 Всего ключей после фильтра: 17
2026-06-26 07:56:40,344 | INFO     |   →    🔗 Уникальных IP:PORT:SCHEME: 16
2026-06-26 07:56:40,344 | INFO     |   →    🗑️ Выброшено мусора: 247
2026-06-26 07:56:40,344 | INFO     |   → 📊 По протоколам:
2026-06-26 07:56:40,344 | INFO     |   →    vless: 15
2026-06-26 07:56:40,344 | INFO     |   →    trojan: 1
2026-06-26 07:56:40,344 | INFO     | ✅ mirror.py завершён успешно
2026-06-26 07:56:40,344 | INFO     | 
2026-06-26 07:56:40,344 | INFO     | 
2026-06-26 07:56:40,344 | INFO     | ──────────────────────────────────────────────────────────────────────
2026-06-26 07:56:40,344 | INFO     | 📌 ЭТАП: Генерация 50 уникальных CF-VLESS
2026-06-26 07:56:40,344 | INFO     | ──────────────────────────────────────────────────────────────────────
2026-06-26 07:56:40,344 | INFO     | 🚀 Запуск generate_cf_vless.py (50 новых CF-VLESS)...
2026-06-26 07:56:41,322 | INFO     |   → ======================================================================
2026-06-26 07:56:41,322 | INFO     |   → 🗺️  Генератор свежих VLESS-конфигов на IP Cloudflare
2026-06-26 07:56:41,323 | INFO     |   → ======================================================================
2026-06-26 07:56:41,323 | INFO     |   →   → Загружаем актуальные IP-диапазоны Cloudflare: https://www.cloudflare.com/ips-v4
2026-06-26 07:56:41,323 | INFO     |   →   → Найдено 15 IPv4 CIDR-блоков. Преобразуем их в IP-адреса...
2026-06-26 07:56:41,323 | INFO     |   → ✅ Успешно загружено и подготовлено 7500 IP-адресов для ротации.
2026-06-26 07:56:41,323 | INFO     |   → ✨ Сгенерировано и сохранено 50 VLESS-конфигов.
2026-06-26 07:56:41,323 | INFO     |   → 📂 Файл: /home/runner/work/vpn-vless-configs-russia/vpn-vless-configs-russia/githubmirror/new/cf_fresh.txt
2026-06-26 07:56:41,323 | INFO     |   → ======================================================================
2026-06-26 07:56:41,323 | INFO     | ✅ generate_cf_vless.py завершён успешно
2026-06-26 07:56:41,323 | INFO     | 
2026-06-26 07:56:41,323 | INFO     | 
2026-06-26 07:56:41,323 | INFO     | ──────────────────────────────────────────────────────────────────────
2026-06-26 07:56:41,323 | INFO     | 📌 ЭТАП: Слияние CF с основным списком
2026-06-26 07:56:41,323 | INFO     | ──────────────────────────────────────────────────────────────────────
2026-06-26 07:56:41,325 | INFO     | 🔄 Добавлено 50 новых CF-VLESS в /home/runner/work/vpn-vless-configs-russia/vpn-vless-configs-russia/githubmirror/clean/vless.txt
2026-06-26 07:56:41,325 | INFO     | 📊 Всего в clean/vless.txt теперь: 65
2026-06-26 07:56:41,325 | INFO     | 
2026-06-26 07:56:41,325 | INFO     | 
2026-06-26 07:56:41,325 | INFO     | ──────────────────────────────────────────────────────────────────────
2026-06-26 07:56:41,325 | INFO     | 📌 ЭТАП: Фильтрация по реальному SNI
2026-06-26 07:56:41,325 | INFO     | ──────────────────────────────────────────────────────────────────────
2026-06-26 07:56:41,325 | INFO     | 🚀 Запуск filter_ru_sni.py (Фильтр по реальному SNI (CDN+RU))...
2026-06-26 07:56:41,353 | INFO     |   → trojan.txt: 1 → 0 (SNI-filtered)
2026-06-26 07:56:41,353 | INFO     |   →   vless.txt: 65 → 1 (SNI-filtered)
2026-06-26 07:56:41,353 | INFO     |   → ==================================================
2026-06-26 07:56:41,353 | INFO     |   →   Всего входных:  66
2026-06-26 07:56:41,353 | INFO     |   →   Прошли фильтр:  1
2026-06-26 07:56:41,353 | INFO     |   →   Отброшено:      65
2026-06-26 07:56:41,353 | INFO     |   → ==================================================
2026-06-26 07:56:41,353 | INFO     |   → Готово → /home/runner/work/vpn-vless-configs-russia/vpn-vless-configs-russia/githubmirror/ru-sni
2026-06-26 07:56:41,353 | INFO     | ✅ filter_ru_sni.py завершён успешно
2026-06-26 07:56:41,353 | INFO     | 
2026-06-26 07:56:41,353 | INFO     | 
2026-06-26 07:56:41,354 | INFO     | ──────────────────────────────────────────────────────────────────────
2026-06-26 07:56:41,354 | INFO     | 📌 ЭТАП: Экспериментальный RU-SNI фильтр
2026-06-26 07:56:41,354 | INFO     | ──────────────────────────────────────────────────────────────────────
2026-06-26 07:56:41,354 | INFO     | 🚀 Запуск filter_ru_sni_local.py (Экспериментальный фильтр по RU-SNI (локальные домены))...
2026-06-26 07:56:41,380 | INFO     |   → trojan.txt: 1 → 0 (RU-SNI)
2026-06-26 07:56:41,380 | INFO     |   → vless.txt: 65 → 0 (RU-SNI)
2026-06-26 07:56:41,380 | INFO     |   → ==================================================
2026-06-26 07:56:41,380 | INFO     |   → Всего входных:  66
2026-06-26 07:56:41,380 | INFO     |   → Прошли RU-SNI:  0
2026-06-26 07:56:41,380 | INFO     |   → Отброшено:      66
2026-06-26 07:56:41,380 | INFO     |   → ==================================================
2026-06-26 07:56:41,380 | INFO     |   → Готово → /home/runner/work/vpn-vless-configs-russia/vpn-vless-configs-russia/githubmirror/ru-sni-local
2026-06-26 07:56:41,380 | INFO     | ✅ filter_ru_sni_local.py завершён успешно
2026-06-26 07:56:41,380 | INFO     | 
2026-06-26 07:56:41,380 | INFO     | 
2026-06-26 07:56:41,380 | INFO     | ──────────────────────────────────────────────────────────────────────
2026-06-26 07:56:41,380 | INFO     | 📌 ЭТАП: Сбор статистики
2026-06-26 07:56:41,380 | INFO     | ──────────────────────────────────────────────────────────────────────
2026-06-26 07:56:41,380 | INFO     | 📊 Сбор статистики...
2026-06-26 07:56:41,381 | INFO     |   📁 githubmirror/clean:
2026-06-26 07:56:41,381 | INFO     |     • trojan      :     1 конфигов
2026-06-26 07:56:41,381 | INFO     |     • vless       :    65 конфигов
2026-06-26 07:56:41,381 | INFO     |   📁 githubmirror/ru-sni:
2026-06-26 07:56:41,381 | INFO     |     • trojan      :     0 конфигов (  0.0% от clean)
2026-06-26 07:56:41,381 | INFO     |     • vless       :     1 конфигов (  1.5% от clean)
2026-06-26 07:56:41,382 | INFO     |   ✨ Новых CF-VLESS в этом запуске: 50
2026-06-26 07:56:41,382 | INFO     | 
2026-06-26 07:56:41,382 | INFO     |   ──────────────────────────────────────────────────
2026-06-26 07:56:41,382 | INFO     |   📈 ИТОГО:
2026-06-26 07:56:41,382 | INFO     |     Clean (после geo-фильтра):       66
2026-06-26 07:56:41,382 | INFO     |     RU-SNI (после SNI-фильтра):       1
2026-06-26 07:56:41,382 | INFO     |     Прошло фильтр:                  1.5%
2026-06-26 07:56:41,382 | INFO     |   ──────────────────────────────────────────────────
2026-06-26 07:56:41,382 | INFO     | ✅ Статистика сохранена: /home/runner/work/vpn-vless-configs-russia/vpn-vless-configs-russia/stats.json
2026-06-26 07:56:41,382 | INFO     | 
2026-06-26 07:56:41,382 | INFO     | ======================================================================
2026-06-26 07:56:41,382 | INFO     | 📊 ИТОГОВЫЙ ОТЧЁТ
2026-06-26 07:56:41,382 | INFO     | ======================================================================
2026-06-26 07:56:41,382 | INFO     |   ✅ OK         | Загрузка и geo-фильтрация
2026-06-26 07:56:41,382 | INFO     |   ✅ OK         | Генерация 50 уникальных CF-VLESS
2026-06-26 07:56:41,383 | INFO     |   ✅ OK         | Слияние CF с основным списком
2026-06-26 07:56:41,383 | INFO     |   ✅ OK         | Фильтрация по реальному SNI
2026-06-26 07:56:41,383 | INFO     |   ✅ OK         | Экспериментальный RU-SNI фильтр
2026-06-26 07:56:41,383 | INFO     |   ✅ OK         | Сбор статистики
2026-06-26 07:56:41,383 | INFO     | ──────────────────────────────────────────────────────────────────────
2026-06-26 07:56:41,383 | INFO     | ✅ ВСЕ ЭТАПЫ УСПЕШНЫ (6/6)
2026-06-26 07:56:41,383 | INFO     | ⏰ Время завершения: 2026-06-26 07:56:41
2026-06-26 07:56:41,383 | INFO     | ======================================================================
