2026-05-19 15:01:40,616 | INFO     | ======================================================================
2026-05-19 15:01:40,616 | INFO     | 🔍 VPN KEY CHECKER - Начало проверки
2026-05-19 15:01:40,616 | INFO     | ⏰ Время старта: 2026-05-19 15:01:40
2026-05-19 15:01:40,616 | INFO     | 📂 Рабочая директория: /home/runner/work/vpn-vless-configs-russia/vpn-vless-configs-russia
2026-05-19 15:01:40,616 | INFO     | ======================================================================
2026-05-19 15:01:40,616 | INFO     | 
2026-05-19 15:01:40,616 | INFO     | 🔍 Проверка наличия скриптов...
2026-05-19 15:01:40,616 | INFO     |   ✅ mirror.py
2026-05-19 15:01:40,616 | INFO     |   ✅ generate_cf_vless.py
2026-05-19 15:01:40,617 | INFO     |   ✅ filter_ru_sni.py
2026-05-19 15:01:40,617 | INFO     |   ✅ filter_ru_sni_local.py
2026-05-19 15:01:40,617 | INFO     | 
2026-05-19 15:01:40,617 | INFO     | 
2026-05-19 15:01:40,617 | INFO     | ──────────────────────────────────────────────────────────────────────
2026-05-19 15:01:40,617 | INFO     | 📌 ЭТАП: Загрузка и geo-фильтрация
2026-05-19 15:01:40,617 | INFO     | ──────────────────────────────────────────────────────────────────────
2026-05-19 15:01:40,617 | INFO     | 🚀 Запуск mirror.py (Загрузка и фильтрация по РФ/СНГ/Европа)...
2026-05-19 15:01:44,477 | INFO     |   → 🚀 Старт: всего источников (старые + новые): 10
2026-05-19 15:01:44,477 | INFO     |   → 1/10: ✅ 0 взято | 🗑️ 0 мусор
2026-05-19 15:01:44,477 | INFO     |   → 2/10: ✅ 0 взято | 🗑️ 0 мусор
2026-05-19 15:01:44,477 | INFO     |   → 3/10: ✅ 13 взято | 🗑️ 193 мусор
2026-05-19 15:01:44,477 | INFO     |   → 4/10: ✅ 0 взято | 🗑️ 0 мусор
2026-05-19 15:01:44,477 | INFO     |   → 5/10: ✅ 3 взято | 🗑️ 161 мусор
2026-05-19 15:01:44,477 | INFO     |   → 6/10: ✅ 0 взято | 🗑️ 0 мусор
2026-05-19 15:01:44,477 | INFO     |   → 7/10: ✅ 6 взято | 🗑️ 17 мусор
2026-05-19 15:01:44,477 | INFO     |   → 8/10: ✅ 0 взято | 🗑️ 17 мусор
2026-05-19 15:01:44,477 | INFO     |   → 9/10: ✅ 6 взято | 🗑️ 15 мусор
2026-05-19 15:01:44,477 | INFO     |   → 10/10: ✅ 0 взято | 🗑️ 0 мусор
2026-05-19 15:01:44,477 | INFO     |   → ✅ ГОТОВО!
2026-05-19 15:01:44,477 | INFO     |   →    📥 Всего ключей после фильтра: 28
2026-05-19 15:01:44,477 | INFO     |   →    🔗 Уникальных IP:PORT:SCHEME: 26
2026-05-19 15:01:44,477 | INFO     |   →    🗑️ Выброшено мусора: 403
2026-05-19 15:01:44,477 | INFO     |   → 📊 По протоколам:
2026-05-19 15:01:44,477 | INFO     |   →    vless: 14
2026-05-19 15:01:44,477 | INFO     |   →    vmess: 9
2026-05-19 15:01:44,477 | INFO     |   →    ss: 1
2026-05-19 15:01:44,477 | INFO     |   →    hysteria2: 2
2026-05-19 15:01:44,477 | INFO     | ✅ mirror.py завершён успешно
2026-05-19 15:01:44,477 | INFO     | 
2026-05-19 15:01:44,478 | INFO     | 
2026-05-19 15:01:44,478 | INFO     | ──────────────────────────────────────────────────────────────────────
2026-05-19 15:01:44,478 | INFO     | 📌 ЭТАП: Генерация 50 уникальных CF-VLESS
2026-05-19 15:01:44,478 | INFO     | ──────────────────────────────────────────────────────────────────────
2026-05-19 15:01:44,478 | INFO     | 🚀 Запуск generate_cf_vless.py (50 новых CF-VLESS)...
2026-05-19 15:01:45,537 | INFO     |   → ======================================================================
2026-05-19 15:01:45,537 | INFO     |   → 🗺️  Генератор свежих VLESS-конфигов на IP Cloudflare
2026-05-19 15:01:45,537 | INFO     |   → ======================================================================
2026-05-19 15:01:45,537 | INFO     |   →   → Загружаем актуальные IP-диапазоны Cloudflare: https://www.cloudflare.com/ips-v4
2026-05-19 15:01:45,537 | INFO     |   →   → Найдено 15 IPv4 CIDR-блоков. Преобразуем их в IP-адреса...
2026-05-19 15:01:45,537 | INFO     |   → ✅ Успешно загружено и подготовлено 7500 IP-адресов для ротации.
2026-05-19 15:01:45,537 | INFO     |   → ✨ Сгенерировано и сохранено 50 VLESS-конфигов.
2026-05-19 15:01:45,537 | INFO     |   → 📂 Файл: /home/runner/work/vpn-vless-configs-russia/vpn-vless-configs-russia/githubmirror/new/cf_fresh.txt
2026-05-19 15:01:45,537 | INFO     |   → ======================================================================
2026-05-19 15:01:45,537 | INFO     | ✅ generate_cf_vless.py завершён успешно
2026-05-19 15:01:45,537 | INFO     | 
2026-05-19 15:01:45,537 | INFO     | 
2026-05-19 15:01:45,538 | INFO     | ──────────────────────────────────────────────────────────────────────
2026-05-19 15:01:45,538 | INFO     | 📌 ЭТАП: Слияние CF с основным списком
2026-05-19 15:01:45,538 | INFO     | ──────────────────────────────────────────────────────────────────────
2026-05-19 15:01:45,539 | INFO     | 🔄 Добавлено 50 новых CF-VLESS в /home/runner/work/vpn-vless-configs-russia/vpn-vless-configs-russia/githubmirror/clean/vless.txt
2026-05-19 15:01:45,539 | INFO     | 📊 Всего в clean/vless.txt теперь: 64
2026-05-19 15:01:45,540 | INFO     | 
2026-05-19 15:01:45,540 | INFO     | 
2026-05-19 15:01:45,540 | INFO     | ──────────────────────────────────────────────────────────────────────
2026-05-19 15:01:45,540 | INFO     | 📌 ЭТАП: Фильтрация по реальному SNI
2026-05-19 15:01:45,540 | INFO     | ──────────────────────────────────────────────────────────────────────
2026-05-19 15:01:45,540 | INFO     | 🚀 Запуск filter_ru_sni.py (Фильтр по реальному SNI (CDN+RU))...
2026-05-19 15:01:45,568 | INFO     |   → hysteria2.txt: 2 → 1 (SNI-filtered)
2026-05-19 15:01:45,569 | INFO     |   →   ss.txt: 1 → 0 (SNI-filtered)
2026-05-19 15:01:45,569 | INFO     |   →   vless.txt: 64 → 3 (SNI-filtered)
2026-05-19 15:01:45,569 | INFO     |   →   vmess.txt: 9 → 0 (SNI-filtered)
2026-05-19 15:01:45,569 | INFO     |   → ==================================================
2026-05-19 15:01:45,569 | INFO     |   →   Всего входных:  76
2026-05-19 15:01:45,569 | INFO     |   →   Прошли фильтр:  4
2026-05-19 15:01:45,569 | INFO     |   →   Отброшено:      72
2026-05-19 15:01:45,569 | INFO     |   → ==================================================
2026-05-19 15:01:45,569 | INFO     |   → Готово → /home/runner/work/vpn-vless-configs-russia/vpn-vless-configs-russia/githubmirror/ru-sni
2026-05-19 15:01:45,569 | INFO     | ✅ filter_ru_sni.py завершён успешно
2026-05-19 15:01:45,569 | INFO     | 
2026-05-19 15:01:45,569 | INFO     | 
2026-05-19 15:01:45,569 | INFO     | ──────────────────────────────────────────────────────────────────────
2026-05-19 15:01:45,569 | INFO     | 📌 ЭТАП: Экспериментальный RU-SNI фильтр
2026-05-19 15:01:45,570 | INFO     | ──────────────────────────────────────────────────────────────────────
2026-05-19 15:01:45,570 | INFO     | 🚀 Запуск filter_ru_sni_local.py (Экспериментальный фильтр по RU-SNI (локальные домены))...
2026-05-19 15:01:45,597 | INFO     |   → hysteria2.txt: 2 → 0 (RU-SNI)
2026-05-19 15:01:45,597 | INFO     |   → ss.txt: 1 → 0 (RU-SNI)
2026-05-19 15:01:45,597 | INFO     |   → vless.txt: 64 → 2 (RU-SNI)
2026-05-19 15:01:45,597 | INFO     |   → vmess.txt: 9 → 0 (RU-SNI)
2026-05-19 15:01:45,597 | INFO     |   → ==================================================
2026-05-19 15:01:45,597 | INFO     |   → Всего входных:  76
2026-05-19 15:01:45,597 | INFO     |   → Прошли RU-SNI:  2
2026-05-19 15:01:45,597 | INFO     |   → Отброшено:      74
2026-05-19 15:01:45,597 | INFO     |   → ==================================================
2026-05-19 15:01:45,598 | INFO     |   → Готово → /home/runner/work/vpn-vless-configs-russia/vpn-vless-configs-russia/githubmirror/ru-sni-local
2026-05-19 15:01:45,598 | INFO     | ✅ filter_ru_sni_local.py завершён успешно
2026-05-19 15:01:45,598 | INFO     | 
2026-05-19 15:01:45,598 | INFO     | 
2026-05-19 15:01:45,598 | INFO     | ──────────────────────────────────────────────────────────────────────
2026-05-19 15:01:45,598 | INFO     | 📌 ЭТАП: Сбор статистики
2026-05-19 15:01:45,598 | INFO     | ──────────────────────────────────────────────────────────────────────
2026-05-19 15:01:45,598 | INFO     | 📊 Сбор статистики...
2026-05-19 15:01:45,598 | INFO     |   📁 githubmirror/clean:
2026-05-19 15:01:45,599 | INFO     |     • hysteria2   :     2 конфигов
2026-05-19 15:01:45,599 | INFO     |     • ss          :     1 конфигов
2026-05-19 15:01:45,599 | INFO     |     • vless       :    64 конфигов
2026-05-19 15:01:45,599 | INFO     |     • vmess       :     9 конфигов
2026-05-19 15:01:45,599 | INFO     |   📁 githubmirror/ru-sni:
2026-05-19 15:01:45,599 | INFO     |     • hysteria2   :     1 конфигов ( 50.0% от clean)
2026-05-19 15:01:45,599 | INFO     |     • ss          :     0 конфигов (  0.0% от clean)
2026-05-19 15:01:45,600 | INFO     |     • vless       :     3 конфигов (  4.7% от clean)
2026-05-19 15:01:45,600 | INFO     |     • vmess       :     0 конфигов (  0.0% от clean)
2026-05-19 15:01:45,600 | INFO     |   ✨ Новых CF-VLESS в этом запуске: 50
2026-05-19 15:01:45,600 | INFO     | 
2026-05-19 15:01:45,600 | INFO     |   ──────────────────────────────────────────────────
2026-05-19 15:01:45,600 | INFO     |   📈 ИТОГО:
2026-05-19 15:01:45,600 | INFO     |     Clean (после geo-фильтра):       76
2026-05-19 15:01:45,600 | INFO     |     RU-SNI (после SNI-фильтра):       4
2026-05-19 15:01:45,600 | INFO     |     Прошло фильтр:                  5.3%
2026-05-19 15:01:45,600 | INFO     |   ──────────────────────────────────────────────────
2026-05-19 15:01:45,601 | INFO     | ✅ Статистика сохранена: /home/runner/work/vpn-vless-configs-russia/vpn-vless-configs-russia/stats.json
2026-05-19 15:01:45,601 | INFO     | 
2026-05-19 15:01:45,601 | INFO     | ======================================================================
2026-05-19 15:01:45,601 | INFO     | 📊 ИТОГОВЫЙ ОТЧЁТ
2026-05-19 15:01:45,601 | INFO     | ======================================================================
2026-05-19 15:01:45,601 | INFO     |   ✅ OK         | Загрузка и geo-фильтрация
2026-05-19 15:01:45,601 | INFO     |   ✅ OK         | Генерация 50 уникальных CF-VLESS
2026-05-19 15:01:45,601 | INFO     |   ✅ OK         | Слияние CF с основным списком
2026-05-19 15:01:45,601 | INFO     |   ✅ OK         | Фильтрация по реальному SNI
2026-05-19 15:01:45,601 | INFO     |   ✅ OK         | Экспериментальный RU-SNI фильтр
2026-05-19 15:01:45,601 | INFO     |   ✅ OK         | Сбор статистики
2026-05-19 15:01:45,601 | INFO     | ──────────────────────────────────────────────────────────────────────
2026-05-19 15:01:45,601 | INFO     | ✅ ВСЕ ЭТАПЫ УСПЕШНЫ (6/6)
2026-05-19 15:01:45,601 | INFO     | ⏰ Время завершения: 2026-05-19 15:01:45
2026-05-19 15:01:45,601 | INFO     | ======================================================================
