2026-06-20 09:00:13,577 | INFO     | ======================================================================
2026-06-20 09:00:13,577 | INFO     | 🔍 VPN KEY CHECKER - Начало проверки
2026-06-20 09:00:13,577 | INFO     | ⏰ Время старта: 2026-06-20 09:00:13
2026-06-20 09:00:13,577 | INFO     | 📂 Рабочая директория: /home/runner/work/vpn-vless-configs-russia/vpn-vless-configs-russia
2026-06-20 09:00:13,577 | INFO     | ======================================================================
2026-06-20 09:00:13,577 | INFO     | 
2026-06-20 09:00:13,578 | INFO     | 🔍 Проверка наличия скриптов...
2026-06-20 09:00:13,578 | INFO     |   ✅ mirror.py
2026-06-20 09:00:13,578 | INFO     |   ✅ generate_cf_vless.py
2026-06-20 09:00:13,578 | INFO     |   ✅ filter_ru_sni.py
2026-06-20 09:00:13,578 | INFO     |   ✅ filter_ru_sni_local.py
2026-06-20 09:00:13,578 | INFO     | 
2026-06-20 09:00:13,578 | INFO     | 
2026-06-20 09:00:13,578 | INFO     | ──────────────────────────────────────────────────────────────────────
2026-06-20 09:00:13,578 | INFO     | 📌 ЭТАП: Загрузка и geo-фильтрация
2026-06-20 09:00:13,578 | INFO     | ──────────────────────────────────────────────────────────────────────
2026-06-20 09:00:13,578 | INFO     | 🚀 Запуск mirror.py (Загрузка и фильтрация по РФ/СНГ/Европа)...
2026-06-20 09:00:17,397 | INFO     |   → 🚀 Старт: всего источников (старые + новые): 10
2026-06-20 09:00:17,397 | INFO     |   → 1/10: ✅ 0 взято | 🗑️ 0 мусор
2026-06-20 09:00:17,397 | INFO     |   → 2/10: ✅ 0 взято | 🗑️ 0 мусор
2026-06-20 09:00:17,397 | INFO     |   → 3/10: ✅ 1 взято | 🗑️ 112 мусор
2026-06-20 09:00:17,398 | INFO     |   → 4/10: ✅ 0 взято | 🗑️ 0 мусор
2026-06-20 09:00:17,398 | INFO     |   → 5/10: ✅ 1 взято | 🗑️ 149 мусор
2026-06-20 09:00:17,398 | INFO     |   → 6/10: ✅ 0 взято | 🗑️ 0 мусор
2026-06-20 09:00:17,398 | INFO     |   → 7/10: ✅ 5 взято | 🗑️ 9 мусор
2026-06-20 09:00:17,398 | INFO     |   → 8/10: ✅ 0 взято | 🗑️ 9 мусор
2026-06-20 09:00:17,398 | INFO     |   → 9/10: ✅ 0 взято | 🗑️ 0 мусор
2026-06-20 09:00:17,398 | INFO     |   → 10/10: ✅ 6 взято | 🗑️ 221 мусор
2026-06-20 09:00:17,398 | INFO     |   → ✅ ГОТОВО!
2026-06-20 09:00:17,398 | INFO     |   →    📥 Всего ключей после фильтра: 13
2026-06-20 09:00:17,398 | INFO     |   →    🔗 Уникальных IP:PORT:SCHEME: 12
2026-06-20 09:00:17,398 | INFO     |   →    🗑️ Выброшено мусора: 500
2026-06-20 09:00:17,398 | INFO     |   → 📊 По протоколам:
2026-06-20 09:00:17,398 | INFO     |   →    vless: 9
2026-06-20 09:00:17,398 | INFO     |   →    vmess: 1
2026-06-20 09:00:17,398 | INFO     |   →    trojan: 2
2026-06-20 09:00:17,398 | INFO     | ✅ mirror.py завершён успешно
2026-06-20 09:00:17,398 | INFO     | 
2026-06-20 09:00:17,398 | INFO     | 
2026-06-20 09:00:17,398 | INFO     | ──────────────────────────────────────────────────────────────────────
2026-06-20 09:00:17,398 | INFO     | 📌 ЭТАП: Генерация 50 уникальных CF-VLESS
2026-06-20 09:00:17,398 | INFO     | ──────────────────────────────────────────────────────────────────────
2026-06-20 09:00:17,398 | INFO     | 🚀 Запуск generate_cf_vless.py (50 новых CF-VLESS)...
2026-06-20 09:00:18,434 | INFO     |   → ======================================================================
2026-06-20 09:00:18,434 | INFO     |   → 🗺️  Генератор свежих VLESS-конфигов на IP Cloudflare
2026-06-20 09:00:18,434 | INFO     |   → ======================================================================
2026-06-20 09:00:18,434 | INFO     |   →   → Загружаем актуальные IP-диапазоны Cloudflare: https://www.cloudflare.com/ips-v4
2026-06-20 09:00:18,434 | INFO     |   →   → Найдено 15 IPv4 CIDR-блоков. Преобразуем их в IP-адреса...
2026-06-20 09:00:18,434 | INFO     |   → ✅ Успешно загружено и подготовлено 7500 IP-адресов для ротации.
2026-06-20 09:00:18,434 | INFO     |   → ✨ Сгенерировано и сохранено 50 VLESS-конфигов.
2026-06-20 09:00:18,434 | INFO     |   → 📂 Файл: /home/runner/work/vpn-vless-configs-russia/vpn-vless-configs-russia/githubmirror/new/cf_fresh.txt
2026-06-20 09:00:18,434 | INFO     |   → ======================================================================
2026-06-20 09:00:18,434 | INFO     | ✅ generate_cf_vless.py завершён успешно
2026-06-20 09:00:18,434 | INFO     | 
2026-06-20 09:00:18,434 | INFO     | 
2026-06-20 09:00:18,434 | INFO     | ──────────────────────────────────────────────────────────────────────
2026-06-20 09:00:18,435 | INFO     | 📌 ЭТАП: Слияние CF с основным списком
2026-06-20 09:00:18,435 | INFO     | ──────────────────────────────────────────────────────────────────────
2026-06-20 09:00:18,436 | INFO     | 🔄 Добавлено 50 новых CF-VLESS в /home/runner/work/vpn-vless-configs-russia/vpn-vless-configs-russia/githubmirror/clean/vless.txt
2026-06-20 09:00:18,436 | INFO     | 📊 Всего в clean/vless.txt теперь: 59
2026-06-20 09:00:18,436 | INFO     | 
2026-06-20 09:00:18,436 | INFO     | 
2026-06-20 09:00:18,436 | INFO     | ──────────────────────────────────────────────────────────────────────
2026-06-20 09:00:18,436 | INFO     | 📌 ЭТАП: Фильтрация по реальному SNI
2026-06-20 09:00:18,436 | INFO     | ──────────────────────────────────────────────────────────────────────
2026-06-20 09:00:18,436 | INFO     | 🚀 Запуск filter_ru_sni.py (Фильтр по реальному SNI (CDN+RU))...
2026-06-20 09:00:18,467 | INFO     |   → trojan.txt: 2 → 0 (SNI-filtered)
2026-06-20 09:00:18,467 | INFO     |   →   vless.txt: 59 → 0 (SNI-filtered)
2026-06-20 09:00:18,467 | INFO     |   →   vmess.txt: 1 → 0 (SNI-filtered)
2026-06-20 09:00:18,467 | INFO     |   → ==================================================
2026-06-20 09:00:18,467 | INFO     |   →   Всего входных:  62
2026-06-20 09:00:18,467 | INFO     |   →   Прошли фильтр:  0
2026-06-20 09:00:18,467 | INFO     |   →   Отброшено:      62
2026-06-20 09:00:18,467 | INFO     |   → ==================================================
2026-06-20 09:00:18,468 | INFO     |   → Готово → /home/runner/work/vpn-vless-configs-russia/vpn-vless-configs-russia/githubmirror/ru-sni
2026-06-20 09:00:18,468 | INFO     | ✅ filter_ru_sni.py завершён успешно
2026-06-20 09:00:18,468 | INFO     | 
2026-06-20 09:00:18,468 | INFO     | 
2026-06-20 09:00:18,468 | INFO     | ──────────────────────────────────────────────────────────────────────
2026-06-20 09:00:18,468 | INFO     | 📌 ЭТАП: Экспериментальный RU-SNI фильтр
2026-06-20 09:00:18,468 | INFO     | ──────────────────────────────────────────────────────────────────────
2026-06-20 09:00:18,468 | INFO     | 🚀 Запуск filter_ru_sni_local.py (Экспериментальный фильтр по RU-SNI (локальные домены))...
2026-06-20 09:00:18,498 | INFO     |   → trojan.txt: 2 → 0 (RU-SNI)
2026-06-20 09:00:18,498 | INFO     |   → vless.txt: 59 → 0 (RU-SNI)
2026-06-20 09:00:18,498 | INFO     |   → vmess.txt: 1 → 0 (RU-SNI)
2026-06-20 09:00:18,498 | INFO     |   → ==================================================
2026-06-20 09:00:18,498 | INFO     |   → Всего входных:  62
2026-06-20 09:00:18,498 | INFO     |   → Прошли RU-SNI:  0
2026-06-20 09:00:18,498 | INFO     |   → Отброшено:      62
2026-06-20 09:00:18,498 | INFO     |   → ==================================================
2026-06-20 09:00:18,498 | INFO     |   → Готово → /home/runner/work/vpn-vless-configs-russia/vpn-vless-configs-russia/githubmirror/ru-sni-local
2026-06-20 09:00:18,498 | INFO     | ✅ filter_ru_sni_local.py завершён успешно
2026-06-20 09:00:18,498 | INFO     | 
2026-06-20 09:00:18,498 | INFO     | 
2026-06-20 09:00:18,498 | INFO     | ──────────────────────────────────────────────────────────────────────
2026-06-20 09:00:18,498 | INFO     | 📌 ЭТАП: Сбор статистики
2026-06-20 09:00:18,498 | INFO     | ──────────────────────────────────────────────────────────────────────
2026-06-20 09:00:18,498 | INFO     | 📊 Сбор статистики...
2026-06-20 09:00:18,498 | INFO     |   📁 githubmirror/clean:
2026-06-20 09:00:18,499 | INFO     |     • trojan      :     2 конфигов
2026-06-20 09:00:18,499 | INFO     |     • vless       :    59 конфигов
2026-06-20 09:00:18,499 | INFO     |     • vmess       :     1 конфигов
2026-06-20 09:00:18,499 | INFO     |   📁 githubmirror/ru-sni:
2026-06-20 09:00:18,499 | INFO     |     • trojan      :     0 конфигов (  0.0% от clean)
2026-06-20 09:00:18,499 | INFO     |     • vless       :     0 конфигов (  0.0% от clean)
2026-06-20 09:00:18,499 | INFO     |     • vmess       :     0 конфигов (  0.0% от clean)
2026-06-20 09:00:18,500 | INFO     |   ✨ Новых CF-VLESS в этом запуске: 50
2026-06-20 09:00:18,500 | INFO     | 
2026-06-20 09:00:18,500 | INFO     |   ──────────────────────────────────────────────────
2026-06-20 09:00:18,500 | INFO     |   📈 ИТОГО:
2026-06-20 09:00:18,500 | INFO     |     Clean (после geo-фильтра):       62
2026-06-20 09:00:18,500 | INFO     |     RU-SNI (после SNI-фильтра):       0
2026-06-20 09:00:18,500 | INFO     |     Прошло фильтр:                  0.0%
2026-06-20 09:00:18,500 | INFO     |   ──────────────────────────────────────────────────
2026-06-20 09:00:18,500 | INFO     | ✅ Статистика сохранена: /home/runner/work/vpn-vless-configs-russia/vpn-vless-configs-russia/stats.json
2026-06-20 09:00:18,500 | INFO     | 
2026-06-20 09:00:18,500 | INFO     | ======================================================================
2026-06-20 09:00:18,500 | INFO     | 📊 ИТОГОВЫЙ ОТЧЁТ
2026-06-20 09:00:18,500 | INFO     | ======================================================================
2026-06-20 09:00:18,500 | INFO     |   ✅ OK         | Загрузка и geo-фильтрация
2026-06-20 09:00:18,500 | INFO     |   ✅ OK         | Генерация 50 уникальных CF-VLESS
2026-06-20 09:00:18,501 | INFO     |   ✅ OK         | Слияние CF с основным списком
2026-06-20 09:00:18,501 | INFO     |   ✅ OK         | Фильтрация по реальному SNI
2026-06-20 09:00:18,501 | INFO     |   ✅ OK         | Экспериментальный RU-SNI фильтр
2026-06-20 09:00:18,501 | INFO     |   ✅ OK         | Сбор статистики
2026-06-20 09:00:18,501 | INFO     | ──────────────────────────────────────────────────────────────────────
2026-06-20 09:00:18,501 | INFO     | ✅ ВСЕ ЭТАПЫ УСПЕШНЫ (6/6)
2026-06-20 09:00:18,501 | INFO     | ⏰ Время завершения: 2026-06-20 09:00:18
2026-06-20 09:00:18,501 | INFO     | ======================================================================
