2026-05-31 08:27:33,611 | INFO     | ======================================================================
2026-05-31 08:27:33,611 | INFO     | 🔍 VPN KEY CHECKER - Начало проверки
2026-05-31 08:27:33,611 | INFO     | ⏰ Время старта: 2026-05-31 08:27:33
2026-05-31 08:27:33,611 | INFO     | 📂 Рабочая директория: /home/runner/work/vpn-vless-configs-russia/vpn-vless-configs-russia
2026-05-31 08:27:33,611 | INFO     | ======================================================================
2026-05-31 08:27:33,611 | INFO     | 
2026-05-31 08:27:33,611 | INFO     | 🔍 Проверка наличия скриптов...
2026-05-31 08:27:33,612 | INFO     |   ✅ mirror.py
2026-05-31 08:27:33,612 | INFO     |   ✅ generate_cf_vless.py
2026-05-31 08:27:33,612 | INFO     |   ✅ filter_ru_sni.py
2026-05-31 08:27:33,612 | INFO     |   ✅ filter_ru_sni_local.py
2026-05-31 08:27:33,612 | INFO     | 
2026-05-31 08:27:33,612 | INFO     | 
2026-05-31 08:27:33,612 | INFO     | ──────────────────────────────────────────────────────────────────────
2026-05-31 08:27:33,612 | INFO     | 📌 ЭТАП: Загрузка и geo-фильтрация
2026-05-31 08:27:33,612 | INFO     | ──────────────────────────────────────────────────────────────────────
2026-05-31 08:27:33,612 | INFO     | 🚀 Запуск mirror.py (Загрузка и фильтрация по РФ/СНГ/Европа)...
2026-05-31 08:27:37,116 | INFO     |   → 🚀 Старт: всего источников (старые + новые): 10
2026-05-31 08:27:37,116 | INFO     |   → 1/10: ✅ 0 взято | 🗑️ 0 мусор
2026-05-31 08:27:37,116 | INFO     |   → 2/10: ✅ 0 взято | 🗑️ 0 мусор
2026-05-31 08:27:37,116 | INFO     |   → 3/10: ✅ 0 взято | 🗑️ 0 мусор
2026-05-31 08:27:37,116 | INFO     |   → 4/10: ✅ 8 взято | 🗑️ 142 мусор
2026-05-31 08:27:37,116 | INFO     |   → 5/10: ✅ 0 взято | 🗑️ 103 мусор
2026-05-31 08:27:37,116 | INFO     |   → 6/10: ✅ 0 взято | 🗑️ 0 мусор
2026-05-31 08:27:37,116 | INFO     |   → 7/10: ✅ 6 взято | 🗑️ 24 мусор
2026-05-31 08:27:37,116 | INFO     |   → 8/10: ✅ 0 взято | 🗑️ 24 мусор
2026-05-31 08:27:37,116 | INFO     |   → 9/10: ✅ 12 взято | 🗑️ 12 мусор
2026-05-31 08:27:37,116 | INFO     |   → 10/10: ✅ 0 взято | 🗑️ 0 мусор
2026-05-31 08:27:37,116 | INFO     |   → ✅ ГОТОВО!
2026-05-31 08:27:37,116 | INFO     |   →    📥 Всего ключей после фильтра: 26
2026-05-31 08:27:37,116 | INFO     |   →    🔗 Уникальных IP:PORT:SCHEME: 22
2026-05-31 08:27:37,116 | INFO     |   →    🗑️ Выброшено мусора: 305
2026-05-31 08:27:37,116 | INFO     |   → 📊 По протоколам:
2026-05-31 08:27:37,116 | INFO     |   →    vless: 16
2026-05-31 08:27:37,116 | INFO     |   →    vmess: 1
2026-05-31 08:27:37,116 | INFO     |   →    trojan: 1
2026-05-31 08:27:37,116 | INFO     |   →    ss: 4
2026-05-31 08:27:37,116 | INFO     | ✅ mirror.py завершён успешно
2026-05-31 08:27:37,116 | INFO     | 
2026-05-31 08:27:37,116 | INFO     | 
2026-05-31 08:27:37,116 | INFO     | ──────────────────────────────────────────────────────────────────────
2026-05-31 08:27:37,117 | INFO     | 📌 ЭТАП: Генерация 50 уникальных CF-VLESS
2026-05-31 08:27:37,117 | INFO     | ──────────────────────────────────────────────────────────────────────
2026-05-31 08:27:37,117 | INFO     | 🚀 Запуск generate_cf_vless.py (50 новых CF-VLESS)...
2026-05-31 08:27:38,148 | INFO     |   → ======================================================================
2026-05-31 08:27:38,148 | INFO     |   → 🗺️  Генератор свежих VLESS-конфигов на IP Cloudflare
2026-05-31 08:27:38,148 | INFO     |   → ======================================================================
2026-05-31 08:27:38,148 | INFO     |   →   → Загружаем актуальные IP-диапазоны Cloudflare: https://www.cloudflare.com/ips-v4
2026-05-31 08:27:38,148 | INFO     |   →   → Найдено 15 IPv4 CIDR-блоков. Преобразуем их в IP-адреса...
2026-05-31 08:27:38,148 | INFO     |   → ✅ Успешно загружено и подготовлено 7500 IP-адресов для ротации.
2026-05-31 08:27:38,148 | INFO     |   → ✨ Сгенерировано и сохранено 50 VLESS-конфигов.
2026-05-31 08:27:38,148 | INFO     |   → 📂 Файл: /home/runner/work/vpn-vless-configs-russia/vpn-vless-configs-russia/githubmirror/new/cf_fresh.txt
2026-05-31 08:27:38,148 | INFO     |   → ======================================================================
2026-05-31 08:27:38,149 | INFO     | ✅ generate_cf_vless.py завершён успешно
2026-05-31 08:27:38,149 | INFO     | 
2026-05-31 08:27:38,149 | INFO     | 
2026-05-31 08:27:38,149 | INFO     | ──────────────────────────────────────────────────────────────────────
2026-05-31 08:27:38,149 | INFO     | 📌 ЭТАП: Слияние CF с основным списком
2026-05-31 08:27:38,149 | INFO     | ──────────────────────────────────────────────────────────────────────
2026-05-31 08:27:38,150 | INFO     | 🔄 Добавлено 50 новых CF-VLESS в /home/runner/work/vpn-vless-configs-russia/vpn-vless-configs-russia/githubmirror/clean/vless.txt
2026-05-31 08:27:38,151 | INFO     | 📊 Всего в clean/vless.txt теперь: 66
2026-05-31 08:27:38,151 | INFO     | 
2026-05-31 08:27:38,151 | INFO     | 
2026-05-31 08:27:38,151 | INFO     | ──────────────────────────────────────────────────────────────────────
2026-05-31 08:27:38,151 | INFO     | 📌 ЭТАП: Фильтрация по реальному SNI
2026-05-31 08:27:38,151 | INFO     | ──────────────────────────────────────────────────────────────────────
2026-05-31 08:27:38,151 | INFO     | 🚀 Запуск filter_ru_sni.py (Фильтр по реальному SNI (CDN+RU))...
2026-05-31 08:27:38,181 | INFO     |   → ss.txt: 4 → 0 (SNI-filtered)
2026-05-31 08:27:38,181 | INFO     |   →   trojan.txt: 1 → 0 (SNI-filtered)
2026-05-31 08:27:38,181 | INFO     |   →   vless.txt: 66 → 9 (SNI-filtered)
2026-05-31 08:27:38,181 | INFO     |   →   vmess.txt: 1 → 0 (SNI-filtered)
2026-05-31 08:27:38,181 | INFO     |   → ==================================================
2026-05-31 08:27:38,181 | INFO     |   →   Всего входных:  72
2026-05-31 08:27:38,181 | INFO     |   →   Прошли фильтр:  9
2026-05-31 08:27:38,181 | INFO     |   →   Отброшено:      63
2026-05-31 08:27:38,181 | INFO     |   → ==================================================
2026-05-31 08:27:38,182 | INFO     |   → Готово → /home/runner/work/vpn-vless-configs-russia/vpn-vless-configs-russia/githubmirror/ru-sni
2026-05-31 08:27:38,182 | INFO     | ✅ filter_ru_sni.py завершён успешно
2026-05-31 08:27:38,182 | INFO     | 
2026-05-31 08:27:38,182 | INFO     | 
2026-05-31 08:27:38,182 | INFO     | ──────────────────────────────────────────────────────────────────────
2026-05-31 08:27:38,182 | INFO     | 📌 ЭТАП: Экспериментальный RU-SNI фильтр
2026-05-31 08:27:38,182 | INFO     | ──────────────────────────────────────────────────────────────────────
2026-05-31 08:27:38,182 | INFO     | 🚀 Запуск filter_ru_sni_local.py (Экспериментальный фильтр по RU-SNI (локальные домены))...
2026-05-31 08:27:38,211 | INFO     |   → ss.txt: 4 → 0 (RU-SNI)
2026-05-31 08:27:38,211 | INFO     |   → trojan.txt: 1 → 0 (RU-SNI)
2026-05-31 08:27:38,211 | INFO     |   → vless.txt: 66 → 1 (RU-SNI)
2026-05-31 08:27:38,211 | INFO     |   → vmess.txt: 1 → 0 (RU-SNI)
2026-05-31 08:27:38,211 | INFO     |   → ==================================================
2026-05-31 08:27:38,211 | INFO     |   → Всего входных:  72
2026-05-31 08:27:38,211 | INFO     |   → Прошли RU-SNI:  1
2026-05-31 08:27:38,211 | INFO     |   → Отброшено:      71
2026-05-31 08:27:38,211 | INFO     |   → ==================================================
2026-05-31 08:27:38,211 | INFO     |   → Готово → /home/runner/work/vpn-vless-configs-russia/vpn-vless-configs-russia/githubmirror/ru-sni-local
2026-05-31 08:27:38,211 | INFO     | ✅ filter_ru_sni_local.py завершён успешно
2026-05-31 08:27:38,211 | INFO     | 
2026-05-31 08:27:38,211 | INFO     | 
2026-05-31 08:27:38,211 | INFO     | ──────────────────────────────────────────────────────────────────────
2026-05-31 08:27:38,211 | INFO     | 📌 ЭТАП: Сбор статистики
2026-05-31 08:27:38,211 | INFO     | ──────────────────────────────────────────────────────────────────────
2026-05-31 08:27:38,211 | INFO     | 📊 Сбор статистики...
2026-05-31 08:27:38,212 | INFO     |   📁 githubmirror/clean:
2026-05-31 08:27:38,212 | INFO     |     • ss          :     4 конфигов
2026-05-31 08:27:38,212 | INFO     |     • trojan      :     1 конфигов
2026-05-31 08:27:38,212 | INFO     |     • vless       :    66 конфигов
2026-05-31 08:27:38,212 | INFO     |     • vmess       :     1 конфигов
2026-05-31 08:27:38,212 | INFO     |   📁 githubmirror/ru-sni:
2026-05-31 08:27:38,212 | INFO     |     • ss          :     0 конфигов (  0.0% от clean)
2026-05-31 08:27:38,213 | INFO     |     • trojan      :     0 конфигов (  0.0% от clean)
2026-05-31 08:27:38,213 | INFO     |     • vless       :     9 конфигов ( 13.6% от clean)
2026-05-31 08:27:38,213 | INFO     |     • vmess       :     0 конфигов (  0.0% от clean)
2026-05-31 08:27:38,213 | INFO     |   ✨ Новых CF-VLESS в этом запуске: 50
2026-05-31 08:27:38,213 | INFO     | 
2026-05-31 08:27:38,213 | INFO     |   ──────────────────────────────────────────────────
2026-05-31 08:27:38,213 | INFO     |   📈 ИТОГО:
2026-05-31 08:27:38,213 | INFO     |     Clean (после geo-фильтра):       72
2026-05-31 08:27:38,213 | INFO     |     RU-SNI (после SNI-фильтра):       9
2026-05-31 08:27:38,213 | INFO     |     Прошло фильтр:                 12.5%
2026-05-31 08:27:38,213 | INFO     |   ──────────────────────────────────────────────────
2026-05-31 08:27:38,213 | INFO     | ✅ Статистика сохранена: /home/runner/work/vpn-vless-configs-russia/vpn-vless-configs-russia/stats.json
2026-05-31 08:27:38,214 | INFO     | 
2026-05-31 08:27:38,214 | INFO     | ======================================================================
2026-05-31 08:27:38,214 | INFO     | 📊 ИТОГОВЫЙ ОТЧЁТ
2026-05-31 08:27:38,214 | INFO     | ======================================================================
2026-05-31 08:27:38,214 | INFO     |   ✅ OK         | Загрузка и geo-фильтрация
2026-05-31 08:27:38,214 | INFO     |   ✅ OK         | Генерация 50 уникальных CF-VLESS
2026-05-31 08:27:38,214 | INFO     |   ✅ OK         | Слияние CF с основным списком
2026-05-31 08:27:38,214 | INFO     |   ✅ OK         | Фильтрация по реальному SNI
2026-05-31 08:27:38,214 | INFO     |   ✅ OK         | Экспериментальный RU-SNI фильтр
2026-05-31 08:27:38,214 | INFO     |   ✅ OK         | Сбор статистики
2026-05-31 08:27:38,214 | INFO     | ──────────────────────────────────────────────────────────────────────
2026-05-31 08:27:38,214 | INFO     | ✅ ВСЕ ЭТАПЫ УСПЕШНЫ (6/6)
2026-05-31 08:27:38,214 | INFO     | ⏰ Время завершения: 2026-05-31 08:27:38
2026-05-31 08:27:38,214 | INFO     | ======================================================================
