2026-07-28 10:37:46,477 | INFO     | ======================================================================
2026-07-28 10:37:46,477 | INFO     | 🔍 VPN KEY CHECKER - Начало проверки
2026-07-28 10:37:46,477 | INFO     | ⏰ Время старта: 2026-07-28 10:37:46
2026-07-28 10:37:46,477 | INFO     | 📂 Рабочая директория: /home/runner/work/vpn-vless-configs-russia/vpn-vless-configs-russia
2026-07-28 10:37:46,477 | INFO     | ======================================================================
2026-07-28 10:37:46,477 | INFO     | 
2026-07-28 10:37:46,477 | INFO     | 🔍 Проверка наличия скриптов...
2026-07-28 10:37:46,478 | INFO     |   ✅ mirror.py
2026-07-28 10:37:46,478 | INFO     |   ✅ generate_cf_vless.py
2026-07-28 10:37:46,478 | INFO     |   ✅ filter_ru_sni.py
2026-07-28 10:37:46,478 | INFO     |   ✅ filter_ru_sni_local.py
2026-07-28 10:37:46,478 | INFO     | 
2026-07-28 10:37:46,478 | INFO     | 
2026-07-28 10:37:46,478 | INFO     | ──────────────────────────────────────────────────────────────────────
2026-07-28 10:37:46,478 | INFO     | 📌 ЭТАП: Загрузка и geo-фильтрация
2026-07-28 10:37:46,478 | INFO     | ──────────────────────────────────────────────────────────────────────
2026-07-28 10:37:46,478 | INFO     | 🚀 Запуск mirror.py (Загрузка и фильтрация по РФ/СНГ/Европа)...
2026-07-28 10:37:46,589 | INFO     |   → ⚠️ Не удалось прочитать config_sources.json: Expecting value: line 2 column 1 (char 1)
2026-07-28 10:37:46,589 | INFO     |   → 🚀 Старт: всего источников (старые + новые): 0
2026-07-28 10:37:46,589 | INFO     |   → ✅ ГОТОВО!
2026-07-28 10:37:46,589 | INFO     |   →    📥 Всего ключей после фильтра: 0
2026-07-28 10:37:46,589 | INFO     |   →    🔗 Уникальных IP:PORT:SCHEME: 0
2026-07-28 10:37:46,589 | INFO     |   →    🗑️ Выброшено мусора: 0
2026-07-28 10:37:46,589 | INFO     |   → 📊 По протоколам:
2026-07-28 10:37:46,589 | INFO     | ✅ mirror.py завершён успешно
2026-07-28 10:37:46,589 | INFO     | 
2026-07-28 10:37:46,590 | INFO     | 
2026-07-28 10:37:46,590 | INFO     | ──────────────────────────────────────────────────────────────────────
2026-07-28 10:37:46,590 | INFO     | 📌 ЭТАП: Генерация 50 уникальных CF-VLESS
2026-07-28 10:37:46,590 | INFO     | ──────────────────────────────────────────────────────────────────────
2026-07-28 10:37:46,590 | INFO     | 🚀 Запуск generate_cf_vless.py (50 новых CF-VLESS)...
2026-07-28 10:37:47,597 | INFO     |   → ======================================================================
2026-07-28 10:37:47,597 | INFO     |   → 🗺️  Генератор свежих VLESS-конфигов на IP Cloudflare
2026-07-28 10:37:47,597 | INFO     |   → ======================================================================
2026-07-28 10:37:47,597 | INFO     |   →   → Загружаем актуальные IP-диапазоны Cloudflare: https://www.cloudflare.com/ips-v4
2026-07-28 10:37:47,598 | INFO     |   →   → Найдено 15 IPv4 CIDR-блоков. Преобразуем их в IP-адреса...
2026-07-28 10:37:47,598 | INFO     |   → ✅ Успешно загружено и подготовлено 7500 IP-адресов для ротации.
2026-07-28 10:37:47,598 | INFO     |   → ✨ Сгенерировано и сохранено 50 VLESS-конфигов.
2026-07-28 10:37:47,598 | INFO     |   → 📂 Файл: /home/runner/work/vpn-vless-configs-russia/vpn-vless-configs-russia/githubmirror/new/cf_fresh.txt
2026-07-28 10:37:47,598 | INFO     |   → ======================================================================
2026-07-28 10:37:47,598 | INFO     | ✅ generate_cf_vless.py завершён успешно
2026-07-28 10:37:47,598 | INFO     | 
2026-07-28 10:37:47,598 | INFO     | 
2026-07-28 10:37:47,598 | INFO     | ──────────────────────────────────────────────────────────────────────
2026-07-28 10:37:47,598 | INFO     | 📌 ЭТАП: Слияние CF с основным списком
2026-07-28 10:37:47,598 | INFO     | ──────────────────────────────────────────────────────────────────────
2026-07-28 10:37:47,599 | INFO     | 🔄 Добавлено 50 новых CF-VLESS в /home/runner/work/vpn-vless-configs-russia/vpn-vless-configs-russia/githubmirror/clean/vless.txt
2026-07-28 10:37:47,599 | INFO     | 📊 Всего в clean/vless.txt теперь: 50
2026-07-28 10:37:47,599 | INFO     | 
2026-07-28 10:37:47,599 | INFO     | 
2026-07-28 10:37:47,599 | INFO     | ──────────────────────────────────────────────────────────────────────
2026-07-28 10:37:47,599 | INFO     | 📌 ЭТАП: Фильтрация по реальному SNI
2026-07-28 10:37:47,599 | INFO     | ──────────────────────────────────────────────────────────────────────
2026-07-28 10:37:47,599 | INFO     | 🚀 Запуск filter_ru_sni.py (Фильтр по реальному SNI (CDN+RU))...
2026-07-28 10:37:47,627 | INFO     |   → vless.txt: 50 → 0 (SNI-filtered)
2026-07-28 10:37:47,627 | INFO     |   → ==================================================
2026-07-28 10:37:47,627 | INFO     |   →   Всего входных:  50
2026-07-28 10:37:47,627 | INFO     |   →   Прошли фильтр:  0
2026-07-28 10:37:47,627 | INFO     |   →   Отброшено:      50
2026-07-28 10:37:47,627 | INFO     |   → ==================================================
2026-07-28 10:37:47,627 | INFO     |   → Готово → /home/runner/work/vpn-vless-configs-russia/vpn-vless-configs-russia/githubmirror/ru-sni
2026-07-28 10:37:47,628 | INFO     | ✅ filter_ru_sni.py завершён успешно
2026-07-28 10:37:47,628 | INFO     | 
2026-07-28 10:37:47,628 | INFO     | 
2026-07-28 10:37:47,628 | INFO     | ──────────────────────────────────────────────────────────────────────
2026-07-28 10:37:47,628 | INFO     | 📌 ЭТАП: Экспериментальный RU-SNI фильтр
2026-07-28 10:37:47,628 | INFO     | ──────────────────────────────────────────────────────────────────────
2026-07-28 10:37:47,628 | INFO     | 🚀 Запуск filter_ru_sni_local.py (Экспериментальный фильтр по RU-SNI (локальные домены))...
2026-07-28 10:37:47,655 | INFO     |   → vless.txt: 50 → 0 (RU-SNI)
2026-07-28 10:37:47,655 | INFO     |   → ==================================================
2026-07-28 10:37:47,655 | INFO     |   → Всего входных:  50
2026-07-28 10:37:47,655 | INFO     |   → Прошли RU-SNI:  0
2026-07-28 10:37:47,655 | INFO     |   → Отброшено:      50
2026-07-28 10:37:47,655 | INFO     |   → ==================================================
2026-07-28 10:37:47,655 | INFO     |   → Готово → /home/runner/work/vpn-vless-configs-russia/vpn-vless-configs-russia/githubmirror/ru-sni-local
2026-07-28 10:37:47,655 | INFO     | ✅ filter_ru_sni_local.py завершён успешно
2026-07-28 10:37:47,655 | INFO     | 
2026-07-28 10:37:47,655 | INFO     | 
2026-07-28 10:37:47,656 | INFO     | ──────────────────────────────────────────────────────────────────────
2026-07-28 10:37:47,656 | INFO     | 📌 ЭТАП: Сбор статистики
2026-07-28 10:37:47,656 | INFO     | ──────────────────────────────────────────────────────────────────────
2026-07-28 10:37:47,656 | INFO     | 📊 Сбор статистики...
2026-07-28 10:37:47,656 | INFO     |   📁 githubmirror/clean:
2026-07-28 10:37:47,656 | INFO     |     • vless       :    50 конфигов
2026-07-28 10:37:47,656 | INFO     |   📁 githubmirror/ru-sni:
2026-07-28 10:37:47,657 | INFO     |     • vless       :     0 конфигов (  0.0% от clean)
2026-07-28 10:37:47,657 | INFO     |   ✨ Новых CF-VLESS в этом запуске: 50
2026-07-28 10:37:47,657 | INFO     | 
2026-07-28 10:37:47,657 | INFO     |   ──────────────────────────────────────────────────
2026-07-28 10:37:47,657 | INFO     |   📈 ИТОГО:
2026-07-28 10:37:47,657 | INFO     |     Clean (после geo-фильтра):       50
2026-07-28 10:37:47,657 | INFO     |     RU-SNI (после SNI-фильтра):       0
2026-07-28 10:37:47,657 | INFO     |     Прошло фильтр:                  0.0%
2026-07-28 10:37:47,657 | INFO     |   ──────────────────────────────────────────────────
2026-07-28 10:37:47,658 | INFO     | ✅ Статистика сохранена: /home/runner/work/vpn-vless-configs-russia/vpn-vless-configs-russia/stats.json
2026-07-28 10:37:47,658 | INFO     | 
2026-07-28 10:37:47,658 | INFO     | ======================================================================
2026-07-28 10:37:47,658 | INFO     | 📊 ИТОГОВЫЙ ОТЧЁТ
2026-07-28 10:37:47,658 | INFO     | ======================================================================
2026-07-28 10:37:47,658 | INFO     |   ✅ OK         | Загрузка и geo-фильтрация
2026-07-28 10:37:47,658 | INFO     |   ✅ OK         | Генерация 50 уникальных CF-VLESS
2026-07-28 10:37:47,658 | INFO     |   ✅ OK         | Слияние CF с основным списком
2026-07-28 10:37:47,658 | INFO     |   ✅ OK         | Фильтрация по реальному SNI
2026-07-28 10:37:47,658 | INFO     |   ✅ OK         | Экспериментальный RU-SNI фильтр
2026-07-28 10:37:47,658 | INFO     |   ✅ OK         | Сбор статистики
2026-07-28 10:37:47,658 | INFO     | ──────────────────────────────────────────────────────────────────────
2026-07-28 10:37:47,658 | INFO     | ✅ ВСЕ ЭТАПЫ УСПЕШНЫ (6/6)
2026-07-28 10:37:47,658 | INFO     | ⏰ Время завершения: 2026-07-28 10:37:47
2026-07-28 10:37:47,658 | INFO     | ======================================================================
