2026-06-28 00:05:40,668 | INFO     | ======================================================================
2026-06-28 00:05:40,668 | INFO     | 🔍 VPN KEY CHECKER - Начало проверки
2026-06-28 00:05:40,668 | INFO     | ⏰ Время старта: 2026-06-28 00:05:40
2026-06-28 00:05:40,669 | INFO     | 📂 Рабочая директория: /home/runner/work/vpn-vless-configs-russia/vpn-vless-configs-russia
2026-06-28 00:05:40,669 | INFO     | ======================================================================
2026-06-28 00:05:40,669 | INFO     | 
2026-06-28 00:05:40,669 | INFO     | 🔍 Проверка наличия скриптов...
2026-06-28 00:05:40,669 | INFO     |   ✅ mirror.py
2026-06-28 00:05:40,669 | INFO     |   ✅ generate_cf_vless.py
2026-06-28 00:05:40,669 | INFO     |   ✅ filter_ru_sni.py
2026-06-28 00:05:40,669 | INFO     |   ✅ filter_ru_sni_local.py
2026-06-28 00:05:40,669 | INFO     | 
2026-06-28 00:05:40,669 | INFO     | 
2026-06-28 00:05:40,669 | INFO     | ──────────────────────────────────────────────────────────────────────
2026-06-28 00:05:40,669 | INFO     | 📌 ЭТАП: Загрузка и geo-фильтрация
2026-06-28 00:05:40,669 | INFO     | ──────────────────────────────────────────────────────────────────────
2026-06-28 00:05:40,669 | INFO     | 🚀 Запуск mirror.py (Загрузка и фильтрация по РФ/СНГ/Европа)...
2026-06-28 00:05:43,719 | INFO     |   → 🚀 Старт: всего источников (старые + новые): 8
2026-06-28 00:05:43,720 | INFO     |   → 1/8: ✅ 0 взято | 🗑️ 0 мусор
2026-06-28 00:05:43,720 | INFO     |   → 2/8: ✅ 0 взято | 🗑️ 0 мусор
2026-06-28 00:05:43,720 | INFO     |   → 3/8: ✅ 5 взято | 🗑️ 133 мусор
2026-06-28 00:05:43,720 | INFO     |   → 4/8: ✅ 0 взято | 🗑️ 0 мусор
2026-06-28 00:05:43,720 | INFO     |   → 5/8: ✅ 5 взято | 🗑️ 257 мусор
2026-06-28 00:05:43,720 | INFO     |   → 6/8: ✅ 0 взято | 🗑️ 0 мусор
2026-06-28 00:05:43,720 | INFO     |   → 7/8: ✅ 13 взято | 🗑️ 10 мусор
2026-06-28 00:05:43,720 | INFO     |   → 8/8: ✅ 0 взято | 🗑️ 10 мусор
2026-06-28 00:05:43,720 | INFO     |   → ✅ ГОТОВО!
2026-06-28 00:05:43,720 | INFO     |   →    📥 Всего ключей после фильтра: 23
2026-06-28 00:05:43,720 | INFO     |   →    🔗 Уникальных IP:PORT:SCHEME: 18
2026-06-28 00:05:43,720 | INFO     |   →    🗑️ Выброшено мусора: 410
2026-06-28 00:05:43,720 | INFO     |   → 📊 По протоколам:
2026-06-28 00:05:43,720 | INFO     |   →    vless: 17
2026-06-28 00:05:43,720 | INFO     |   →    trojan: 1
2026-06-28 00:05:43,720 | INFO     | ✅ mirror.py завершён успешно
2026-06-28 00:05:43,720 | INFO     | 
2026-06-28 00:05:43,720 | INFO     | 
2026-06-28 00:05:43,720 | INFO     | ──────────────────────────────────────────────────────────────────────
2026-06-28 00:05:43,720 | INFO     | 📌 ЭТАП: Генерация 50 уникальных CF-VLESS
2026-06-28 00:05:43,720 | INFO     | ──────────────────────────────────────────────────────────────────────
2026-06-28 00:05:43,720 | INFO     | 🚀 Запуск generate_cf_vless.py (50 новых CF-VLESS)...
2026-06-28 00:05:44,671 | INFO     |   → ======================================================================
2026-06-28 00:05:44,671 | INFO     |   → 🗺️  Генератор свежих VLESS-конфигов на IP Cloudflare
2026-06-28 00:05:44,671 | INFO     |   → ======================================================================
2026-06-28 00:05:44,671 | INFO     |   →   → Загружаем актуальные IP-диапазоны Cloudflare: https://www.cloudflare.com/ips-v4
2026-06-28 00:05:44,671 | INFO     |   →   → Найдено 15 IPv4 CIDR-блоков. Преобразуем их в IP-адреса...
2026-06-28 00:05:44,671 | INFO     |   → ✅ Успешно загружено и подготовлено 7500 IP-адресов для ротации.
2026-06-28 00:05:44,671 | INFO     |   → ✨ Сгенерировано и сохранено 50 VLESS-конфигов.
2026-06-28 00:05:44,671 | INFO     |   → 📂 Файл: /home/runner/work/vpn-vless-configs-russia/vpn-vless-configs-russia/githubmirror/new/cf_fresh.txt
2026-06-28 00:05:44,671 | INFO     |   → ======================================================================
2026-06-28 00:05:44,671 | INFO     | ✅ generate_cf_vless.py завершён успешно
2026-06-28 00:05:44,671 | INFO     | 
2026-06-28 00:05:44,671 | INFO     | 
2026-06-28 00:05:44,671 | INFO     | ──────────────────────────────────────────────────────────────────────
2026-06-28 00:05:44,671 | INFO     | 📌 ЭТАП: Слияние CF с основным списком
2026-06-28 00:05:44,671 | INFO     | ──────────────────────────────────────────────────────────────────────
2026-06-28 00:05:44,673 | INFO     | 🔄 Добавлено 50 новых CF-VLESS в /home/runner/work/vpn-vless-configs-russia/vpn-vless-configs-russia/githubmirror/clean/vless.txt
2026-06-28 00:05:44,673 | INFO     | 📊 Всего в clean/vless.txt теперь: 67
2026-06-28 00:05:44,673 | INFO     | 
2026-06-28 00:05:44,673 | INFO     | 
2026-06-28 00:05:44,673 | INFO     | ──────────────────────────────────────────────────────────────────────
2026-06-28 00:05:44,673 | INFO     | 📌 ЭТАП: Фильтрация по реальному SNI
2026-06-28 00:05:44,673 | INFO     | ──────────────────────────────────────────────────────────────────────
2026-06-28 00:05:44,673 | INFO     | 🚀 Запуск filter_ru_sni.py (Фильтр по реальному SNI (CDN+RU))...
2026-06-28 00:05:44,700 | INFO     |   → trojan.txt: 1 → 0 (SNI-filtered)
2026-06-28 00:05:44,700 | INFO     |   →   vless.txt: 67 → 2 (SNI-filtered)
2026-06-28 00:05:44,700 | INFO     |   → ==================================================
2026-06-28 00:05:44,700 | INFO     |   →   Всего входных:  68
2026-06-28 00:05:44,700 | INFO     |   →   Прошли фильтр:  2
2026-06-28 00:05:44,700 | INFO     |   →   Отброшено:      66
2026-06-28 00:05:44,700 | INFO     |   → ==================================================
2026-06-28 00:05:44,700 | INFO     |   → Готово → /home/runner/work/vpn-vless-configs-russia/vpn-vless-configs-russia/githubmirror/ru-sni
2026-06-28 00:05:44,700 | INFO     | ✅ filter_ru_sni.py завершён успешно
2026-06-28 00:05:44,700 | INFO     | 
2026-06-28 00:05:44,700 | INFO     | 
2026-06-28 00:05:44,700 | INFO     | ──────────────────────────────────────────────────────────────────────
2026-06-28 00:05:44,700 | INFO     | 📌 ЭТАП: Экспериментальный RU-SNI фильтр
2026-06-28 00:05:44,700 | INFO     | ──────────────────────────────────────────────────────────────────────
2026-06-28 00:05:44,700 | INFO     | 🚀 Запуск filter_ru_sni_local.py (Экспериментальный фильтр по RU-SNI (локальные домены))...
2026-06-28 00:05:44,724 | INFO     |   → trojan.txt: 1 → 0 (RU-SNI)
2026-06-28 00:05:44,724 | INFO     |   → vless.txt: 67 → 0 (RU-SNI)
2026-06-28 00:05:44,724 | INFO     |   → ==================================================
2026-06-28 00:05:44,724 | INFO     |   → Всего входных:  68
2026-06-28 00:05:44,724 | INFO     |   → Прошли RU-SNI:  0
2026-06-28 00:05:44,724 | INFO     |   → Отброшено:      68
2026-06-28 00:05:44,724 | INFO     |   → ==================================================
2026-06-28 00:05:44,724 | INFO     |   → Готово → /home/runner/work/vpn-vless-configs-russia/vpn-vless-configs-russia/githubmirror/ru-sni-local
2026-06-28 00:05:44,724 | INFO     | ✅ filter_ru_sni_local.py завершён успешно
2026-06-28 00:05:44,724 | INFO     | 
2026-06-28 00:05:44,724 | INFO     | 
2026-06-28 00:05:44,724 | INFO     | ──────────────────────────────────────────────────────────────────────
2026-06-28 00:05:44,724 | INFO     | 📌 ЭТАП: Сбор статистики
2026-06-28 00:05:44,724 | INFO     | ──────────────────────────────────────────────────────────────────────
2026-06-28 00:05:44,724 | INFO     | 📊 Сбор статистики...
2026-06-28 00:05:44,724 | INFO     |   📁 githubmirror/clean:
2026-06-28 00:05:44,725 | INFO     |     • trojan      :     1 конфигов
2026-06-28 00:05:44,725 | INFO     |     • vless       :    67 конфигов
2026-06-28 00:05:44,725 | INFO     |   📁 githubmirror/ru-sni:
2026-06-28 00:05:44,725 | INFO     |     • trojan      :     0 конфигов (  0.0% от clean)
2026-06-28 00:05:44,725 | INFO     |     • vless       :     2 конфигов (  3.0% от clean)
2026-06-28 00:05:44,725 | INFO     |   ✨ Новых CF-VLESS в этом запуске: 50
2026-06-28 00:05:44,725 | INFO     | 
2026-06-28 00:05:44,726 | INFO     |   ──────────────────────────────────────────────────
2026-06-28 00:05:44,726 | INFO     |   📈 ИТОГО:
2026-06-28 00:05:44,726 | INFO     |     Clean (после geo-фильтра):       68
2026-06-28 00:05:44,726 | INFO     |     RU-SNI (после SNI-фильтра):       2
2026-06-28 00:05:44,726 | INFO     |     Прошло фильтр:                  2.9%
2026-06-28 00:05:44,726 | INFO     |   ──────────────────────────────────────────────────
2026-06-28 00:05:44,726 | INFO     | ✅ Статистика сохранена: /home/runner/work/vpn-vless-configs-russia/vpn-vless-configs-russia/stats.json
2026-06-28 00:05:44,726 | INFO     | 
2026-06-28 00:05:44,726 | INFO     | ======================================================================
2026-06-28 00:05:44,726 | INFO     | 📊 ИТОГОВЫЙ ОТЧЁТ
2026-06-28 00:05:44,726 | INFO     | ======================================================================
2026-06-28 00:05:44,726 | INFO     |   ✅ OK         | Загрузка и geo-фильтрация
2026-06-28 00:05:44,726 | INFO     |   ✅ OK         | Генерация 50 уникальных CF-VLESS
2026-06-28 00:05:44,726 | INFO     |   ✅ OK         | Слияние CF с основным списком
2026-06-28 00:05:44,726 | INFO     |   ✅ OK         | Фильтрация по реальному SNI
2026-06-28 00:05:44,726 | INFO     |   ✅ OK         | Экспериментальный RU-SNI фильтр
2026-06-28 00:05:44,726 | INFO     |   ✅ OK         | Сбор статистики
2026-06-28 00:05:44,726 | INFO     | ──────────────────────────────────────────────────────────────────────
2026-06-28 00:05:44,727 | INFO     | ✅ ВСЕ ЭТАПЫ УСПЕШНЫ (6/6)
2026-06-28 00:05:44,727 | INFO     | ⏰ Время завершения: 2026-06-28 00:05:44
2026-06-28 00:05:44,727 | INFO     | ======================================================================
