2026-05-28 20:00:30,954 | INFO     | ======================================================================
2026-05-28 20:00:30,954 | INFO     | 🔍 VPN KEY CHECKER - Начало проверки
2026-05-28 20:00:30,954 | INFO     | ⏰ Время старта: 2026-05-28 20:00:30
2026-05-28 20:00:30,954 | INFO     | 📂 Рабочая директория: /home/runner/work/vpn-vless-configs-russia/vpn-vless-configs-russia
2026-05-28 20:00:30,954 | INFO     | ======================================================================
2026-05-28 20:00:30,954 | INFO     | 
2026-05-28 20:00:30,954 | INFO     | 🔍 Проверка наличия скриптов...
2026-05-28 20:00:30,954 | INFO     |   ✅ mirror.py
2026-05-28 20:00:30,954 | INFO     |   ✅ generate_cf_vless.py
2026-05-28 20:00:30,954 | INFO     |   ✅ filter_ru_sni.py
2026-05-28 20:00:30,954 | INFO     |   ✅ filter_ru_sni_local.py
2026-05-28 20:00:30,954 | INFO     | 
2026-05-28 20:00:30,954 | INFO     | 
2026-05-28 20:00:30,954 | INFO     | ──────────────────────────────────────────────────────────────────────
2026-05-28 20:00:30,954 | INFO     | 📌 ЭТАП: Загрузка и geo-фильтрация
2026-05-28 20:00:30,954 | INFO     | ──────────────────────────────────────────────────────────────────────
2026-05-28 20:00:30,954 | INFO     | 🚀 Запуск mirror.py (Загрузка и фильтрация по РФ/СНГ/Европа)...
2026-05-28 20:00:34,996 | INFO     |   → 🚀 Старт: всего источников (старые + новые): 10
2026-05-28 20:00:34,996 | INFO     |   → 1/10: ✅ 0 взято | 🗑️ 0 мусор
2026-05-28 20:00:34,996 | INFO     |   → 2/10: ✅ 0 взято | 🗑️ 0 мусор
2026-05-28 20:00:34,996 | INFO     |   → 3/10: ✅ 6 взято | 🗑️ 139 мусор
2026-05-28 20:00:34,996 | INFO     |   → 4/10: ✅ 0 взято | 🗑️ 0 мусор
2026-05-28 20:00:34,996 | INFO     |   → 5/10: ✅ 2 взято | 🗑️ 132 мусор
2026-05-28 20:00:34,996 | INFO     |   → 6/10: ✅ 0 взято | 🗑️ 0 мусор
2026-05-28 20:00:34,996 | INFO     |   → 7/10: ✅ 6 взято | 🗑️ 24 мусор
2026-05-28 20:00:34,996 | INFO     |   → 8/10: ✅ 0 взято | 🗑️ 24 мусор
2026-05-28 20:00:34,996 | INFO     |   → 9/10: ✅ 19 взято | 🗑️ 7 мусор
2026-05-28 20:00:34,996 | INFO     |   → 10/10: ✅ 0 взято | 🗑️ 0 мусор
2026-05-28 20:00:34,996 | INFO     |   → ✅ ГОТОВО!
2026-05-28 20:00:34,996 | INFO     |   →    📥 Всего ключей после фильтра: 33
2026-05-28 20:00:34,996 | INFO     |   →    🔗 Уникальных IP:PORT:SCHEME: 30
2026-05-28 20:00:34,996 | INFO     |   →    🗑️ Выброшено мусора: 326
2026-05-28 20:00:34,996 | INFO     |   → 📊 По протоколам:
2026-05-28 20:00:34,996 | INFO     |   →    vless: 25
2026-05-28 20:00:34,996 | INFO     |   →    vmess: 1
2026-05-28 20:00:34,996 | INFO     |   →    ss: 4
2026-05-28 20:00:34,996 | INFO     | ✅ mirror.py завершён успешно
2026-05-28 20:00:34,996 | INFO     | 
2026-05-28 20:00:34,996 | INFO     | 
2026-05-28 20:00:34,996 | INFO     | ──────────────────────────────────────────────────────────────────────
2026-05-28 20:00:34,996 | INFO     | 📌 ЭТАП: Генерация 50 уникальных CF-VLESS
2026-05-28 20:00:34,996 | INFO     | ──────────────────────────────────────────────────────────────────────
2026-05-28 20:00:34,996 | INFO     | 🚀 Запуск generate_cf_vless.py (50 новых CF-VLESS)...
2026-05-28 20:00:35,750 | INFO     |   → ======================================================================
2026-05-28 20:00:35,750 | INFO     |   → 🗺️  Генератор свежих VLESS-конфигов на IP Cloudflare
2026-05-28 20:00:35,750 | INFO     |   → ======================================================================
2026-05-28 20:00:35,750 | INFO     |   →   → Загружаем актуальные IP-диапазоны Cloudflare: https://www.cloudflare.com/ips-v4
2026-05-28 20:00:35,750 | INFO     |   →   → Найдено 15 IPv4 CIDR-блоков. Преобразуем их в IP-адреса...
2026-05-28 20:00:35,750 | INFO     |   → ✅ Успешно загружено и подготовлено 7500 IP-адресов для ротации.
2026-05-28 20:00:35,750 | INFO     |   → ✨ Сгенерировано и сохранено 50 VLESS-конфигов.
2026-05-28 20:00:35,750 | INFO     |   → 📂 Файл: /home/runner/work/vpn-vless-configs-russia/vpn-vless-configs-russia/githubmirror/new/cf_fresh.txt
2026-05-28 20:00:35,750 | INFO     |   → ======================================================================
2026-05-28 20:00:35,750 | INFO     | ✅ generate_cf_vless.py завершён успешно
2026-05-28 20:00:35,750 | INFO     | 
2026-05-28 20:00:35,750 | INFO     | 
2026-05-28 20:00:35,750 | INFO     | ──────────────────────────────────────────────────────────────────────
2026-05-28 20:00:35,750 | INFO     | 📌 ЭТАП: Слияние CF с основным списком
2026-05-28 20:00:35,750 | INFO     | ──────────────────────────────────────────────────────────────────────
2026-05-28 20:00:35,752 | INFO     | 🔄 Добавлено 50 новых CF-VLESS в /home/runner/work/vpn-vless-configs-russia/vpn-vless-configs-russia/githubmirror/clean/vless.txt
2026-05-28 20:00:35,752 | INFO     | 📊 Всего в clean/vless.txt теперь: 75
2026-05-28 20:00:35,752 | INFO     | 
2026-05-28 20:00:35,752 | INFO     | 
2026-05-28 20:00:35,752 | INFO     | ──────────────────────────────────────────────────────────────────────
2026-05-28 20:00:35,752 | INFO     | 📌 ЭТАП: Фильтрация по реальному SNI
2026-05-28 20:00:35,752 | INFO     | ──────────────────────────────────────────────────────────────────────
2026-05-28 20:00:35,752 | INFO     | 🚀 Запуск filter_ru_sni.py (Фильтр по реальному SNI (CDN+RU))...
2026-05-28 20:00:35,775 | INFO     |   → ss.txt: 4 → 0 (SNI-filtered)
2026-05-28 20:00:35,775 | INFO     |   →   vless.txt: 75 → 5 (SNI-filtered)
2026-05-28 20:00:35,775 | INFO     |   →   vmess.txt: 1 → 0 (SNI-filtered)
2026-05-28 20:00:35,775 | INFO     |   → ==================================================
2026-05-28 20:00:35,775 | INFO     |   →   Всего входных:  80
2026-05-28 20:00:35,775 | INFO     |   →   Прошли фильтр:  5
2026-05-28 20:00:35,775 | INFO     |   →   Отброшено:      75
2026-05-28 20:00:35,775 | INFO     |   → ==================================================
2026-05-28 20:00:35,775 | INFO     |   → Готово → /home/runner/work/vpn-vless-configs-russia/vpn-vless-configs-russia/githubmirror/ru-sni
2026-05-28 20:00:35,775 | INFO     | ✅ filter_ru_sni.py завершён успешно
2026-05-28 20:00:35,775 | INFO     | 
2026-05-28 20:00:35,775 | INFO     | 
2026-05-28 20:00:35,775 | INFO     | ──────────────────────────────────────────────────────────────────────
2026-05-28 20:00:35,776 | INFO     | 📌 ЭТАП: Экспериментальный RU-SNI фильтр
2026-05-28 20:00:35,776 | INFO     | ──────────────────────────────────────────────────────────────────────
2026-05-28 20:00:35,776 | INFO     | 🚀 Запуск filter_ru_sni_local.py (Экспериментальный фильтр по RU-SNI (локальные домены))...
2026-05-28 20:00:35,797 | INFO     |   → ss.txt: 4 → 0 (RU-SNI)
2026-05-28 20:00:35,798 | INFO     |   → vless.txt: 75 → 1 (RU-SNI)
2026-05-28 20:00:35,798 | INFO     |   → vmess.txt: 1 → 0 (RU-SNI)
2026-05-28 20:00:35,798 | INFO     |   → ==================================================
2026-05-28 20:00:35,798 | INFO     |   → Всего входных:  80
2026-05-28 20:00:35,798 | INFO     |   → Прошли RU-SNI:  1
2026-05-28 20:00:35,798 | INFO     |   → Отброшено:      79
2026-05-28 20:00:35,798 | INFO     |   → ==================================================
2026-05-28 20:00:35,798 | INFO     |   → Готово → /home/runner/work/vpn-vless-configs-russia/vpn-vless-configs-russia/githubmirror/ru-sni-local
2026-05-28 20:00:35,798 | INFO     | ✅ filter_ru_sni_local.py завершён успешно
2026-05-28 20:00:35,798 | INFO     | 
2026-05-28 20:00:35,798 | INFO     | 
2026-05-28 20:00:35,798 | INFO     | ──────────────────────────────────────────────────────────────────────
2026-05-28 20:00:35,798 | INFO     | 📌 ЭТАП: Сбор статистики
2026-05-28 20:00:35,798 | INFO     | ──────────────────────────────────────────────────────────────────────
2026-05-28 20:00:35,798 | INFO     | 📊 Сбор статистики...
2026-05-28 20:00:35,798 | INFO     |   📁 githubmirror/clean:
2026-05-28 20:00:35,798 | INFO     |     • ss          :     4 конфигов
2026-05-28 20:00:35,798 | INFO     |     • vless       :    75 конфигов
2026-05-28 20:00:35,798 | INFO     |     • vmess       :     1 конфигов
2026-05-28 20:00:35,798 | INFO     |   📁 githubmirror/ru-sni:
2026-05-28 20:00:35,799 | INFO     |     • ss          :     0 конфигов (  0.0% от clean)
2026-05-28 20:00:35,799 | INFO     |     • vless       :     5 конфигов (  6.7% от clean)
2026-05-28 20:00:35,799 | INFO     |     • vmess       :     0 конфигов (  0.0% от clean)
2026-05-28 20:00:35,799 | INFO     |   ✨ Новых CF-VLESS в этом запуске: 50
2026-05-28 20:00:35,799 | INFO     | 
2026-05-28 20:00:35,799 | INFO     |   ──────────────────────────────────────────────────
2026-05-28 20:00:35,799 | INFO     |   📈 ИТОГО:
2026-05-28 20:00:35,799 | INFO     |     Clean (после geo-фильтра):       80
2026-05-28 20:00:35,799 | INFO     |     RU-SNI (после SNI-фильтра):       5
2026-05-28 20:00:35,799 | INFO     |     Прошло фильтр:                  6.2%
2026-05-28 20:00:35,799 | INFO     |   ──────────────────────────────────────────────────
2026-05-28 20:00:35,799 | INFO     | ✅ Статистика сохранена: /home/runner/work/vpn-vless-configs-russia/vpn-vless-configs-russia/stats.json
2026-05-28 20:00:35,799 | INFO     | 
2026-05-28 20:00:35,799 | INFO     | ======================================================================
2026-05-28 20:00:35,799 | INFO     | 📊 ИТОГОВЫЙ ОТЧЁТ
2026-05-28 20:00:35,799 | INFO     | ======================================================================
2026-05-28 20:00:35,799 | INFO     |   ✅ OK         | Загрузка и geo-фильтрация
2026-05-28 20:00:35,799 | INFO     |   ✅ OK         | Генерация 50 уникальных CF-VLESS
2026-05-28 20:00:35,799 | INFO     |   ✅ OK         | Слияние CF с основным списком
2026-05-28 20:00:35,799 | INFO     |   ✅ OK         | Фильтрация по реальному SNI
2026-05-28 20:00:35,800 | INFO     |   ✅ OK         | Экспериментальный RU-SNI фильтр
2026-05-28 20:00:35,800 | INFO     |   ✅ OK         | Сбор статистики
2026-05-28 20:00:35,800 | INFO     | ──────────────────────────────────────────────────────────────────────
2026-05-28 20:00:35,800 | INFO     | ✅ ВСЕ ЭТАПЫ УСПЕШНЫ (6/6)
2026-05-28 20:00:35,800 | INFO     | ⏰ Время завершения: 2026-05-28 20:00:35
2026-05-28 20:00:35,800 | INFO     | ======================================================================
