2026-06-13 15:03:45,134 | INFO     | ======================================================================
2026-06-13 15:03:45,135 | INFO     | 🔍 VPN KEY CHECKER - Начало проверки
2026-06-13 15:03:45,135 | INFO     | ⏰ Время старта: 2026-06-13 15:03:45
2026-06-13 15:03:45,135 | INFO     | 📂 Рабочая директория: /home/runner/work/vpn-vless-configs-russia/vpn-vless-configs-russia
2026-06-13 15:03:45,135 | INFO     | ======================================================================
2026-06-13 15:03:45,135 | INFO     | 
2026-06-13 15:03:45,135 | INFO     | 🔍 Проверка наличия скриптов...
2026-06-13 15:03:45,135 | INFO     |   ✅ mirror.py
2026-06-13 15:03:45,135 | INFO     |   ✅ generate_cf_vless.py
2026-06-13 15:03:45,135 | INFO     |   ✅ filter_ru_sni.py
2026-06-13 15:03:45,135 | INFO     |   ✅ filter_ru_sni_local.py
2026-06-13 15:03:45,135 | INFO     | 
2026-06-13 15:03:45,135 | INFO     | 
2026-06-13 15:03:45,135 | INFO     | ──────────────────────────────────────────────────────────────────────
2026-06-13 15:03:45,135 | INFO     | 📌 ЭТАП: Загрузка и geo-фильтрация
2026-06-13 15:03:45,135 | INFO     | ──────────────────────────────────────────────────────────────────────
2026-06-13 15:03:45,135 | INFO     | 🚀 Запуск mirror.py (Загрузка и фильтрация по РФ/СНГ/Европа)...
2026-06-13 15:03:48,463 | INFO     |   → 🚀 Старт: всего источников (старые + новые): 6
2026-06-13 15:03:48,464 | INFO     |   → 1/6: ✅ 0 взято | 🗑️ 0 мусор
2026-06-13 15:03:48,464 | INFO     |   → 2/6: ✅ 0 взято | 🗑️ 0 мусор
2026-06-13 15:03:48,464 | INFO     |   → 3/6: ✅ 3 взято | 🗑️ 100 мусор
2026-06-13 15:03:48,464 | INFO     |   → 4/6: ✅ 0 взято | 🗑️ 0 мусор
2026-06-13 15:03:48,464 | INFO     |   → 5/6: ✅ 5 взято | 🗑️ 9 мусор
2026-06-13 15:03:48,464 | INFO     |   → 6/6: ✅ 0 взято | 🗑️ 9 мусор
2026-06-13 15:03:48,464 | INFO     |   → ✅ ГОТОВО!
2026-06-13 15:03:48,464 | INFO     |   →    📥 Всего ключей после фильтра: 8
2026-06-13 15:03:48,464 | INFO     |   →    🔗 Уникальных IP:PORT:SCHEME: 6
2026-06-13 15:03:48,464 | INFO     |   →    🗑️ Выброшено мусора: 118
2026-06-13 15:03:48,464 | INFO     |   → 📊 По протоколам:
2026-06-13 15:03:48,464 | INFO     |   →    vless: 5
2026-06-13 15:03:48,464 | INFO     |   →    vmess: 1
2026-06-13 15:03:48,464 | INFO     | ✅ mirror.py завершён успешно
2026-06-13 15:03:48,464 | INFO     | 
2026-06-13 15:03:48,464 | INFO     | 
2026-06-13 15:03:48,464 | INFO     | ──────────────────────────────────────────────────────────────────────
2026-06-13 15:03:48,464 | INFO     | 📌 ЭТАП: Генерация 50 уникальных CF-VLESS
2026-06-13 15:03:48,464 | INFO     | ──────────────────────────────────────────────────────────────────────
2026-06-13 15:03:48,464 | INFO     | 🚀 Запуск generate_cf_vless.py (50 новых CF-VLESS)...
2026-06-13 15:03:49,490 | INFO     |   → ======================================================================
2026-06-13 15:03:49,490 | INFO     |   → 🗺️  Генератор свежих VLESS-конфигов на IP Cloudflare
2026-06-13 15:03:49,490 | INFO     |   → ======================================================================
2026-06-13 15:03:49,490 | INFO     |   →   → Загружаем актуальные IP-диапазоны Cloudflare: https://www.cloudflare.com/ips-v4
2026-06-13 15:03:49,490 | INFO     |   →   → Найдено 15 IPv4 CIDR-блоков. Преобразуем их в IP-адреса...
2026-06-13 15:03:49,490 | INFO     |   → ✅ Успешно загружено и подготовлено 7500 IP-адресов для ротации.
2026-06-13 15:03:49,490 | INFO     |   → ✨ Сгенерировано и сохранено 50 VLESS-конфигов.
2026-06-13 15:03:49,490 | INFO     |   → 📂 Файл: /home/runner/work/vpn-vless-configs-russia/vpn-vless-configs-russia/githubmirror/new/cf_fresh.txt
2026-06-13 15:03:49,490 | INFO     |   → ======================================================================
2026-06-13 15:03:49,490 | INFO     | ✅ generate_cf_vless.py завершён успешно
2026-06-13 15:03:49,490 | INFO     | 
2026-06-13 15:03:49,490 | INFO     | 
2026-06-13 15:03:49,490 | INFO     | ──────────────────────────────────────────────────────────────────────
2026-06-13 15:03:49,490 | INFO     | 📌 ЭТАП: Слияние CF с основным списком
2026-06-13 15:03:49,490 | INFO     | ──────────────────────────────────────────────────────────────────────
2026-06-13 15:03:49,491 | INFO     | 🔄 Добавлено 50 новых CF-VLESS в /home/runner/work/vpn-vless-configs-russia/vpn-vless-configs-russia/githubmirror/clean/vless.txt
2026-06-13 15:03:49,492 | INFO     | 📊 Всего в clean/vless.txt теперь: 55
2026-06-13 15:03:49,492 | INFO     | 
2026-06-13 15:03:49,492 | INFO     | 
2026-06-13 15:03:49,492 | INFO     | ──────────────────────────────────────────────────────────────────────
2026-06-13 15:03:49,492 | INFO     | 📌 ЭТАП: Фильтрация по реальному SNI
2026-06-13 15:03:49,492 | INFO     | ──────────────────────────────────────────────────────────────────────
2026-06-13 15:03:49,492 | INFO     | 🚀 Запуск filter_ru_sni.py (Фильтр по реальному SNI (CDN+RU))...
2026-06-13 15:03:49,521 | INFO     |   → vless.txt: 55 → 0 (SNI-filtered)
2026-06-13 15:03:49,521 | INFO     |   →   vmess.txt: 1 → 0 (SNI-filtered)
2026-06-13 15:03:49,521 | INFO     |   → ==================================================
2026-06-13 15:03:49,521 | INFO     |   →   Всего входных:  56
2026-06-13 15:03:49,521 | INFO     |   →   Прошли фильтр:  0
2026-06-13 15:03:49,521 | INFO     |   →   Отброшено:      56
2026-06-13 15:03:49,521 | INFO     |   → ==================================================
2026-06-13 15:03:49,521 | INFO     |   → Готово → /home/runner/work/vpn-vless-configs-russia/vpn-vless-configs-russia/githubmirror/ru-sni
2026-06-13 15:03:49,521 | INFO     | ✅ filter_ru_sni.py завершён успешно
2026-06-13 15:03:49,521 | INFO     | 
2026-06-13 15:03:49,521 | INFO     | 
2026-06-13 15:03:49,521 | INFO     | ──────────────────────────────────────────────────────────────────────
2026-06-13 15:03:49,521 | INFO     | 📌 ЭТАП: Экспериментальный RU-SNI фильтр
2026-06-13 15:03:49,521 | INFO     | ──────────────────────────────────────────────────────────────────────
2026-06-13 15:03:49,521 | INFO     | 🚀 Запуск filter_ru_sni_local.py (Экспериментальный фильтр по RU-SNI (локальные домены))...
2026-06-13 15:03:49,549 | INFO     |   → vless.txt: 55 → 0 (RU-SNI)
2026-06-13 15:03:49,549 | INFO     |   → vmess.txt: 1 → 0 (RU-SNI)
2026-06-13 15:03:49,549 | INFO     |   → ==================================================
2026-06-13 15:03:49,549 | INFO     |   → Всего входных:  56
2026-06-13 15:03:49,549 | INFO     |   → Прошли RU-SNI:  0
2026-06-13 15:03:49,549 | INFO     |   → Отброшено:      56
2026-06-13 15:03:49,549 | INFO     |   → ==================================================
2026-06-13 15:03:49,549 | INFO     |   → Готово → /home/runner/work/vpn-vless-configs-russia/vpn-vless-configs-russia/githubmirror/ru-sni-local
2026-06-13 15:03:49,549 | INFO     | ✅ filter_ru_sni_local.py завершён успешно
2026-06-13 15:03:49,549 | INFO     | 
2026-06-13 15:03:49,549 | INFO     | 
2026-06-13 15:03:49,549 | INFO     | ──────────────────────────────────────────────────────────────────────
2026-06-13 15:03:49,549 | INFO     | 📌 ЭТАП: Сбор статистики
2026-06-13 15:03:49,549 | INFO     | ──────────────────────────────────────────────────────────────────────
2026-06-13 15:03:49,549 | INFO     | 📊 Сбор статистики...
2026-06-13 15:03:49,549 | INFO     |   📁 githubmirror/clean:
2026-06-13 15:03:49,550 | INFO     |     • vless       :    55 конфигов
2026-06-13 15:03:49,550 | INFO     |     • vmess       :     1 конфигов
2026-06-13 15:03:49,550 | INFO     |   📁 githubmirror/ru-sni:
2026-06-13 15:03:49,550 | INFO     |     • vless       :     0 конфигов (  0.0% от clean)
2026-06-13 15:03:49,550 | INFO     |     • vmess       :     0 конфигов (  0.0% от clean)
2026-06-13 15:03:49,551 | INFO     |   ✨ Новых CF-VLESS в этом запуске: 50
2026-06-13 15:03:49,551 | INFO     | 
2026-06-13 15:03:49,551 | INFO     |   ──────────────────────────────────────────────────
2026-06-13 15:03:49,551 | INFO     |   📈 ИТОГО:
2026-06-13 15:03:49,551 | INFO     |     Clean (после geo-фильтра):       56
2026-06-13 15:03:49,551 | INFO     |     RU-SNI (после SNI-фильтра):       0
2026-06-13 15:03:49,551 | INFO     |     Прошло фильтр:                  0.0%
2026-06-13 15:03:49,551 | INFO     |   ──────────────────────────────────────────────────
2026-06-13 15:03:49,551 | INFO     | ✅ Статистика сохранена: /home/runner/work/vpn-vless-configs-russia/vpn-vless-configs-russia/stats.json
2026-06-13 15:03:49,551 | INFO     | 
2026-06-13 15:03:49,551 | INFO     | ======================================================================
2026-06-13 15:03:49,551 | INFO     | 📊 ИТОГОВЫЙ ОТЧЁТ
2026-06-13 15:03:49,551 | INFO     | ======================================================================
2026-06-13 15:03:49,551 | INFO     |   ✅ OK         | Загрузка и geo-фильтрация
2026-06-13 15:03:49,551 | INFO     |   ✅ OK         | Генерация 50 уникальных CF-VLESS
2026-06-13 15:03:49,551 | INFO     |   ✅ OK         | Слияние CF с основным списком
2026-06-13 15:03:49,551 | INFO     |   ✅ OK         | Фильтрация по реальному SNI
2026-06-13 15:03:49,551 | INFO     |   ✅ OK         | Экспериментальный RU-SNI фильтр
2026-06-13 15:03:49,551 | INFO     |   ✅ OK         | Сбор статистики
2026-06-13 15:03:49,551 | INFO     | ──────────────────────────────────────────────────────────────────────
2026-06-13 15:03:49,551 | INFO     | ✅ ВСЕ ЭТАПЫ УСПЕШНЫ (6/6)
2026-06-13 15:03:49,551 | INFO     | ⏰ Время завершения: 2026-06-13 15:03:49
2026-06-13 15:03:49,551 | INFO     | ======================================================================
