2026-06-29 21:43:12,693 | INFO     | ======================================================================
2026-06-29 21:43:12,693 | INFO     | 🔍 VPN KEY CHECKER - Начало проверки
2026-06-29 21:43:12,693 | INFO     | ⏰ Время старта: 2026-06-29 21:43:12
2026-06-29 21:43:12,693 | INFO     | 📂 Рабочая директория: /home/runner/work/vpn-vless-configs-russia/vpn-vless-configs-russia
2026-06-29 21:43:12,693 | INFO     | ======================================================================
2026-06-29 21:43:12,693 | INFO     | 
2026-06-29 21:43:12,693 | INFO     | 🔍 Проверка наличия скриптов...
2026-06-29 21:43:12,693 | INFO     |   ✅ mirror.py
2026-06-29 21:43:12,693 | INFO     |   ✅ generate_cf_vless.py
2026-06-29 21:43:12,693 | INFO     |   ✅ filter_ru_sni.py
2026-06-29 21:43:12,694 | INFO     |   ✅ filter_ru_sni_local.py
2026-06-29 21:43:12,694 | INFO     | 
2026-06-29 21:43:12,694 | INFO     | 
2026-06-29 21:43:12,694 | INFO     | ──────────────────────────────────────────────────────────────────────
2026-06-29 21:43:12,694 | INFO     | 📌 ЭТАП: Загрузка и geo-фильтрация
2026-06-29 21:43:12,694 | INFO     | ──────────────────────────────────────────────────────────────────────
2026-06-29 21:43:12,694 | INFO     | 🚀 Запуск mirror.py (Загрузка и фильтрация по РФ/СНГ/Европа)...
2026-06-29 21:43:16,199 | INFO     |   → 🚀 Старт: всего источников (старые + новые): 8
2026-06-29 21:43:16,200 | INFO     |   → 1/8: ✅ 0 взято | 🗑️ 0 мусор
2026-06-29 21:43:16,200 | INFO     |   → 2/8: ✅ 0 взято | 🗑️ 0 мусор
2026-06-29 21:43:16,200 | INFO     |   → 3/8: ✅ 8 взято | 🗑️ 161 мусор
2026-06-29 21:43:16,200 | INFO     |   → 4/8: ✅ 0 взято | 🗑️ 0 мусор
2026-06-29 21:43:16,200 | INFO     |   → 5/8: ✅ 4 взято | 🗑️ 191 мусор
2026-06-29 21:43:16,200 | INFO     |   → 6/8: ✅ 0 взято | 🗑️ 0 мусор
2026-06-29 21:43:16,200 | INFO     |   → 7/8: ✅ 13 взято | 🗑️ 10 мусор
2026-06-29 21:43:16,200 | INFO     |   → 8/8: ✅ 0 взято | 🗑️ 10 мусор
2026-06-29 21:43:16,200 | INFO     |   → ✅ ГОТОВО!
2026-06-29 21:43:16,200 | INFO     |   →    📥 Всего ключей после фильтра: 25
2026-06-29 21:43:16,200 | INFO     |   →    🔗 Уникальных IP:PORT:SCHEME: 21
2026-06-29 21:43:16,200 | INFO     |   →    🗑️ Выброшено мусора: 372
2026-06-29 21:43:16,200 | INFO     |   → 📊 По протоколам:
2026-06-29 21:43:16,200 | INFO     |   →    vless: 19
2026-06-29 21:43:16,200 | INFO     |   →    trojan: 2
2026-06-29 21:43:16,201 | INFO     | ✅ mirror.py завершён успешно
2026-06-29 21:43:16,201 | INFO     | 
2026-06-29 21:43:16,201 | INFO     | 
2026-06-29 21:43:16,201 | INFO     | ──────────────────────────────────────────────────────────────────────
2026-06-29 21:43:16,201 | INFO     | 📌 ЭТАП: Генерация 50 уникальных CF-VLESS
2026-06-29 21:43:16,201 | INFO     | ──────────────────────────────────────────────────────────────────────
2026-06-29 21:43:16,201 | INFO     | 🚀 Запуск generate_cf_vless.py (50 новых CF-VLESS)...
2026-06-29 21:43:17,209 | INFO     |   → ======================================================================
2026-06-29 21:43:17,209 | INFO     |   → 🗺️  Генератор свежих VLESS-конфигов на IP Cloudflare
2026-06-29 21:43:17,209 | INFO     |   → ======================================================================
2026-06-29 21:43:17,209 | INFO     |   →   → Загружаем актуальные IP-диапазоны Cloudflare: https://www.cloudflare.com/ips-v4
2026-06-29 21:43:17,209 | INFO     |   →   → Найдено 15 IPv4 CIDR-блоков. Преобразуем их в IP-адреса...
2026-06-29 21:43:17,209 | INFO     |   → ✅ Успешно загружено и подготовлено 7500 IP-адресов для ротации.
2026-06-29 21:43:17,209 | INFO     |   → ✨ Сгенерировано и сохранено 50 VLESS-конфигов.
2026-06-29 21:43:17,209 | INFO     |   → 📂 Файл: /home/runner/work/vpn-vless-configs-russia/vpn-vless-configs-russia/githubmirror/new/cf_fresh.txt
2026-06-29 21:43:17,210 | INFO     |   → ======================================================================
2026-06-29 21:43:17,210 | INFO     | ✅ generate_cf_vless.py завершён успешно
2026-06-29 21:43:17,210 | INFO     | 
2026-06-29 21:43:17,210 | INFO     | 
2026-06-29 21:43:17,210 | INFO     | ──────────────────────────────────────────────────────────────────────
2026-06-29 21:43:17,210 | INFO     | 📌 ЭТАП: Слияние CF с основным списком
2026-06-29 21:43:17,210 | INFO     | ──────────────────────────────────────────────────────────────────────
2026-06-29 21:43:17,212 | INFO     | 🔄 Добавлено 50 новых CF-VLESS в /home/runner/work/vpn-vless-configs-russia/vpn-vless-configs-russia/githubmirror/clean/vless.txt
2026-06-29 21:43:17,212 | INFO     | 📊 Всего в clean/vless.txt теперь: 69
2026-06-29 21:43:17,212 | INFO     | 
2026-06-29 21:43:17,212 | INFO     | 
2026-06-29 21:43:17,212 | INFO     | ──────────────────────────────────────────────────────────────────────
2026-06-29 21:43:17,212 | INFO     | 📌 ЭТАП: Фильтрация по реальному SNI
2026-06-29 21:43:17,212 | INFO     | ──────────────────────────────────────────────────────────────────────
2026-06-29 21:43:17,212 | INFO     | 🚀 Запуск filter_ru_sni.py (Фильтр по реальному SNI (CDN+RU))...
2026-06-29 21:43:17,241 | INFO     |   → trojan.txt: 2 → 0 (SNI-filtered)
2026-06-29 21:43:17,241 | INFO     |   →   vless.txt: 69 → 1 (SNI-filtered)
2026-06-29 21:43:17,241 | INFO     |   → ==================================================
2026-06-29 21:43:17,241 | INFO     |   →   Всего входных:  71
2026-06-29 21:43:17,242 | INFO     |   →   Прошли фильтр:  1
2026-06-29 21:43:17,242 | INFO     |   →   Отброшено:      70
2026-06-29 21:43:17,242 | INFO     |   → ==================================================
2026-06-29 21:43:17,242 | INFO     |   → Готово → /home/runner/work/vpn-vless-configs-russia/vpn-vless-configs-russia/githubmirror/ru-sni
2026-06-29 21:43:17,242 | INFO     | ✅ filter_ru_sni.py завершён успешно
2026-06-29 21:43:17,242 | INFO     | 
2026-06-29 21:43:17,242 | INFO     | 
2026-06-29 21:43:17,242 | INFO     | ──────────────────────────────────────────────────────────────────────
2026-06-29 21:43:17,242 | INFO     | 📌 ЭТАП: Экспериментальный RU-SNI фильтр
2026-06-29 21:43:17,242 | INFO     | ──────────────────────────────────────────────────────────────────────
2026-06-29 21:43:17,242 | INFO     | 🚀 Запуск filter_ru_sni_local.py (Экспериментальный фильтр по RU-SNI (локальные домены))...
2026-06-29 21:43:17,268 | INFO     |   → trojan.txt: 2 → 0 (RU-SNI)
2026-06-29 21:43:17,268 | INFO     |   → vless.txt: 69 → 0 (RU-SNI)
2026-06-29 21:43:17,268 | INFO     |   → ==================================================
2026-06-29 21:43:17,268 | INFO     |   → Всего входных:  71
2026-06-29 21:43:17,268 | INFO     |   → Прошли RU-SNI:  0
2026-06-29 21:43:17,268 | INFO     |   → Отброшено:      71
2026-06-29 21:43:17,268 | INFO     |   → ==================================================
2026-06-29 21:43:17,269 | INFO     |   → Готово → /home/runner/work/vpn-vless-configs-russia/vpn-vless-configs-russia/githubmirror/ru-sni-local
2026-06-29 21:43:17,269 | INFO     | ✅ filter_ru_sni_local.py завершён успешно
2026-06-29 21:43:17,269 | INFO     | 
2026-06-29 21:43:17,269 | INFO     | 
2026-06-29 21:43:17,269 | INFO     | ──────────────────────────────────────────────────────────────────────
2026-06-29 21:43:17,269 | INFO     | 📌 ЭТАП: Сбор статистики
2026-06-29 21:43:17,269 | INFO     | ──────────────────────────────────────────────────────────────────────
2026-06-29 21:43:17,269 | INFO     | 📊 Сбор статистики...
2026-06-29 21:43:17,269 | INFO     |   📁 githubmirror/clean:
2026-06-29 21:43:17,269 | INFO     |     • trojan      :     2 конфигов
2026-06-29 21:43:17,269 | INFO     |     • vless       :    69 конфигов
2026-06-29 21:43:17,269 | INFO     |   📁 githubmirror/ru-sni:
2026-06-29 21:43:17,270 | INFO     |     • trojan      :     0 конфигов (  0.0% от clean)
2026-06-29 21:43:17,270 | INFO     |     • vless       :     1 конфигов (  1.4% от clean)
2026-06-29 21:43:17,270 | INFO     |   ✨ Новых CF-VLESS в этом запуске: 50
2026-06-29 21:43:17,270 | INFO     | 
2026-06-29 21:43:17,270 | INFO     |   ──────────────────────────────────────────────────
2026-06-29 21:43:17,270 | INFO     |   📈 ИТОГО:
2026-06-29 21:43:17,270 | INFO     |     Clean (после geo-фильтра):       71
2026-06-29 21:43:17,270 | INFO     |     RU-SNI (после SNI-фильтра):       1
2026-06-29 21:43:17,270 | INFO     |     Прошло фильтр:                  1.4%
2026-06-29 21:43:17,270 | INFO     |   ──────────────────────────────────────────────────
2026-06-29 21:43:17,271 | INFO     | ✅ Статистика сохранена: /home/runner/work/vpn-vless-configs-russia/vpn-vless-configs-russia/stats.json
2026-06-29 21:43:17,271 | INFO     | 
2026-06-29 21:43:17,271 | INFO     | ======================================================================
2026-06-29 21:43:17,271 | INFO     | 📊 ИТОГОВЫЙ ОТЧЁТ
2026-06-29 21:43:17,271 | INFO     | ======================================================================
2026-06-29 21:43:17,271 | INFO     |   ✅ OK         | Загрузка и geo-фильтрация
2026-06-29 21:43:17,271 | INFO     |   ✅ OK         | Генерация 50 уникальных CF-VLESS
2026-06-29 21:43:17,271 | INFO     |   ✅ OK         | Слияние CF с основным списком
2026-06-29 21:43:17,271 | INFO     |   ✅ OK         | Фильтрация по реальному SNI
2026-06-29 21:43:17,271 | INFO     |   ✅ OK         | Экспериментальный RU-SNI фильтр
2026-06-29 21:43:17,271 | INFO     |   ✅ OK         | Сбор статистики
2026-06-29 21:43:17,271 | INFO     | ──────────────────────────────────────────────────────────────────────
2026-06-29 21:43:17,271 | INFO     | ✅ ВСЕ ЭТАПЫ УСПЕШНЫ (6/6)
2026-06-29 21:43:17,271 | INFO     | ⏰ Время завершения: 2026-06-29 21:43:17
2026-06-29 21:43:17,271 | INFO     | ======================================================================
