2026-06-30 17:57:14,567 | INFO     | ======================================================================
2026-06-30 17:57:14,567 | INFO     | 🔍 VPN KEY CHECKER - Начало проверки
2026-06-30 17:57:14,567 | INFO     | ⏰ Время старта: 2026-06-30 17:57:14
2026-06-30 17:57:14,567 | INFO     | 📂 Рабочая директория: /home/runner/work/vpn-vless-configs-russia/vpn-vless-configs-russia
2026-06-30 17:57:14,567 | INFO     | ======================================================================
2026-06-30 17:57:14,567 | INFO     | 
2026-06-30 17:57:14,567 | INFO     | 🔍 Проверка наличия скриптов...
2026-06-30 17:57:14,567 | INFO     |   ✅ mirror.py
2026-06-30 17:57:14,567 | INFO     |   ✅ generate_cf_vless.py
2026-06-30 17:57:14,568 | INFO     |   ✅ filter_ru_sni.py
2026-06-30 17:57:14,568 | INFO     |   ✅ filter_ru_sni_local.py
2026-06-30 17:57:14,568 | INFO     | 
2026-06-30 17:57:14,568 | INFO     | 
2026-06-30 17:57:14,568 | INFO     | ──────────────────────────────────────────────────────────────────────
2026-06-30 17:57:14,568 | INFO     | 📌 ЭТАП: Загрузка и geo-фильтрация
2026-06-30 17:57:14,568 | INFO     | ──────────────────────────────────────────────────────────────────────
2026-06-30 17:57:14,568 | INFO     | 🚀 Запуск mirror.py (Загрузка и фильтрация по РФ/СНГ/Европа)...
2026-06-30 17:57:18,296 | INFO     |   → 🚀 Старт: всего источников (старые + новые): 8
2026-06-30 17:57:18,297 | INFO     |   → 1/8: ✅ 0 взято | 🗑️ 0 мусор
2026-06-30 17:57:18,297 | INFO     |   → 2/8: ✅ 0 взято | 🗑️ 0 мусор
2026-06-30 17:57:18,297 | INFO     |   → 3/8: ✅ 8 взято | 🗑️ 60 мусор
2026-06-30 17:57:18,297 | INFO     |   → 4/8: ✅ 0 взято | 🗑️ 0 мусор
2026-06-30 17:57:18,297 | INFO     |   → 5/8: ✅ 4 взято | 🗑️ 224 мусор
2026-06-30 17:57:18,297 | INFO     |   → 6/8: ✅ 0 взято | 🗑️ 0 мусор
2026-06-30 17:57:18,297 | INFO     |   → 7/8: ✅ 13 взято | 🗑️ 10 мусор
2026-06-30 17:57:18,297 | INFO     |   → 8/8: ✅ 0 взято | 🗑️ 10 мусор
2026-06-30 17:57:18,297 | INFO     |   → ✅ ГОТОВО!
2026-06-30 17:57:18,297 | INFO     |   →    📥 Всего ключей после фильтра: 25
2026-06-30 17:57:18,297 | INFO     |   →    🔗 Уникальных IP:PORT:SCHEME: 20
2026-06-30 17:57:18,297 | INFO     |   →    🗑️ Выброшено мусора: 304
2026-06-30 17:57:18,297 | INFO     |   → 📊 По протоколам:
2026-06-30 17:57:18,297 | INFO     |   →    vless: 17
2026-06-30 17:57:18,297 | INFO     |   →    trojan: 2
2026-06-30 17:57:18,297 | INFO     |   →    hysteria2: 1
2026-06-30 17:57:18,297 | INFO     | ✅ mirror.py завершён успешно
2026-06-30 17:57:18,297 | INFO     | 
2026-06-30 17:57:18,298 | INFO     | 
2026-06-30 17:57:18,298 | INFO     | ──────────────────────────────────────────────────────────────────────
2026-06-30 17:57:18,298 | INFO     | 📌 ЭТАП: Генерация 50 уникальных CF-VLESS
2026-06-30 17:57:18,298 | INFO     | ──────────────────────────────────────────────────────────────────────
2026-06-30 17:57:18,298 | INFO     | 🚀 Запуск generate_cf_vless.py (50 новых CF-VLESS)...
2026-06-30 17:57:19,370 | INFO     |   → ======================================================================
2026-06-30 17:57:19,370 | INFO     |   → 🗺️  Генератор свежих VLESS-конфигов на IP Cloudflare
2026-06-30 17:57:19,370 | INFO     |   → ======================================================================
2026-06-30 17:57:19,370 | INFO     |   →   → Загружаем актуальные IP-диапазоны Cloudflare: https://www.cloudflare.com/ips-v4
2026-06-30 17:57:19,371 | INFO     |   →   → Найдено 15 IPv4 CIDR-блоков. Преобразуем их в IP-адреса...
2026-06-30 17:57:19,371 | INFO     |   → ✅ Успешно загружено и подготовлено 7500 IP-адресов для ротации.
2026-06-30 17:57:19,371 | INFO     |   → ✨ Сгенерировано и сохранено 50 VLESS-конфигов.
2026-06-30 17:57:19,371 | INFO     |   → 📂 Файл: /home/runner/work/vpn-vless-configs-russia/vpn-vless-configs-russia/githubmirror/new/cf_fresh.txt
2026-06-30 17:57:19,371 | INFO     |   → ======================================================================
2026-06-30 17:57:19,371 | INFO     | ✅ generate_cf_vless.py завершён успешно
2026-06-30 17:57:19,371 | INFO     | 
2026-06-30 17:57:19,371 | INFO     | 
2026-06-30 17:57:19,371 | INFO     | ──────────────────────────────────────────────────────────────────────
2026-06-30 17:57:19,371 | INFO     | 📌 ЭТАП: Слияние CF с основным списком
2026-06-30 17:57:19,371 | INFO     | ──────────────────────────────────────────────────────────────────────
2026-06-30 17:57:19,372 | INFO     | 🔄 Добавлено 50 новых CF-VLESS в /home/runner/work/vpn-vless-configs-russia/vpn-vless-configs-russia/githubmirror/clean/vless.txt
2026-06-30 17:57:19,372 | INFO     | 📊 Всего в clean/vless.txt теперь: 67
2026-06-30 17:57:19,372 | INFO     | 
2026-06-30 17:57:19,373 | INFO     | 
2026-06-30 17:57:19,373 | INFO     | ──────────────────────────────────────────────────────────────────────
2026-06-30 17:57:19,373 | INFO     | 📌 ЭТАП: Фильтрация по реальному SNI
2026-06-30 17:57:19,373 | INFO     | ──────────────────────────────────────────────────────────────────────
2026-06-30 17:57:19,373 | INFO     | 🚀 Запуск filter_ru_sni.py (Фильтр по реальному SNI (CDN+RU))...
2026-06-30 17:57:19,403 | INFO     |   → hysteria2.txt: 1 → 0 (SNI-filtered)
2026-06-30 17:57:19,403 | INFO     |   →   trojan.txt: 2 → 0 (SNI-filtered)
2026-06-30 17:57:19,403 | INFO     |   →   vless.txt: 67 → 0 (SNI-filtered)
2026-06-30 17:57:19,403 | INFO     |   → ==================================================
2026-06-30 17:57:19,403 | INFO     |   →   Всего входных:  70
2026-06-30 17:57:19,403 | INFO     |   →   Прошли фильтр:  0
2026-06-30 17:57:19,403 | INFO     |   →   Отброшено:      70
2026-06-30 17:57:19,403 | INFO     |   → ==================================================
2026-06-30 17:57:19,403 | INFO     |   → Готово → /home/runner/work/vpn-vless-configs-russia/vpn-vless-configs-russia/githubmirror/ru-sni
2026-06-30 17:57:19,403 | INFO     | ✅ filter_ru_sni.py завершён успешно
2026-06-30 17:57:19,403 | INFO     | 
2026-06-30 17:57:19,403 | INFO     | 
2026-06-30 17:57:19,404 | INFO     | ──────────────────────────────────────────────────────────────────────
2026-06-30 17:57:19,404 | INFO     | 📌 ЭТАП: Экспериментальный RU-SNI фильтр
2026-06-30 17:57:19,404 | INFO     | ──────────────────────────────────────────────────────────────────────
2026-06-30 17:57:19,404 | INFO     | 🚀 Запуск filter_ru_sni_local.py (Экспериментальный фильтр по RU-SNI (локальные домены))...
2026-06-30 17:57:19,432 | INFO     |   → hysteria2.txt: 1 → 0 (RU-SNI)
2026-06-30 17:57:19,433 | INFO     |   → trojan.txt: 2 → 0 (RU-SNI)
2026-06-30 17:57:19,433 | INFO     |   → vless.txt: 67 → 0 (RU-SNI)
2026-06-30 17:57:19,433 | INFO     |   → ==================================================
2026-06-30 17:57:19,433 | INFO     |   → Всего входных:  70
2026-06-30 17:57:19,433 | INFO     |   → Прошли RU-SNI:  0
2026-06-30 17:57:19,433 | INFO     |   → Отброшено:      70
2026-06-30 17:57:19,433 | INFO     |   → ==================================================
2026-06-30 17:57:19,433 | INFO     |   → Готово → /home/runner/work/vpn-vless-configs-russia/vpn-vless-configs-russia/githubmirror/ru-sni-local
2026-06-30 17:57:19,433 | INFO     | ✅ filter_ru_sni_local.py завершён успешно
2026-06-30 17:57:19,433 | INFO     | 
2026-06-30 17:57:19,433 | INFO     | 
2026-06-30 17:57:19,433 | INFO     | ──────────────────────────────────────────────────────────────────────
2026-06-30 17:57:19,433 | INFO     | 📌 ЭТАП: Сбор статистики
2026-06-30 17:57:19,433 | INFO     | ──────────────────────────────────────────────────────────────────────
2026-06-30 17:57:19,433 | INFO     | 📊 Сбор статистики...
2026-06-30 17:57:19,433 | INFO     |   📁 githubmirror/clean:
2026-06-30 17:57:19,434 | INFO     |     • hysteria2   :     1 конфигов
2026-06-30 17:57:19,434 | INFO     |     • trojan      :     2 конфигов
2026-06-30 17:57:19,434 | INFO     |     • vless       :    67 конфигов
2026-06-30 17:57:19,434 | INFO     |   📁 githubmirror/ru-sni:
2026-06-30 17:57:19,434 | INFO     |     • hysteria2   :     0 конфигов (  0.0% от clean)
2026-06-30 17:57:19,435 | INFO     |     • trojan      :     0 конфигов (  0.0% от clean)
2026-06-30 17:57:19,435 | INFO     |     • vless       :     0 конфигов (  0.0% от clean)
2026-06-30 17:57:19,435 | INFO     |   ✨ Новых CF-VLESS в этом запуске: 50
2026-06-30 17:57:19,435 | INFO     | 
2026-06-30 17:57:19,435 | INFO     |   ──────────────────────────────────────────────────
2026-06-30 17:57:19,435 | INFO     |   📈 ИТОГО:
2026-06-30 17:57:19,435 | INFO     |     Clean (после geo-фильтра):       70
2026-06-30 17:57:19,435 | INFO     |     RU-SNI (после SNI-фильтра):       0
2026-06-30 17:57:19,435 | INFO     |     Прошло фильтр:                  0.0%
2026-06-30 17:57:19,435 | INFO     |   ──────────────────────────────────────────────────
2026-06-30 17:57:19,435 | INFO     | ✅ Статистика сохранена: /home/runner/work/vpn-vless-configs-russia/vpn-vless-configs-russia/stats.json
2026-06-30 17:57:19,435 | INFO     | 
2026-06-30 17:57:19,435 | INFO     | ======================================================================
2026-06-30 17:57:19,435 | INFO     | 📊 ИТОГОВЫЙ ОТЧЁТ
2026-06-30 17:57:19,435 | INFO     | ======================================================================
2026-06-30 17:57:19,435 | INFO     |   ✅ OK         | Загрузка и geo-фильтрация
2026-06-30 17:57:19,435 | INFO     |   ✅ OK         | Генерация 50 уникальных CF-VLESS
2026-06-30 17:57:19,436 | INFO     |   ✅ OK         | Слияние CF с основным списком
2026-06-30 17:57:19,436 | INFO     |   ✅ OK         | Фильтрация по реальному SNI
2026-06-30 17:57:19,436 | INFO     |   ✅ OK         | Экспериментальный RU-SNI фильтр
2026-06-30 17:57:19,436 | INFO     |   ✅ OK         | Сбор статистики
2026-06-30 17:57:19,436 | INFO     | ──────────────────────────────────────────────────────────────────────
2026-06-30 17:57:19,436 | INFO     | ✅ ВСЕ ЭТАПЫ УСПЕШНЫ (6/6)
2026-06-30 17:57:19,436 | INFO     | ⏰ Время завершения: 2026-06-30 17:57:19
2026-06-30 17:57:19,436 | INFO     | ======================================================================
