2026-05-19 20:57:05,265 | INFO     | ======================================================================
2026-05-19 20:57:05,265 | INFO     | 🔍 VPN KEY CHECKER - Начало проверки
2026-05-19 20:57:05,265 | INFO     | ⏰ Время старта: 2026-05-19 20:57:05
2026-05-19 20:57:05,265 | INFO     | 📂 Рабочая директория: /home/runner/work/vpn-vless-configs-russia/vpn-vless-configs-russia
2026-05-19 20:57:05,265 | INFO     | ======================================================================
2026-05-19 20:57:05,265 | INFO     | 
2026-05-19 20:57:05,265 | INFO     | 🔍 Проверка наличия скриптов...
2026-05-19 20:57:05,265 | INFO     |   ✅ mirror.py
2026-05-19 20:57:05,265 | INFO     |   ✅ generate_cf_vless.py
2026-05-19 20:57:05,266 | INFO     |   ✅ filter_ru_sni.py
2026-05-19 20:57:05,266 | INFO     |   ✅ filter_ru_sni_local.py
2026-05-19 20:57:05,266 | INFO     | 
2026-05-19 20:57:05,266 | INFO     | 
2026-05-19 20:57:05,266 | INFO     | ──────────────────────────────────────────────────────────────────────
2026-05-19 20:57:05,266 | INFO     | 📌 ЭТАП: Загрузка и geo-фильтрация
2026-05-19 20:57:05,266 | INFO     | ──────────────────────────────────────────────────────────────────────
2026-05-19 20:57:05,266 | INFO     | 🚀 Запуск mirror.py (Загрузка и фильтрация по РФ/СНГ/Европа)...
2026-05-19 20:57:08,858 | INFO     |   → 🚀 Старт: всего источников (старые + новые): 8
2026-05-19 20:57:08,858 | INFO     |   → 1/8 ⚠️ Ошибка: HTTPSConnectionPool(host='free.datiya.com', port=443): Max retries exceeded with url: /uploads/20260519-clash.yaml (Caused by SSLError(SSLCertVerificationError(1, "[SSL: CERTIFICATE_VERIFY_FAILED] certificate verify failed: Hostname mismatch, certificate is not valid for 'free.datiya.com'. (_ssl.c:1016)"))) — https://free.datiya.com/uploads/20260519-clash.yaml
2026-05-19 20:57:08,859 | INFO     |   → 2/8 ⚠️ Ошибка: HTTPSConnectionPool(host='free.datiya.com', port=443): Max retries exceeded with url: /uploads/20260519-v2ray.txt (Caused by SSLError(SSLCertVerificationError(1, "[SSL: CERTIFICATE_VERIFY_FAILED] certificate verify failed: Hostname mismatch, certificate is not valid for 'free.datiya.com'. (_ssl.c:1016)"))) — https://free.datiya.com/uploads/20260519-v2ray.txt
2026-05-19 20:57:08,859 | INFO     |   → 3/8: ✅ 3 взято | 🗑️ 161 мусор
2026-05-19 20:57:08,859 | INFO     |   → 4/8: ✅ 0 взято | 🗑️ 0 мусор
2026-05-19 20:57:08,859 | INFO     |   → 5/8: ✅ 6 взято | 🗑️ 17 мусор
2026-05-19 20:57:08,859 | INFO     |   → 6/8: ✅ 0 взято | 🗑️ 17 мусор
2026-05-19 20:57:08,859 | INFO     |   → 7/8: ✅ 6 взято | 🗑️ 15 мусор
2026-05-19 20:57:08,859 | INFO     |   → 8/8: ✅ 0 взято | 🗑️ 0 мусор
2026-05-19 20:57:08,859 | INFO     |   → ✅ ГОТОВО!
2026-05-19 20:57:08,859 | INFO     |   →    📥 Всего ключей после фильтра: 15
2026-05-19 20:57:08,859 | INFO     |   →    🔗 Уникальных IP:PORT:SCHEME: 15
2026-05-19 20:57:08,859 | INFO     |   →    🗑️ Выброшено мусора: 210
2026-05-19 20:57:08,859 | INFO     |   → 📊 По протоколам:
2026-05-19 20:57:08,859 | INFO     |   →    vless: 9
2026-05-19 20:57:08,859 | INFO     |   →    vmess: 4
2026-05-19 20:57:08,859 | INFO     |   →    ss: 1
2026-05-19 20:57:08,859 | INFO     |   →    hysteria2: 1
2026-05-19 20:57:08,859 | INFO     | ✅ mirror.py завершён успешно
2026-05-19 20:57:08,859 | INFO     | 
2026-05-19 20:57:08,859 | INFO     | 
2026-05-19 20:57:08,859 | INFO     | ──────────────────────────────────────────────────────────────────────
2026-05-19 20:57:08,860 | INFO     | 📌 ЭТАП: Генерация 50 уникальных CF-VLESS
2026-05-19 20:57:08,860 | INFO     | ──────────────────────────────────────────────────────────────────────
2026-05-19 20:57:08,860 | INFO     | 🚀 Запуск generate_cf_vless.py (50 новых CF-VLESS)...
2026-05-19 20:57:09,864 | INFO     |   → ======================================================================
2026-05-19 20:57:09,864 | INFO     |   → 🗺️  Генератор свежих VLESS-конфигов на IP Cloudflare
2026-05-19 20:57:09,864 | INFO     |   → ======================================================================
2026-05-19 20:57:09,864 | INFO     |   →   → Загружаем актуальные IP-диапазоны Cloudflare: https://www.cloudflare.com/ips-v4
2026-05-19 20:57:09,865 | INFO     |   →   → Найдено 15 IPv4 CIDR-блоков. Преобразуем их в IP-адреса...
2026-05-19 20:57:09,865 | INFO     |   → ✅ Успешно загружено и подготовлено 7500 IP-адресов для ротации.
2026-05-19 20:57:09,865 | INFO     |   → ✨ Сгенерировано и сохранено 50 VLESS-конфигов.
2026-05-19 20:57:09,865 | INFO     |   → 📂 Файл: /home/runner/work/vpn-vless-configs-russia/vpn-vless-configs-russia/githubmirror/new/cf_fresh.txt
2026-05-19 20:57:09,865 | INFO     |   → ======================================================================
2026-05-19 20:57:09,865 | INFO     | ✅ generate_cf_vless.py завершён успешно
2026-05-19 20:57:09,865 | INFO     | 
2026-05-19 20:57:09,865 | INFO     | 
2026-05-19 20:57:09,865 | INFO     | ──────────────────────────────────────────────────────────────────────
2026-05-19 20:57:09,865 | INFO     | 📌 ЭТАП: Слияние CF с основным списком
2026-05-19 20:57:09,865 | INFO     | ──────────────────────────────────────────────────────────────────────
2026-05-19 20:57:09,867 | INFO     | 🔄 Добавлено 50 новых CF-VLESS в /home/runner/work/vpn-vless-configs-russia/vpn-vless-configs-russia/githubmirror/clean/vless.txt
2026-05-19 20:57:09,867 | INFO     | 📊 Всего в clean/vless.txt теперь: 59
2026-05-19 20:57:09,867 | INFO     | 
2026-05-19 20:57:09,867 | INFO     | 
2026-05-19 20:57:09,867 | INFO     | ──────────────────────────────────────────────────────────────────────
2026-05-19 20:57:09,867 | INFO     | 📌 ЭТАП: Фильтрация по реальному SNI
2026-05-19 20:57:09,867 | INFO     | ──────────────────────────────────────────────────────────────────────
2026-05-19 20:57:09,868 | INFO     | 🚀 Запуск filter_ru_sni.py (Фильтр по реальному SNI (CDN+RU))...
2026-05-19 20:57:09,895 | INFO     |   → hysteria2.txt: 1 → 0 (SNI-filtered)
2026-05-19 20:57:09,895 | INFO     |   →   ss.txt: 1 → 0 (SNI-filtered)
2026-05-19 20:57:09,895 | INFO     |   →   vless.txt: 59 → 2 (SNI-filtered)
2026-05-19 20:57:09,895 | INFO     |   →   vmess.txt: 4 → 0 (SNI-filtered)
2026-05-19 20:57:09,895 | INFO     |   → ==================================================
2026-05-19 20:57:09,896 | INFO     |   →   Всего входных:  65
2026-05-19 20:57:09,896 | INFO     |   →   Прошли фильтр:  2
2026-05-19 20:57:09,896 | INFO     |   →   Отброшено:      63
2026-05-19 20:57:09,896 | INFO     |   → ==================================================
2026-05-19 20:57:09,896 | INFO     |   → Готово → /home/runner/work/vpn-vless-configs-russia/vpn-vless-configs-russia/githubmirror/ru-sni
2026-05-19 20:57:09,896 | INFO     | ✅ filter_ru_sni.py завершён успешно
2026-05-19 20:57:09,896 | INFO     | 
2026-05-19 20:57:09,896 | INFO     | 
2026-05-19 20:57:09,896 | INFO     | ──────────────────────────────────────────────────────────────────────
2026-05-19 20:57:09,896 | INFO     | 📌 ЭТАП: Экспериментальный RU-SNI фильтр
2026-05-19 20:57:09,896 | INFO     | ──────────────────────────────────────────────────────────────────────
2026-05-19 20:57:09,896 | INFO     | 🚀 Запуск filter_ru_sni_local.py (Экспериментальный фильтр по RU-SNI (локальные домены))...
2026-05-19 20:57:09,922 | INFO     |   → hysteria2.txt: 1 → 0 (RU-SNI)
2026-05-19 20:57:09,923 | INFO     |   → ss.txt: 1 → 0 (RU-SNI)
2026-05-19 20:57:09,923 | INFO     |   → vless.txt: 59 → 1 (RU-SNI)
2026-05-19 20:57:09,923 | INFO     |   → vmess.txt: 4 → 0 (RU-SNI)
2026-05-19 20:57:09,923 | INFO     |   → ==================================================
2026-05-19 20:57:09,923 | INFO     |   → Всего входных:  65
2026-05-19 20:57:09,923 | INFO     |   → Прошли RU-SNI:  1
2026-05-19 20:57:09,923 | INFO     |   → Отброшено:      64
2026-05-19 20:57:09,923 | INFO     |   → ==================================================
2026-05-19 20:57:09,923 | INFO     |   → Готово → /home/runner/work/vpn-vless-configs-russia/vpn-vless-configs-russia/githubmirror/ru-sni-local
2026-05-19 20:57:09,923 | INFO     | ✅ filter_ru_sni_local.py завершён успешно
2026-05-19 20:57:09,923 | INFO     | 
2026-05-19 20:57:09,923 | INFO     | 
2026-05-19 20:57:09,923 | INFO     | ──────────────────────────────────────────────────────────────────────
2026-05-19 20:57:09,923 | INFO     | 📌 ЭТАП: Сбор статистики
2026-05-19 20:57:09,923 | INFO     | ──────────────────────────────────────────────────────────────────────
2026-05-19 20:57:09,923 | INFO     | 📊 Сбор статистики...
2026-05-19 20:57:09,923 | INFO     |   📁 githubmirror/clean:
2026-05-19 20:57:09,924 | INFO     |     • hysteria2   :     1 конфигов
2026-05-19 20:57:09,924 | INFO     |     • ss          :     1 конфигов
2026-05-19 20:57:09,924 | INFO     |     • vless       :    59 конфигов
2026-05-19 20:57:09,924 | INFO     |     • vmess       :     4 конфигов
2026-05-19 20:57:09,924 | INFO     |   📁 githubmirror/ru-sni:
2026-05-19 20:57:09,924 | INFO     |     • hysteria2   :     0 конфигов (  0.0% от clean)
2026-05-19 20:57:09,924 | INFO     |     • ss          :     0 конфигов (  0.0% от clean)
2026-05-19 20:57:09,925 | INFO     |     • vless       :     2 конфигов (  3.4% от clean)
2026-05-19 20:57:09,925 | INFO     |     • vmess       :     0 конфигов (  0.0% от clean)
2026-05-19 20:57:09,925 | INFO     |   ✨ Новых CF-VLESS в этом запуске: 50
2026-05-19 20:57:09,925 | INFO     | 
2026-05-19 20:57:09,925 | INFO     |   ──────────────────────────────────────────────────
2026-05-19 20:57:09,925 | INFO     |   📈 ИТОГО:
2026-05-19 20:57:09,925 | INFO     |     Clean (после geo-фильтра):       65
2026-05-19 20:57:09,925 | INFO     |     RU-SNI (после SNI-фильтра):       2
2026-05-19 20:57:09,925 | INFO     |     Прошло фильтр:                  3.1%
2026-05-19 20:57:09,925 | INFO     |   ──────────────────────────────────────────────────
2026-05-19 20:57:09,925 | INFO     | ✅ Статистика сохранена: /home/runner/work/vpn-vless-configs-russia/vpn-vless-configs-russia/stats.json
2026-05-19 20:57:09,926 | INFO     | 
2026-05-19 20:57:09,926 | INFO     | ======================================================================
2026-05-19 20:57:09,926 | INFO     | 📊 ИТОГОВЫЙ ОТЧЁТ
2026-05-19 20:57:09,926 | INFO     | ======================================================================
2026-05-19 20:57:09,926 | INFO     |   ✅ OK         | Загрузка и geo-фильтрация
2026-05-19 20:57:09,926 | INFO     |   ✅ OK         | Генерация 50 уникальных CF-VLESS
2026-05-19 20:57:09,926 | INFO     |   ✅ OK         | Слияние CF с основным списком
2026-05-19 20:57:09,926 | INFO     |   ✅ OK         | Фильтрация по реальному SNI
2026-05-19 20:57:09,926 | INFO     |   ✅ OK         | Экспериментальный RU-SNI фильтр
2026-05-19 20:57:09,926 | INFO     |   ✅ OK         | Сбор статистики
2026-05-19 20:57:09,926 | INFO     | ──────────────────────────────────────────────────────────────────────
2026-05-19 20:57:09,926 | INFO     | ✅ ВСЕ ЭТАПЫ УСПЕШНЫ (6/6)
2026-05-19 20:57:09,926 | INFO     | ⏰ Время завершения: 2026-05-19 20:57:09
2026-05-19 20:57:09,926 | INFO     | ======================================================================
