2026-06-11 21:33:52,547 | INFO     | ======================================================================
2026-06-11 21:33:52,547 | INFO     | 🔍 VPN KEY CHECKER - Начало проверки
2026-06-11 21:33:52,547 | INFO     | ⏰ Время старта: 2026-06-11 21:33:52
2026-06-11 21:33:52,547 | INFO     | 📂 Рабочая директория: /home/runner/work/vpn-vless-configs-russia/vpn-vless-configs-russia
2026-06-11 21:33:52,547 | INFO     | ======================================================================
2026-06-11 21:33:52,547 | INFO     | 
2026-06-11 21:33:52,547 | INFO     | 🔍 Проверка наличия скриптов...
2026-06-11 21:33:52,547 | INFO     |   ✅ mirror.py
2026-06-11 21:33:52,547 | INFO     |   ✅ generate_cf_vless.py
2026-06-11 21:33:52,547 | INFO     |   ✅ filter_ru_sni.py
2026-06-11 21:33:52,547 | INFO     |   ✅ filter_ru_sni_local.py
2026-06-11 21:33:52,547 | INFO     | 
2026-06-11 21:33:52,548 | INFO     | 
2026-06-11 21:33:52,548 | INFO     | ──────────────────────────────────────────────────────────────────────
2026-06-11 21:33:52,548 | INFO     | 📌 ЭТАП: Загрузка и geo-фильтрация
2026-06-11 21:33:52,548 | INFO     | ──────────────────────────────────────────────────────────────────────
2026-06-11 21:33:52,548 | INFO     | 🚀 Запуск mirror.py (Загрузка и фильтрация по РФ/СНГ/Европа)...
2026-06-11 21:33:57,185 | INFO     |   → 🚀 Старт: всего источников (старые + новые): 8
2026-06-11 21:33:57,185 | INFO     |   → 1/8: ✅ 0 взято | 🗑️ 0 мусор
2026-06-11 21:33:57,185 | INFO     |   → 2/8: ✅ 0 взято | 🗑️ 0 мусор
2026-06-11 21:33:57,185 | INFO     |   → 3/8: ✅ 0 взято | 🗑️ 0 мусор
2026-06-11 21:33:57,185 | INFO     |   → 4/8: ✅ 15 взято | 🗑️ 179 мусор
2026-06-11 21:33:57,185 | INFO     |   → 5/8: ✅ 0 взято | 🗑️ 161 мусор
2026-06-11 21:33:57,185 | INFO     |   → 6/8: ✅ 0 взято | 🗑️ 0 мусор
2026-06-11 21:33:57,185 | INFO     |   → 7/8: ✅ 5 взято | 🗑️ 9 мусор
2026-06-11 21:33:57,185 | INFO     |   → 8/8: ✅ 0 взято | 🗑️ 9 мусор
2026-06-11 21:33:57,185 | INFO     |   → ✅ ГОТОВО!
2026-06-11 21:33:57,185 | INFO     |   →    📥 Всего ключей после фильтра: 20
2026-06-11 21:33:57,185 | INFO     |   →    🔗 Уникальных IP:PORT:SCHEME: 14
2026-06-11 21:33:57,185 | INFO     |   →    🗑️ Выброшено мусора: 358
2026-06-11 21:33:57,185 | INFO     |   → 📊 По протоколам:
2026-06-11 21:33:57,185 | INFO     |   →    vless: 9
2026-06-11 21:33:57,185 | INFO     |   →    vmess: 1
2026-06-11 21:33:57,185 | INFO     |   →    trojan: 3
2026-06-11 21:33:57,185 | INFO     |   →    hysteria2: 1
2026-06-11 21:33:57,185 | INFO     | ✅ mirror.py завершён успешно
2026-06-11 21:33:57,185 | INFO     | 
2026-06-11 21:33:57,185 | INFO     | 
2026-06-11 21:33:57,185 | INFO     | ──────────────────────────────────────────────────────────────────────
2026-06-11 21:33:57,186 | INFO     | 📌 ЭТАП: Генерация 50 уникальных CF-VLESS
2026-06-11 21:33:57,186 | INFO     | ──────────────────────────────────────────────────────────────────────
2026-06-11 21:33:57,186 | INFO     | 🚀 Запуск generate_cf_vless.py (50 новых CF-VLESS)...
2026-06-11 21:33:58,169 | INFO     |   → ======================================================================
2026-06-11 21:33:58,169 | INFO     |   → 🗺️  Генератор свежих VLESS-конфигов на IP Cloudflare
2026-06-11 21:33:58,169 | INFO     |   → ======================================================================
2026-06-11 21:33:58,169 | INFO     |   →   → Загружаем актуальные IP-диапазоны Cloudflare: https://www.cloudflare.com/ips-v4
2026-06-11 21:33:58,169 | INFO     |   →   → Найдено 15 IPv4 CIDR-блоков. Преобразуем их в IP-адреса...
2026-06-11 21:33:58,169 | INFO     |   → ✅ Успешно загружено и подготовлено 7500 IP-адресов для ротации.
2026-06-11 21:33:58,169 | INFO     |   → ✨ Сгенерировано и сохранено 50 VLESS-конфигов.
2026-06-11 21:33:58,169 | INFO     |   → 📂 Файл: /home/runner/work/vpn-vless-configs-russia/vpn-vless-configs-russia/githubmirror/new/cf_fresh.txt
2026-06-11 21:33:58,169 | INFO     |   → ======================================================================
2026-06-11 21:33:58,169 | INFO     | ✅ generate_cf_vless.py завершён успешно
2026-06-11 21:33:58,169 | INFO     | 
2026-06-11 21:33:58,169 | INFO     | 
2026-06-11 21:33:58,169 | INFO     | ──────────────────────────────────────────────────────────────────────
2026-06-11 21:33:58,169 | INFO     | 📌 ЭТАП: Слияние CF с основным списком
2026-06-11 21:33:58,169 | INFO     | ──────────────────────────────────────────────────────────────────────
2026-06-11 21:33:58,171 | INFO     | 🔄 Добавлено 50 новых CF-VLESS в /home/runner/work/vpn-vless-configs-russia/vpn-vless-configs-russia/githubmirror/clean/vless.txt
2026-06-11 21:33:58,171 | INFO     | 📊 Всего в clean/vless.txt теперь: 59
2026-06-11 21:33:58,171 | INFO     | 
2026-06-11 21:33:58,171 | INFO     | 
2026-06-11 21:33:58,171 | INFO     | ──────────────────────────────────────────────────────────────────────
2026-06-11 21:33:58,171 | INFO     | 📌 ЭТАП: Фильтрация по реальному SNI
2026-06-11 21:33:58,171 | INFO     | ──────────────────────────────────────────────────────────────────────
2026-06-11 21:33:58,171 | INFO     | 🚀 Запуск filter_ru_sni.py (Фильтр по реальному SNI (CDN+RU))...
2026-06-11 21:33:58,197 | INFO     |   → hysteria2.txt: 1 → 0 (SNI-filtered)
2026-06-11 21:33:58,197 | INFO     |   →   trojan.txt: 3 → 0 (SNI-filtered)
2026-06-11 21:33:58,198 | INFO     |   →   vless.txt: 59 → 0 (SNI-filtered)
2026-06-11 21:33:58,198 | INFO     |   →   vmess.txt: 1 → 0 (SNI-filtered)
2026-06-11 21:33:58,198 | INFO     |   → ==================================================
2026-06-11 21:33:58,198 | INFO     |   →   Всего входных:  64
2026-06-11 21:33:58,198 | INFO     |   →   Прошли фильтр:  0
2026-06-11 21:33:58,198 | INFO     |   →   Отброшено:      64
2026-06-11 21:33:58,198 | INFO     |   → ==================================================
2026-06-11 21:33:58,198 | INFO     |   → Готово → /home/runner/work/vpn-vless-configs-russia/vpn-vless-configs-russia/githubmirror/ru-sni
2026-06-11 21:33:58,198 | INFO     | ✅ filter_ru_sni.py завершён успешно
2026-06-11 21:33:58,198 | INFO     | 
2026-06-11 21:33:58,198 | INFO     | 
2026-06-11 21:33:58,198 | INFO     | ──────────────────────────────────────────────────────────────────────
2026-06-11 21:33:58,198 | INFO     | 📌 ЭТАП: Экспериментальный RU-SNI фильтр
2026-06-11 21:33:58,198 | INFO     | ──────────────────────────────────────────────────────────────────────
2026-06-11 21:33:58,198 | INFO     | 🚀 Запуск filter_ru_sni_local.py (Экспериментальный фильтр по RU-SNI (локальные домены))...
2026-06-11 21:33:58,222 | INFO     |   → hysteria2.txt: 1 → 0 (RU-SNI)
2026-06-11 21:33:58,222 | INFO     |   → trojan.txt: 3 → 0 (RU-SNI)
2026-06-11 21:33:58,222 | INFO     |   → vless.txt: 59 → 0 (RU-SNI)
2026-06-11 21:33:58,222 | INFO     |   → vmess.txt: 1 → 0 (RU-SNI)
2026-06-11 21:33:58,222 | INFO     |   → ==================================================
2026-06-11 21:33:58,222 | INFO     |   → Всего входных:  64
2026-06-11 21:33:58,222 | INFO     |   → Прошли RU-SNI:  0
2026-06-11 21:33:58,222 | INFO     |   → Отброшено:      64
2026-06-11 21:33:58,222 | INFO     |   → ==================================================
2026-06-11 21:33:58,222 | INFO     |   → Готово → /home/runner/work/vpn-vless-configs-russia/vpn-vless-configs-russia/githubmirror/ru-sni-local
2026-06-11 21:33:58,222 | INFO     | ✅ filter_ru_sni_local.py завершён успешно
2026-06-11 21:33:58,222 | INFO     | 
2026-06-11 21:33:58,222 | INFO     | 
2026-06-11 21:33:58,222 | INFO     | ──────────────────────────────────────────────────────────────────────
2026-06-11 21:33:58,222 | INFO     | 📌 ЭТАП: Сбор статистики
2026-06-11 21:33:58,222 | INFO     | ──────────────────────────────────────────────────────────────────────
2026-06-11 21:33:58,222 | INFO     | 📊 Сбор статистики...
2026-06-11 21:33:58,222 | INFO     |   📁 githubmirror/clean:
2026-06-11 21:33:58,223 | INFO     |     • hysteria2   :     1 конфигов
2026-06-11 21:33:58,223 | INFO     |     • trojan      :     3 конфигов
2026-06-11 21:33:58,223 | INFO     |     • vless       :    59 конфигов
2026-06-11 21:33:58,223 | INFO     |     • vmess       :     1 конфигов
2026-06-11 21:33:58,223 | INFO     |   📁 githubmirror/ru-sni:
2026-06-11 21:33:58,223 | INFO     |     • hysteria2   :     0 конфигов (  0.0% от clean)
2026-06-11 21:33:58,223 | INFO     |     • trojan      :     0 конфигов (  0.0% от clean)
2026-06-11 21:33:58,223 | INFO     |     • vless       :     0 конфигов (  0.0% от clean)
2026-06-11 21:33:58,223 | INFO     |     • vmess       :     0 конфигов (  0.0% от clean)
2026-06-11 21:33:58,224 | INFO     |   ✨ Новых CF-VLESS в этом запуске: 50
2026-06-11 21:33:58,224 | INFO     | 
2026-06-11 21:33:58,224 | INFO     |   ──────────────────────────────────────────────────
2026-06-11 21:33:58,224 | INFO     |   📈 ИТОГО:
2026-06-11 21:33:58,224 | INFO     |     Clean (после geo-фильтра):       64
2026-06-11 21:33:58,224 | INFO     |     RU-SNI (после SNI-фильтра):       0
2026-06-11 21:33:58,224 | INFO     |     Прошло фильтр:                  0.0%
2026-06-11 21:33:58,224 | INFO     |   ──────────────────────────────────────────────────
2026-06-11 21:33:58,224 | INFO     | ✅ Статистика сохранена: /home/runner/work/vpn-vless-configs-russia/vpn-vless-configs-russia/stats.json
2026-06-11 21:33:58,224 | INFO     | 
2026-06-11 21:33:58,224 | INFO     | ======================================================================
2026-06-11 21:33:58,224 | INFO     | 📊 ИТОГОВЫЙ ОТЧЁТ
2026-06-11 21:33:58,224 | INFO     | ======================================================================
2026-06-11 21:33:58,224 | INFO     |   ✅ OK         | Загрузка и geo-фильтрация
2026-06-11 21:33:58,224 | INFO     |   ✅ OK         | Генерация 50 уникальных CF-VLESS
2026-06-11 21:33:58,224 | INFO     |   ✅ OK         | Слияние CF с основным списком
2026-06-11 21:33:58,224 | INFO     |   ✅ OK         | Фильтрация по реальному SNI
2026-06-11 21:33:58,224 | INFO     |   ✅ OK         | Экспериментальный RU-SNI фильтр
2026-06-11 21:33:58,225 | INFO     |   ✅ OK         | Сбор статистики
2026-06-11 21:33:58,225 | INFO     | ──────────────────────────────────────────────────────────────────────
2026-06-11 21:33:58,225 | INFO     | ✅ ВСЕ ЭТАПЫ УСПЕШНЫ (6/6)
2026-06-11 21:33:58,225 | INFO     | ⏰ Время завершения: 2026-06-11 21:33:58
2026-06-11 21:33:58,225 | INFO     | ======================================================================
