2026-05-20 18:07:52,807 | INFO     | ======================================================================
2026-05-20 18:07:52,807 | INFO     | 🔍 VPN KEY CHECKER - Начало проверки
2026-05-20 18:07:52,808 | INFO     | ⏰ Время старта: 2026-05-20 18:07:52
2026-05-20 18:07:52,808 | INFO     | 📂 Рабочая директория: /home/runner/work/vpn-vless-configs-russia/vpn-vless-configs-russia
2026-05-20 18:07:52,808 | INFO     | ======================================================================
2026-05-20 18:07:52,808 | INFO     | 
2026-05-20 18:07:52,808 | INFO     | 🔍 Проверка наличия скриптов...
2026-05-20 18:07:52,808 | INFO     |   ✅ mirror.py
2026-05-20 18:07:52,808 | INFO     |   ✅ generate_cf_vless.py
2026-05-20 18:07:52,808 | INFO     |   ✅ filter_ru_sni.py
2026-05-20 18:07:52,808 | INFO     |   ✅ filter_ru_sni_local.py
2026-05-20 18:07:52,808 | INFO     | 
2026-05-20 18:07:52,808 | INFO     | 
2026-05-20 18:07:52,808 | INFO     | ──────────────────────────────────────────────────────────────────────
2026-05-20 18:07:52,808 | INFO     | 📌 ЭТАП: Загрузка и geo-фильтрация
2026-05-20 18:07:52,808 | INFO     | ──────────────────────────────────────────────────────────────────────
2026-05-20 18:07:52,808 | INFO     | 🚀 Запуск mirror.py (Загрузка и фильтрация по РФ/СНГ/Европа)...
2026-05-20 18:07:57,073 | INFO     |   → 🚀 Старт: всего источников (старые + новые): 10
2026-05-20 18:07:57,073 | INFO     |   → 1/10: ✅ 0 взято | 🗑️ 0 мусор
2026-05-20 18:07:57,073 | INFO     |   → 2/10: ✅ 0 взято | 🗑️ 0 мусор
2026-05-20 18:07:57,073 | INFO     |   → 3/10: ✅ 3 взято | 🗑️ 171 мусор
2026-05-20 18:07:57,073 | INFO     |   → 4/10: ✅ 0 взято | 🗑️ 0 мусор
2026-05-20 18:07:57,073 | INFO     |   → 5/10: ✅ 6 взято | 🗑️ 17 мусор
2026-05-20 18:07:57,073 | INFO     |   → 6/10: ✅ 0 взято | 🗑️ 17 мусор
2026-05-20 18:07:57,073 | INFO     |   → 7/10: ✅ 0 взято | 🗑️ 0 мусор
2026-05-20 18:07:57,073 | INFO     |   → 8/10: ✅ 6 взято | 🗑️ 245 мусор
2026-05-20 18:07:57,073 | INFO     |   → 9/10: ✅ 6 взято | 🗑️ 24 мусор
2026-05-20 18:07:57,073 | INFO     |   → 10/10: ✅ 0 взято | 🗑️ 0 мусор
2026-05-20 18:07:57,073 | INFO     |   → ✅ ГОТОВО!
2026-05-20 18:07:57,074 | INFO     |   →    📥 Всего ключей после фильтра: 21
2026-05-20 18:07:57,074 | INFO     |   →    🔗 Уникальных IP:PORT:SCHEME: 16
2026-05-20 18:07:57,074 | INFO     |   →    🗑️ Выброшено мусора: 474
2026-05-20 18:07:57,074 | INFO     |   → 📊 По протоколам:
2026-05-20 18:07:57,074 | INFO     |   →    vless: 8
2026-05-20 18:07:57,074 | INFO     |   →    vmess: 4
2026-05-20 18:07:57,074 | INFO     |   →    ss: 3
2026-05-20 18:07:57,074 | INFO     |   →    hysteria2: 1
2026-05-20 18:07:57,074 | INFO     | ✅ mirror.py завершён успешно
2026-05-20 18:07:57,074 | INFO     | 
2026-05-20 18:07:57,074 | INFO     | 
2026-05-20 18:07:57,074 | INFO     | ──────────────────────────────────────────────────────────────────────
2026-05-20 18:07:57,074 | INFO     | 📌 ЭТАП: Генерация 50 уникальных CF-VLESS
2026-05-20 18:07:57,074 | INFO     | ──────────────────────────────────────────────────────────────────────
2026-05-20 18:07:57,074 | INFO     | 🚀 Запуск generate_cf_vless.py (50 новых CF-VLESS)...
2026-05-20 18:07:58,099 | INFO     |   → ======================================================================
2026-05-20 18:07:58,099 | INFO     |   → 🗺️  Генератор свежих VLESS-конфигов на IP Cloudflare
2026-05-20 18:07:58,099 | INFO     |   → ======================================================================
2026-05-20 18:07:58,099 | INFO     |   →   → Загружаем актуальные IP-диапазоны Cloudflare: https://www.cloudflare.com/ips-v4
2026-05-20 18:07:58,099 | INFO     |   →   → Найдено 15 IPv4 CIDR-блоков. Преобразуем их в IP-адреса...
2026-05-20 18:07:58,099 | INFO     |   → ✅ Успешно загружено и подготовлено 7500 IP-адресов для ротации.
2026-05-20 18:07:58,099 | INFO     |   → ✨ Сгенерировано и сохранено 50 VLESS-конфигов.
2026-05-20 18:07:58,099 | INFO     |   → 📂 Файл: /home/runner/work/vpn-vless-configs-russia/vpn-vless-configs-russia/githubmirror/new/cf_fresh.txt
2026-05-20 18:07:58,099 | INFO     |   → ======================================================================
2026-05-20 18:07:58,099 | INFO     | ✅ generate_cf_vless.py завершён успешно
2026-05-20 18:07:58,099 | INFO     | 
2026-05-20 18:07:58,099 | INFO     | 
2026-05-20 18:07:58,099 | INFO     | ──────────────────────────────────────────────────────────────────────
2026-05-20 18:07:58,099 | INFO     | 📌 ЭТАП: Слияние CF с основным списком
2026-05-20 18:07:58,099 | INFO     | ──────────────────────────────────────────────────────────────────────
2026-05-20 18:07:58,101 | INFO     | 🔄 Добавлено 50 новых CF-VLESS в /home/runner/work/vpn-vless-configs-russia/vpn-vless-configs-russia/githubmirror/clean/vless.txt
2026-05-20 18:07:58,101 | INFO     | 📊 Всего в clean/vless.txt теперь: 58
2026-05-20 18:07:58,101 | INFO     | 
2026-05-20 18:07:58,101 | INFO     | 
2026-05-20 18:07:58,101 | INFO     | ──────────────────────────────────────────────────────────────────────
2026-05-20 18:07:58,101 | INFO     | 📌 ЭТАП: Фильтрация по реальному SNI
2026-05-20 18:07:58,101 | INFO     | ──────────────────────────────────────────────────────────────────────
2026-05-20 18:07:58,101 | INFO     | 🚀 Запуск filter_ru_sni.py (Фильтр по реальному SNI (CDN+RU))...
2026-05-20 18:07:58,131 | INFO     |   → hysteria2.txt: 1 → 0 (SNI-filtered)
2026-05-20 18:07:58,131 | INFO     |   →   ss.txt: 3 → 0 (SNI-filtered)
2026-05-20 18:07:58,131 | INFO     |   →   vless.txt: 58 → 1 (SNI-filtered)
2026-05-20 18:07:58,131 | INFO     |   →   vmess.txt: 4 → 0 (SNI-filtered)
2026-05-20 18:07:58,131 | INFO     |   → ==================================================
2026-05-20 18:07:58,131 | INFO     |   →   Всего входных:  66
2026-05-20 18:07:58,131 | INFO     |   →   Прошли фильтр:  1
2026-05-20 18:07:58,131 | INFO     |   →   Отброшено:      65
2026-05-20 18:07:58,131 | INFO     |   → ==================================================
2026-05-20 18:07:58,131 | INFO     |   → Готово → /home/runner/work/vpn-vless-configs-russia/vpn-vless-configs-russia/githubmirror/ru-sni
2026-05-20 18:07:58,131 | INFO     | ✅ filter_ru_sni.py завершён успешно
2026-05-20 18:07:58,131 | INFO     | 
2026-05-20 18:07:58,131 | INFO     | 
2026-05-20 18:07:58,132 | INFO     | ──────────────────────────────────────────────────────────────────────
2026-05-20 18:07:58,132 | INFO     | 📌 ЭТАП: Экспериментальный RU-SNI фильтр
2026-05-20 18:07:58,132 | INFO     | ──────────────────────────────────────────────────────────────────────
2026-05-20 18:07:58,132 | INFO     | 🚀 Запуск filter_ru_sni_local.py (Экспериментальный фильтр по RU-SNI (локальные домены))...
2026-05-20 18:07:58,160 | INFO     |   → hysteria2.txt: 1 → 0 (RU-SNI)
2026-05-20 18:07:58,161 | INFO     |   → ss.txt: 3 → 0 (RU-SNI)
2026-05-20 18:07:58,161 | INFO     |   → vless.txt: 58 → 0 (RU-SNI)
2026-05-20 18:07:58,161 | INFO     |   → vmess.txt: 4 → 0 (RU-SNI)
2026-05-20 18:07:58,161 | INFO     |   → ==================================================
2026-05-20 18:07:58,161 | INFO     |   → Всего входных:  66
2026-05-20 18:07:58,161 | INFO     |   → Прошли RU-SNI:  0
2026-05-20 18:07:58,161 | INFO     |   → Отброшено:      66
2026-05-20 18:07:58,161 | INFO     |   → ==================================================
2026-05-20 18:07:58,161 | INFO     |   → Готово → /home/runner/work/vpn-vless-configs-russia/vpn-vless-configs-russia/githubmirror/ru-sni-local
2026-05-20 18:07:58,161 | INFO     | ✅ filter_ru_sni_local.py завершён успешно
2026-05-20 18:07:58,161 | INFO     | 
2026-05-20 18:07:58,161 | INFO     | 
2026-05-20 18:07:58,161 | INFO     | ──────────────────────────────────────────────────────────────────────
2026-05-20 18:07:58,161 | INFO     | 📌 ЭТАП: Сбор статистики
2026-05-20 18:07:58,161 | INFO     | ──────────────────────────────────────────────────────────────────────
2026-05-20 18:07:58,161 | INFO     | 📊 Сбор статистики...
2026-05-20 18:07:58,161 | INFO     |   📁 githubmirror/clean:
2026-05-20 18:07:58,161 | INFO     |     • hysteria2   :     1 конфигов
2026-05-20 18:07:58,162 | INFO     |     • ss          :     3 конфигов
2026-05-20 18:07:58,162 | INFO     |     • vless       :    58 конфигов
2026-05-20 18:07:58,162 | INFO     |     • vmess       :     4 конфигов
2026-05-20 18:07:58,162 | INFO     |   📁 githubmirror/ru-sni:
2026-05-20 18:07:58,162 | INFO     |     • hysteria2   :     0 конфигов (  0.0% от clean)
2026-05-20 18:07:58,162 | INFO     |     • ss          :     0 конфигов (  0.0% от clean)
2026-05-20 18:07:58,162 | INFO     |     • vless       :     1 конфигов (  1.7% от clean)
2026-05-20 18:07:58,162 | INFO     |     • vmess       :     0 конфигов (  0.0% от clean)
2026-05-20 18:07:58,163 | INFO     |   ✨ Новых CF-VLESS в этом запуске: 50
2026-05-20 18:07:58,163 | INFO     | 
2026-05-20 18:07:58,163 | INFO     |   ──────────────────────────────────────────────────
2026-05-20 18:07:58,163 | INFO     |   📈 ИТОГО:
2026-05-20 18:07:58,163 | INFO     |     Clean (после geo-фильтра):       66
2026-05-20 18:07:58,163 | INFO     |     RU-SNI (после SNI-фильтра):       1
2026-05-20 18:07:58,163 | INFO     |     Прошло фильтр:                  1.5%
2026-05-20 18:07:58,163 | INFO     |   ──────────────────────────────────────────────────
2026-05-20 18:07:58,163 | INFO     | ✅ Статистика сохранена: /home/runner/work/vpn-vless-configs-russia/vpn-vless-configs-russia/stats.json
2026-05-20 18:07:58,163 | INFO     | 
2026-05-20 18:07:58,163 | INFO     | ======================================================================
2026-05-20 18:07:58,163 | INFO     | 📊 ИТОГОВЫЙ ОТЧЁТ
2026-05-20 18:07:58,163 | INFO     | ======================================================================
2026-05-20 18:07:58,163 | INFO     |   ✅ OK         | Загрузка и geo-фильтрация
2026-05-20 18:07:58,163 | INFO     |   ✅ OK         | Генерация 50 уникальных CF-VLESS
2026-05-20 18:07:58,163 | INFO     |   ✅ OK         | Слияние CF с основным списком
2026-05-20 18:07:58,164 | INFO     |   ✅ OK         | Фильтрация по реальному SNI
2026-05-20 18:07:58,164 | INFO     |   ✅ OK         | Экспериментальный RU-SNI фильтр
2026-05-20 18:07:58,164 | INFO     |   ✅ OK         | Сбор статистики
2026-05-20 18:07:58,164 | INFO     | ──────────────────────────────────────────────────────────────────────
2026-05-20 18:07:58,164 | INFO     | ✅ ВСЕ ЭТАПЫ УСПЕШНЫ (6/6)
2026-05-20 18:07:58,164 | INFO     | ⏰ Время завершения: 2026-05-20 18:07:58
2026-05-20 18:07:58,164 | INFO     | ======================================================================
