2026-06-25 07:45:08,714 | INFO     | ======================================================================
2026-06-25 07:45:08,715 | INFO     | 🔍 VPN KEY CHECKER - Начало проверки
2026-06-25 07:45:08,715 | INFO     | ⏰ Время старта: 2026-06-25 07:45:08
2026-06-25 07:45:08,715 | INFO     | 📂 Рабочая директория: /home/runner/work/vpn-vless-configs-russia/vpn-vless-configs-russia
2026-06-25 07:45:08,715 | INFO     | ======================================================================
2026-06-25 07:45:08,715 | INFO     | 
2026-06-25 07:45:08,715 | INFO     | 🔍 Проверка наличия скриптов...
2026-06-25 07:45:08,715 | INFO     |   ✅ mirror.py
2026-06-25 07:45:08,715 | INFO     |   ✅ generate_cf_vless.py
2026-06-25 07:45:08,715 | INFO     |   ✅ filter_ru_sni.py
2026-06-25 07:45:08,715 | INFO     |   ✅ filter_ru_sni_local.py
2026-06-25 07:45:08,715 | INFO     | 
2026-06-25 07:45:08,716 | INFO     | 
2026-06-25 07:45:08,716 | INFO     | ──────────────────────────────────────────────────────────────────────
2026-06-25 07:45:08,716 | INFO     | 📌 ЭТАП: Загрузка и geo-фильтрация
2026-06-25 07:45:08,716 | INFO     | ──────────────────────────────────────────────────────────────────────
2026-06-25 07:45:08,716 | INFO     | 🚀 Запуск mirror.py (Загрузка и фильтрация по РФ/СНГ/Европа)...
2026-06-25 07:45:13,273 | INFO     |   → 🚀 Старт: всего источников (старые + новые): 8
2026-06-25 07:45:13,274 | INFO     |   → 1/8: ✅ 0 взято | 🗑️ 0 мусор
2026-06-25 07:45:13,274 | INFO     |   → 2/8: ✅ 0 взято | 🗑️ 0 мусор
2026-06-25 07:45:13,274 | INFO     |   → 3/8: ✅ 1 взято | 🗑️ 263 мусор
2026-06-25 07:45:13,274 | INFO     |   → 4/8: ✅ 0 взято | 🗑️ 0 мусор
2026-06-25 07:45:13,274 | INFO     |   → 5/8: ✅ 1 взято | 🗑️ 229 мусор
2026-06-25 07:45:13,274 | INFO     |   → 6/8: ✅ 0 взято | 🗑️ 0 мусор
2026-06-25 07:45:13,274 | INFO     |   → 7/8: ✅ 13 взято | 🗑️ 10 мусор
2026-06-25 07:45:13,274 | INFO     |   → 8/8: ✅ 0 взято | 🗑️ 10 мусор
2026-06-25 07:45:13,274 | INFO     |   → ✅ ГОТОВО!
2026-06-25 07:45:13,274 | INFO     |   →    📥 Всего ключей после фильтра: 15
2026-06-25 07:45:13,274 | INFO     |   →    🔗 Уникальных IP:PORT:SCHEME: 14
2026-06-25 07:45:13,274 | INFO     |   →    🗑️ Выброшено мусора: 512
2026-06-25 07:45:13,274 | INFO     |   → 📊 По протоколам:
2026-06-25 07:45:13,274 | INFO     |   →    vless: 13
2026-06-25 07:45:13,274 | INFO     |   →    trojan: 1
2026-06-25 07:45:13,274 | INFO     | ✅ mirror.py завершён успешно
2026-06-25 07:45:13,274 | INFO     | 
2026-06-25 07:45:13,274 | INFO     | 
2026-06-25 07:45:13,274 | INFO     | ──────────────────────────────────────────────────────────────────────
2026-06-25 07:45:13,274 | INFO     | 📌 ЭТАП: Генерация 50 уникальных CF-VLESS
2026-06-25 07:45:13,274 | INFO     | ──────────────────────────────────────────────────────────────────────
2026-06-25 07:45:13,274 | INFO     | 🚀 Запуск generate_cf_vless.py (50 новых CF-VLESS)...
2026-06-25 07:45:14,340 | INFO     |   → ======================================================================
2026-06-25 07:45:14,340 | INFO     |   → 🗺️  Генератор свежих VLESS-конфигов на IP Cloudflare
2026-06-25 07:45:14,341 | INFO     |   → ======================================================================
2026-06-25 07:45:14,341 | INFO     |   →   → Загружаем актуальные IP-диапазоны Cloudflare: https://www.cloudflare.com/ips-v4
2026-06-25 07:45:14,341 | INFO     |   →   → Найдено 15 IPv4 CIDR-блоков. Преобразуем их в IP-адреса...
2026-06-25 07:45:14,341 | INFO     |   → ✅ Успешно загружено и подготовлено 7500 IP-адресов для ротации.
2026-06-25 07:45:14,341 | INFO     |   → ✨ Сгенерировано и сохранено 50 VLESS-конфигов.
2026-06-25 07:45:14,341 | INFO     |   → 📂 Файл: /home/runner/work/vpn-vless-configs-russia/vpn-vless-configs-russia/githubmirror/new/cf_fresh.txt
2026-06-25 07:45:14,341 | INFO     |   → ======================================================================
2026-06-25 07:45:14,341 | INFO     | ✅ generate_cf_vless.py завершён успешно
2026-06-25 07:45:14,341 | INFO     | 
2026-06-25 07:45:14,341 | INFO     | 
2026-06-25 07:45:14,341 | INFO     | ──────────────────────────────────────────────────────────────────────
2026-06-25 07:45:14,341 | INFO     | 📌 ЭТАП: Слияние CF с основным списком
2026-06-25 07:45:14,341 | INFO     | ──────────────────────────────────────────────────────────────────────
2026-06-25 07:45:14,343 | INFO     | 🔄 Добавлено 50 новых CF-VLESS в /home/runner/work/vpn-vless-configs-russia/vpn-vless-configs-russia/githubmirror/clean/vless.txt
2026-06-25 07:45:14,343 | INFO     | 📊 Всего в clean/vless.txt теперь: 63
2026-06-25 07:45:14,343 | INFO     | 
2026-06-25 07:45:14,343 | INFO     | 
2026-06-25 07:45:14,343 | INFO     | ──────────────────────────────────────────────────────────────────────
2026-06-25 07:45:14,343 | INFO     | 📌 ЭТАП: Фильтрация по реальному SNI
2026-06-25 07:45:14,343 | INFO     | ──────────────────────────────────────────────────────────────────────
2026-06-25 07:45:14,343 | INFO     | 🚀 Запуск filter_ru_sni.py (Фильтр по реальному SNI (CDN+RU))...
2026-06-25 07:45:14,371 | INFO     |   → trojan.txt: 1 → 0 (SNI-filtered)
2026-06-25 07:45:14,371 | INFO     |   →   vless.txt: 63 → 0 (SNI-filtered)
2026-06-25 07:45:14,371 | INFO     |   → ==================================================
2026-06-25 07:45:14,371 | INFO     |   →   Всего входных:  64
2026-06-25 07:45:14,371 | INFO     |   →   Прошли фильтр:  0
2026-06-25 07:45:14,371 | INFO     |   →   Отброшено:      64
2026-06-25 07:45:14,372 | INFO     |   → ==================================================
2026-06-25 07:45:14,372 | INFO     |   → Готово → /home/runner/work/vpn-vless-configs-russia/vpn-vless-configs-russia/githubmirror/ru-sni
2026-06-25 07:45:14,372 | INFO     | ✅ filter_ru_sni.py завершён успешно
2026-06-25 07:45:14,372 | INFO     | 
2026-06-25 07:45:14,372 | INFO     | 
2026-06-25 07:45:14,372 | INFO     | ──────────────────────────────────────────────────────────────────────
2026-06-25 07:45:14,372 | INFO     | 📌 ЭТАП: Экспериментальный RU-SNI фильтр
2026-06-25 07:45:14,372 | INFO     | ──────────────────────────────────────────────────────────────────────
2026-06-25 07:45:14,372 | INFO     | 🚀 Запуск filter_ru_sni_local.py (Экспериментальный фильтр по RU-SNI (локальные домены))...
2026-06-25 07:45:14,399 | INFO     |   → trojan.txt: 1 → 0 (RU-SNI)
2026-06-25 07:45:14,399 | INFO     |   → vless.txt: 63 → 0 (RU-SNI)
2026-06-25 07:45:14,399 | INFO     |   → ==================================================
2026-06-25 07:45:14,399 | INFO     |   → Всего входных:  64
2026-06-25 07:45:14,399 | INFO     |   → Прошли RU-SNI:  0
2026-06-25 07:45:14,399 | INFO     |   → Отброшено:      64
2026-06-25 07:45:14,399 | INFO     |   → ==================================================
2026-06-25 07:45:14,399 | INFO     |   → Готово → /home/runner/work/vpn-vless-configs-russia/vpn-vless-configs-russia/githubmirror/ru-sni-local
2026-06-25 07:45:14,399 | INFO     | ✅ filter_ru_sni_local.py завершён успешно
2026-06-25 07:45:14,399 | INFO     | 
2026-06-25 07:45:14,399 | INFO     | 
2026-06-25 07:45:14,399 | INFO     | ──────────────────────────────────────────────────────────────────────
2026-06-25 07:45:14,399 | INFO     | 📌 ЭТАП: Сбор статистики
2026-06-25 07:45:14,399 | INFO     | ──────────────────────────────────────────────────────────────────────
2026-06-25 07:45:14,399 | INFO     | 📊 Сбор статистики...
2026-06-25 07:45:14,399 | INFO     |   📁 githubmirror/clean:
2026-06-25 07:45:14,400 | INFO     |     • trojan      :     1 конфигов
2026-06-25 07:45:14,400 | INFO     |     • vless       :    63 конфигов
2026-06-25 07:45:14,400 | INFO     |   📁 githubmirror/ru-sni:
2026-06-25 07:45:14,400 | INFO     |     • trojan      :     0 конфигов (  0.0% от clean)
2026-06-25 07:45:14,400 | INFO     |     • vless       :     0 конфигов (  0.0% от clean)
2026-06-25 07:45:14,401 | INFO     |   ✨ Новых CF-VLESS в этом запуске: 50
2026-06-25 07:45:14,401 | INFO     | 
2026-06-25 07:45:14,401 | INFO     |   ──────────────────────────────────────────────────
2026-06-25 07:45:14,401 | INFO     |   📈 ИТОГО:
2026-06-25 07:45:14,401 | INFO     |     Clean (после geo-фильтра):       64
2026-06-25 07:45:14,401 | INFO     |     RU-SNI (после SNI-фильтра):       0
2026-06-25 07:45:14,401 | INFO     |     Прошло фильтр:                  0.0%
2026-06-25 07:45:14,401 | INFO     |   ──────────────────────────────────────────────────
2026-06-25 07:45:14,401 | INFO     | ✅ Статистика сохранена: /home/runner/work/vpn-vless-configs-russia/vpn-vless-configs-russia/stats.json
2026-06-25 07:45:14,401 | INFO     | 
2026-06-25 07:45:14,401 | INFO     | ======================================================================
2026-06-25 07:45:14,402 | INFO     | 📊 ИТОГОВЫЙ ОТЧЁТ
2026-06-25 07:45:14,402 | INFO     | ======================================================================
2026-06-25 07:45:14,402 | INFO     |   ✅ OK         | Загрузка и geo-фильтрация
2026-06-25 07:45:14,402 | INFO     |   ✅ OK         | Генерация 50 уникальных CF-VLESS
2026-06-25 07:45:14,402 | INFO     |   ✅ OK         | Слияние CF с основным списком
2026-06-25 07:45:14,402 | INFO     |   ✅ OK         | Фильтрация по реальному SNI
2026-06-25 07:45:14,402 | INFO     |   ✅ OK         | Экспериментальный RU-SNI фильтр
2026-06-25 07:45:14,402 | INFO     |   ✅ OK         | Сбор статистики
2026-06-25 07:45:14,402 | INFO     | ──────────────────────────────────────────────────────────────────────
2026-06-25 07:45:14,402 | INFO     | ✅ ВСЕ ЭТАПЫ УСПЕШНЫ (6/6)
2026-06-25 07:45:14,402 | INFO     | ⏰ Время завершения: 2026-06-25 07:45:14
2026-06-25 07:45:14,402 | INFO     | ======================================================================
