2026-06-16 19:39:44,322 | INFO     | ======================================================================
2026-06-16 19:39:44,322 | INFO     | 🔍 VPN KEY CHECKER - Начало проверки
2026-06-16 19:39:44,322 | INFO     | ⏰ Время старта: 2026-06-16 19:39:44
2026-06-16 19:39:44,322 | INFO     | 📂 Рабочая директория: /home/runner/work/vpn-vless-configs-russia/vpn-vless-configs-russia
2026-06-16 19:39:44,323 | INFO     | ======================================================================
2026-06-16 19:39:44,323 | INFO     | 
2026-06-16 19:39:44,323 | INFO     | 🔍 Проверка наличия скриптов...
2026-06-16 19:39:44,323 | INFO     |   ✅ mirror.py
2026-06-16 19:39:44,323 | INFO     |   ✅ generate_cf_vless.py
2026-06-16 19:39:44,323 | INFO     |   ✅ filter_ru_sni.py
2026-06-16 19:39:44,323 | INFO     |   ✅ filter_ru_sni_local.py
2026-06-16 19:39:44,323 | INFO     | 
2026-06-16 19:39:44,323 | INFO     | 
2026-06-16 19:39:44,323 | INFO     | ──────────────────────────────────────────────────────────────────────
2026-06-16 19:39:44,323 | INFO     | 📌 ЭТАП: Загрузка и geo-фильтрация
2026-06-16 19:39:44,323 | INFO     | ──────────────────────────────────────────────────────────────────────
2026-06-16 19:39:44,323 | INFO     | 🚀 Запуск mirror.py (Загрузка и фильтрация по РФ/СНГ/Европа)...
2026-06-16 19:39:47,941 | INFO     |   → 🚀 Старт: всего источников (старые + новые): 8
2026-06-16 19:39:47,941 | INFO     |   → 1/8: ✅ 0 взято | 🗑️ 0 мусор
2026-06-16 19:39:47,941 | INFO     |   → 2/8: ✅ 0 взято | 🗑️ 0 мусор
2026-06-16 19:39:47,941 | INFO     |   → 3/8: ✅ 0 взято | 🗑️ 0 мусор
2026-06-16 19:39:47,941 | INFO     |   → 4/8: ✅ 1 взято | 🗑️ 141 мусор
2026-06-16 19:39:47,941 | INFO     |   → 5/8: ✅ 0 взято | 🗑️ 138 мусор
2026-06-16 19:39:47,941 | INFO     |   → 6/8: ✅ 0 взято | 🗑️ 0 мусор
2026-06-16 19:39:47,941 | INFO     |   → 7/8: ✅ 5 взято | 🗑️ 9 мусор
2026-06-16 19:39:47,941 | INFO     |   → 8/8: ✅ 0 взято | 🗑️ 9 мусор
2026-06-16 19:39:47,941 | INFO     |   → ✅ ГОТОВО!
2026-06-16 19:39:47,941 | INFO     |   →    📥 Всего ключей после фильтра: 6
2026-06-16 19:39:47,941 | INFO     |   →    🔗 Уникальных IP:PORT:SCHEME: 6
2026-06-16 19:39:47,941 | INFO     |   →    🗑️ Выброшено мусора: 297
2026-06-16 19:39:47,941 | INFO     |   → 📊 По протоколам:
2026-06-16 19:39:47,941 | INFO     |   →    vless: 5
2026-06-16 19:39:47,941 | INFO     |   →    vmess: 1
2026-06-16 19:39:47,941 | INFO     | ✅ mirror.py завершён успешно
2026-06-16 19:39:47,942 | INFO     | 
2026-06-16 19:39:47,942 | INFO     | 
2026-06-16 19:39:47,942 | INFO     | ──────────────────────────────────────────────────────────────────────
2026-06-16 19:39:47,942 | INFO     | 📌 ЭТАП: Генерация 50 уникальных CF-VLESS
2026-06-16 19:39:47,942 | INFO     | ──────────────────────────────────────────────────────────────────────
2026-06-16 19:39:47,942 | INFO     | 🚀 Запуск generate_cf_vless.py (50 новых CF-VLESS)...
2026-06-16 19:39:48,926 | INFO     |   → ======================================================================
2026-06-16 19:39:48,926 | INFO     |   → 🗺️  Генератор свежих VLESS-конфигов на IP Cloudflare
2026-06-16 19:39:48,926 | INFO     |   → ======================================================================
2026-06-16 19:39:48,926 | INFO     |   →   → Загружаем актуальные IP-диапазоны Cloudflare: https://www.cloudflare.com/ips-v4
2026-06-16 19:39:48,926 | INFO     |   →   → Найдено 15 IPv4 CIDR-блоков. Преобразуем их в IP-адреса...
2026-06-16 19:39:48,926 | INFO     |   → ✅ Успешно загружено и подготовлено 7500 IP-адресов для ротации.
2026-06-16 19:39:48,926 | INFO     |   → ✨ Сгенерировано и сохранено 50 VLESS-конфигов.
2026-06-16 19:39:48,926 | INFO     |   → 📂 Файл: /home/runner/work/vpn-vless-configs-russia/vpn-vless-configs-russia/githubmirror/new/cf_fresh.txt
2026-06-16 19:39:48,926 | INFO     |   → ======================================================================
2026-06-16 19:39:48,926 | INFO     | ✅ generate_cf_vless.py завершён успешно
2026-06-16 19:39:48,926 | INFO     | 
2026-06-16 19:39:48,926 | INFO     | 
2026-06-16 19:39:48,926 | INFO     | ──────────────────────────────────────────────────────────────────────
2026-06-16 19:39:48,927 | INFO     | 📌 ЭТАП: Слияние CF с основным списком
2026-06-16 19:39:48,927 | INFO     | ──────────────────────────────────────────────────────────────────────
2026-06-16 19:39:48,928 | INFO     | 🔄 Добавлено 50 новых CF-VLESS в /home/runner/work/vpn-vless-configs-russia/vpn-vless-configs-russia/githubmirror/clean/vless.txt
2026-06-16 19:39:48,928 | INFO     | 📊 Всего в clean/vless.txt теперь: 55
2026-06-16 19:39:48,928 | INFO     | 
2026-06-16 19:39:48,928 | INFO     | 
2026-06-16 19:39:48,928 | INFO     | ──────────────────────────────────────────────────────────────────────
2026-06-16 19:39:48,928 | INFO     | 📌 ЭТАП: Фильтрация по реальному SNI
2026-06-16 19:39:48,928 | INFO     | ──────────────────────────────────────────────────────────────────────
2026-06-16 19:39:48,928 | INFO     | 🚀 Запуск filter_ru_sni.py (Фильтр по реальному SNI (CDN+RU))...
2026-06-16 19:39:48,959 | INFO     |   → vless.txt: 55 → 0 (SNI-filtered)
2026-06-16 19:39:48,959 | INFO     |   →   vmess.txt: 1 → 0 (SNI-filtered)
2026-06-16 19:39:48,960 | INFO     |   → ==================================================
2026-06-16 19:39:48,960 | INFO     |   →   Всего входных:  56
2026-06-16 19:39:48,960 | INFO     |   →   Прошли фильтр:  0
2026-06-16 19:39:48,960 | INFO     |   →   Отброшено:      56
2026-06-16 19:39:48,960 | INFO     |   → ==================================================
2026-06-16 19:39:48,960 | INFO     |   → Готово → /home/runner/work/vpn-vless-configs-russia/vpn-vless-configs-russia/githubmirror/ru-sni
2026-06-16 19:39:48,960 | INFO     | ✅ filter_ru_sni.py завершён успешно
2026-06-16 19:39:48,960 | INFO     | 
2026-06-16 19:39:48,960 | INFO     | 
2026-06-16 19:39:48,960 | INFO     | ──────────────────────────────────────────────────────────────────────
2026-06-16 19:39:48,960 | INFO     | 📌 ЭТАП: Экспериментальный RU-SNI фильтр
2026-06-16 19:39:48,960 | INFO     | ──────────────────────────────────────────────────────────────────────
2026-06-16 19:39:48,960 | INFO     | 🚀 Запуск filter_ru_sni_local.py (Экспериментальный фильтр по RU-SNI (локальные домены))...
2026-06-16 19:39:48,988 | INFO     |   → vless.txt: 55 → 0 (RU-SNI)
2026-06-16 19:39:48,988 | INFO     |   → vmess.txt: 1 → 0 (RU-SNI)
2026-06-16 19:39:48,988 | INFO     |   → ==================================================
2026-06-16 19:39:48,988 | INFO     |   → Всего входных:  56
2026-06-16 19:39:48,988 | INFO     |   → Прошли RU-SNI:  0
2026-06-16 19:39:48,988 | INFO     |   → Отброшено:      56
2026-06-16 19:39:48,988 | INFO     |   → ==================================================
2026-06-16 19:39:48,988 | INFO     |   → Готово → /home/runner/work/vpn-vless-configs-russia/vpn-vless-configs-russia/githubmirror/ru-sni-local
2026-06-16 19:39:48,988 | INFO     | ✅ filter_ru_sni_local.py завершён успешно
2026-06-16 19:39:48,988 | INFO     | 
2026-06-16 19:39:48,989 | INFO     | 
2026-06-16 19:39:48,989 | INFO     | ──────────────────────────────────────────────────────────────────────
2026-06-16 19:39:48,989 | INFO     | 📌 ЭТАП: Сбор статистики
2026-06-16 19:39:48,989 | INFO     | ──────────────────────────────────────────────────────────────────────
2026-06-16 19:39:48,989 | INFO     | 📊 Сбор статистики...
2026-06-16 19:39:48,989 | INFO     |   📁 githubmirror/clean:
2026-06-16 19:39:48,989 | INFO     |     • vless       :    55 конфигов
2026-06-16 19:39:48,989 | INFO     |     • vmess       :     1 конфигов
2026-06-16 19:39:48,989 | INFO     |   📁 githubmirror/ru-sni:
2026-06-16 19:39:48,990 | INFO     |     • vless       :     0 конфигов (  0.0% от clean)
2026-06-16 19:39:48,990 | INFO     |     • vmess       :     0 конфигов (  0.0% от clean)
2026-06-16 19:39:48,990 | INFO     |   ✨ Новых CF-VLESS в этом запуске: 50
2026-06-16 19:39:48,990 | INFO     | 
2026-06-16 19:39:48,990 | INFO     |   ──────────────────────────────────────────────────
2026-06-16 19:39:48,990 | INFO     |   📈 ИТОГО:
2026-06-16 19:39:48,990 | INFO     |     Clean (после geo-фильтра):       56
2026-06-16 19:39:48,990 | INFO     |     RU-SNI (после SNI-фильтра):       0
2026-06-16 19:39:48,990 | INFO     |     Прошло фильтр:                  0.0%
2026-06-16 19:39:48,990 | INFO     |   ──────────────────────────────────────────────────
2026-06-16 19:39:48,990 | INFO     | ✅ Статистика сохранена: /home/runner/work/vpn-vless-configs-russia/vpn-vless-configs-russia/stats.json
2026-06-16 19:39:48,990 | INFO     | 
2026-06-16 19:39:48,991 | INFO     | ======================================================================
2026-06-16 19:39:48,991 | INFO     | 📊 ИТОГОВЫЙ ОТЧЁТ
2026-06-16 19:39:48,991 | INFO     | ======================================================================
2026-06-16 19:39:48,991 | INFO     |   ✅ OK         | Загрузка и geo-фильтрация
2026-06-16 19:39:48,991 | INFO     |   ✅ OK         | Генерация 50 уникальных CF-VLESS
2026-06-16 19:39:48,991 | INFO     |   ✅ OK         | Слияние CF с основным списком
2026-06-16 19:39:48,991 | INFO     |   ✅ OK         | Фильтрация по реальному SNI
2026-06-16 19:39:48,991 | INFO     |   ✅ OK         | Экспериментальный RU-SNI фильтр
2026-06-16 19:39:48,991 | INFO     |   ✅ OK         | Сбор статистики
2026-06-16 19:39:48,991 | INFO     | ──────────────────────────────────────────────────────────────────────
2026-06-16 19:39:48,991 | INFO     | ✅ ВСЕ ЭТАПЫ УСПЕШНЫ (6/6)
2026-06-16 19:39:48,991 | INFO     | ⏰ Время завершения: 2026-06-16 19:39:48
2026-06-16 19:39:48,991 | INFO     | ======================================================================
