2026-05-25 22:40:21,947 | INFO     | ======================================================================
2026-05-25 22:40:21,947 | INFO     | 🔍 VPN KEY CHECKER - Начало проверки
2026-05-25 22:40:21,947 | INFO     | ⏰ Время старта: 2026-05-25 22:40:21
2026-05-25 22:40:21,947 | INFO     | 📂 Рабочая директория: /home/runner/work/vpn-vless-configs-russia/vpn-vless-configs-russia
2026-05-25 22:40:21,947 | INFO     | ======================================================================
2026-05-25 22:40:21,947 | INFO     | 
2026-05-25 22:40:21,947 | INFO     | 🔍 Проверка наличия скриптов...
2026-05-25 22:40:21,947 | INFO     |   ✅ mirror.py
2026-05-25 22:40:21,948 | INFO     |   ✅ generate_cf_vless.py
2026-05-25 22:40:21,948 | INFO     |   ✅ filter_ru_sni.py
2026-05-25 22:40:21,948 | INFO     |   ✅ filter_ru_sni_local.py
2026-05-25 22:40:21,948 | INFO     | 
2026-05-25 22:40:21,948 | INFO     | 
2026-05-25 22:40:21,948 | INFO     | ──────────────────────────────────────────────────────────────────────
2026-05-25 22:40:21,948 | INFO     | 📌 ЭТАП: Загрузка и geo-фильтрация
2026-05-25 22:40:21,948 | INFO     | ──────────────────────────────────────────────────────────────────────
2026-05-25 22:40:21,948 | INFO     | 🚀 Запуск mirror.py (Загрузка и фильтрация по РФ/СНГ/Европа)...
2026-05-25 22:40:25,116 | INFO     |   → 🚀 Старт: всего источников (старые + новые): 8
2026-05-25 22:40:25,116 | INFO     |   → 1/8: ✅ 0 взято | 🗑️ 0 мусор
2026-05-25 22:40:25,116 | INFO     |   → 2/8: ✅ 0 взято | 🗑️ 0 мусор
2026-05-25 22:40:25,116 | INFO     |   → 3/8: ✅ 4 взято | 🗑️ 208 мусор
2026-05-25 22:40:25,116 | INFO     |   → 4/8: ✅ 0 взято | 🗑️ 0 мусор
2026-05-25 22:40:25,116 | INFO     |   → 5/8: ✅ 6 взято | 🗑️ 24 мусор
2026-05-25 22:40:25,116 | INFO     |   → 6/8: ✅ 0 взято | 🗑️ 24 мусор
2026-05-25 22:40:25,116 | INFO     |   → 7/8: ✅ 13 взято | 🗑️ 14 мусор
2026-05-25 22:40:25,116 | INFO     |   → 8/8: ✅ 0 взято | 🗑️ 0 мусор
2026-05-25 22:40:25,116 | INFO     |   → ✅ ГОТОВО!
2026-05-25 22:40:25,116 | INFO     |   →    📥 Всего ключей после фильтра: 23
2026-05-25 22:40:25,116 | INFO     |   →    🔗 Уникальных IP:PORT:SCHEME: 23
2026-05-25 22:40:25,116 | INFO     |   →    🗑️ Выброшено мусора: 270
2026-05-25 22:40:25,116 | INFO     |   → 📊 По протоколам:
2026-05-25 22:40:25,116 | INFO     |   →    vless: 17
2026-05-25 22:40:25,116 | INFO     |   →    vmess: 3
2026-05-25 22:40:25,116 | INFO     |   →    ss: 3
2026-05-25 22:40:25,116 | INFO     | ✅ mirror.py завершён успешно
2026-05-25 22:40:25,116 | INFO     | 
2026-05-25 22:40:25,116 | INFO     | 
2026-05-25 22:40:25,117 | INFO     | ──────────────────────────────────────────────────────────────────────
2026-05-25 22:40:25,117 | INFO     | 📌 ЭТАП: Генерация 50 уникальных CF-VLESS
2026-05-25 22:40:25,117 | INFO     | ──────────────────────────────────────────────────────────────────────
2026-05-25 22:40:25,117 | INFO     | 🚀 Запуск generate_cf_vless.py (50 новых CF-VLESS)...
2026-05-25 22:40:25,925 | INFO     |   → ======================================================================
2026-05-25 22:40:25,925 | INFO     |   → 🗺️  Генератор свежих VLESS-конфигов на IP Cloudflare
2026-05-25 22:40:25,925 | INFO     |   → ======================================================================
2026-05-25 22:40:25,925 | INFO     |   →   → Загружаем актуальные IP-диапазоны Cloudflare: https://www.cloudflare.com/ips-v4
2026-05-25 22:40:25,925 | INFO     |   →   → Найдено 15 IPv4 CIDR-блоков. Преобразуем их в IP-адреса...
2026-05-25 22:40:25,925 | INFO     |   → ✅ Успешно загружено и подготовлено 7500 IP-адресов для ротации.
2026-05-25 22:40:25,925 | INFO     |   → ✨ Сгенерировано и сохранено 50 VLESS-конфигов.
2026-05-25 22:40:25,925 | INFO     |   → 📂 Файл: /home/runner/work/vpn-vless-configs-russia/vpn-vless-configs-russia/githubmirror/new/cf_fresh.txt
2026-05-25 22:40:25,925 | INFO     |   → ======================================================================
2026-05-25 22:40:25,925 | INFO     | ✅ generate_cf_vless.py завершён успешно
2026-05-25 22:40:25,925 | INFO     | 
2026-05-25 22:40:25,925 | INFO     | 
2026-05-25 22:40:25,925 | INFO     | ──────────────────────────────────────────────────────────────────────
2026-05-25 22:40:25,925 | INFO     | 📌 ЭТАП: Слияние CF с основным списком
2026-05-25 22:40:25,925 | INFO     | ──────────────────────────────────────────────────────────────────────
2026-05-25 22:40:25,926 | INFO     | 🔄 Добавлено 50 новых CF-VLESS в /home/runner/work/vpn-vless-configs-russia/vpn-vless-configs-russia/githubmirror/clean/vless.txt
2026-05-25 22:40:25,926 | INFO     | 📊 Всего в clean/vless.txt теперь: 67
2026-05-25 22:40:25,926 | INFO     | 
2026-05-25 22:40:25,926 | INFO     | 
2026-05-25 22:40:25,926 | INFO     | ──────────────────────────────────────────────────────────────────────
2026-05-25 22:40:25,926 | INFO     | 📌 ЭТАП: Фильтрация по реальному SNI
2026-05-25 22:40:25,926 | INFO     | ──────────────────────────────────────────────────────────────────────
2026-05-25 22:40:25,926 | INFO     | 🚀 Запуск filter_ru_sni.py (Фильтр по реальному SNI (CDN+RU))...
2026-05-25 22:40:25,950 | INFO     |   → ss.txt: 3 → 0 (SNI-filtered)
2026-05-25 22:40:25,950 | INFO     |   →   vless.txt: 67 → 5 (SNI-filtered)
2026-05-25 22:40:25,950 | INFO     |   →   vmess.txt: 3 → 0 (SNI-filtered)
2026-05-25 22:40:25,950 | INFO     |   → ==================================================
2026-05-25 22:40:25,950 | INFO     |   →   Всего входных:  73
2026-05-25 22:40:25,950 | INFO     |   →   Прошли фильтр:  5
2026-05-25 22:40:25,950 | INFO     |   →   Отброшено:      68
2026-05-25 22:40:25,950 | INFO     |   → ==================================================
2026-05-25 22:40:25,950 | INFO     |   → Готово → /home/runner/work/vpn-vless-configs-russia/vpn-vless-configs-russia/githubmirror/ru-sni
2026-05-25 22:40:25,950 | INFO     | ✅ filter_ru_sni.py завершён успешно
2026-05-25 22:40:25,950 | INFO     | 
2026-05-25 22:40:25,950 | INFO     | 
2026-05-25 22:40:25,950 | INFO     | ──────────────────────────────────────────────────────────────────────
2026-05-25 22:40:25,950 | INFO     | 📌 ЭТАП: Экспериментальный RU-SNI фильтр
2026-05-25 22:40:25,950 | INFO     | ──────────────────────────────────────────────────────────────────────
2026-05-25 22:40:25,950 | INFO     | 🚀 Запуск filter_ru_sni_local.py (Экспериментальный фильтр по RU-SNI (локальные домены))...
2026-05-25 22:40:25,972 | INFO     |   → ss.txt: 3 → 0 (RU-SNI)
2026-05-25 22:40:25,972 | INFO     |   → vless.txt: 67 → 3 (RU-SNI)
2026-05-25 22:40:25,972 | INFO     |   → vmess.txt: 3 → 0 (RU-SNI)
2026-05-25 22:40:25,972 | INFO     |   → ==================================================
2026-05-25 22:40:25,972 | INFO     |   → Всего входных:  73
2026-05-25 22:40:25,972 | INFO     |   → Прошли RU-SNI:  3
2026-05-25 22:40:25,972 | INFO     |   → Отброшено:      70
2026-05-25 22:40:25,972 | INFO     |   → ==================================================
2026-05-25 22:40:25,972 | INFO     |   → Готово → /home/runner/work/vpn-vless-configs-russia/vpn-vless-configs-russia/githubmirror/ru-sni-local
2026-05-25 22:40:25,972 | INFO     | ✅ filter_ru_sni_local.py завершён успешно
2026-05-25 22:40:25,973 | INFO     | 
2026-05-25 22:40:25,973 | INFO     | 
2026-05-25 22:40:25,973 | INFO     | ──────────────────────────────────────────────────────────────────────
2026-05-25 22:40:25,973 | INFO     | 📌 ЭТАП: Сбор статистики
2026-05-25 22:40:25,973 | INFO     | ──────────────────────────────────────────────────────────────────────
2026-05-25 22:40:25,973 | INFO     | 📊 Сбор статистики...
2026-05-25 22:40:25,973 | INFO     |   📁 githubmirror/clean:
2026-05-25 22:40:25,973 | INFO     |     • ss          :     3 конфигов
2026-05-25 22:40:25,973 | INFO     |     • vless       :    67 конфигов
2026-05-25 22:40:25,973 | INFO     |     • vmess       :     3 конфигов
2026-05-25 22:40:25,973 | INFO     |   📁 githubmirror/ru-sni:
2026-05-25 22:40:25,973 | INFO     |     • ss          :     0 конфигов (  0.0% от clean)
2026-05-25 22:40:25,974 | INFO     |     • vless       :     5 конфигов (  7.5% от clean)
2026-05-25 22:40:25,974 | INFO     |     • vmess       :     0 конфигов (  0.0% от clean)
2026-05-25 22:40:25,974 | INFO     |   ✨ Новых CF-VLESS в этом запуске: 50
2026-05-25 22:40:25,974 | INFO     | 
2026-05-25 22:40:25,974 | INFO     |   ──────────────────────────────────────────────────
2026-05-25 22:40:25,974 | INFO     |   📈 ИТОГО:
2026-05-25 22:40:25,974 | INFO     |     Clean (после geo-фильтра):       73
2026-05-25 22:40:25,974 | INFO     |     RU-SNI (после SNI-фильтра):       5
2026-05-25 22:40:25,974 | INFO     |     Прошло фильтр:                  6.8%
2026-05-25 22:40:25,974 | INFO     |   ──────────────────────────────────────────────────
2026-05-25 22:40:25,974 | INFO     | ✅ Статистика сохранена: /home/runner/work/vpn-vless-configs-russia/vpn-vless-configs-russia/stats.json
2026-05-25 22:40:25,974 | INFO     | 
2026-05-25 22:40:25,974 | INFO     | ======================================================================
2026-05-25 22:40:25,974 | INFO     | 📊 ИТОГОВЫЙ ОТЧЁТ
2026-05-25 22:40:25,974 | INFO     | ======================================================================
2026-05-25 22:40:25,974 | INFO     |   ✅ OK         | Загрузка и geo-фильтрация
2026-05-25 22:40:25,974 | INFO     |   ✅ OK         | Генерация 50 уникальных CF-VLESS
2026-05-25 22:40:25,974 | INFO     |   ✅ OK         | Слияние CF с основным списком
2026-05-25 22:40:25,974 | INFO     |   ✅ OK         | Фильтрация по реальному SNI
2026-05-25 22:40:25,974 | INFO     |   ✅ OK         | Экспериментальный RU-SNI фильтр
2026-05-25 22:40:25,974 | INFO     |   ✅ OK         | Сбор статистики
2026-05-25 22:40:25,975 | INFO     | ──────────────────────────────────────────────────────────────────────
2026-05-25 22:40:25,975 | INFO     | ✅ ВСЕ ЭТАПЫ УСПЕШНЫ (6/6)
2026-05-25 22:40:25,975 | INFO     | ⏰ Время завершения: 2026-05-25 22:40:25
2026-05-25 22:40:25,975 | INFO     | ======================================================================
