2026-05-30 20:37:03,864 | INFO     | ======================================================================
2026-05-30 20:37:03,865 | INFO     | 🔍 VPN KEY CHECKER - Начало проверки
2026-05-30 20:37:03,865 | INFO     | ⏰ Время старта: 2026-05-30 20:37:03
2026-05-30 20:37:03,865 | INFO     | 📂 Рабочая директория: /home/runner/work/vpn-vless-configs-russia/vpn-vless-configs-russia
2026-05-30 20:37:03,865 | INFO     | ======================================================================
2026-05-30 20:37:03,865 | INFO     | 
2026-05-30 20:37:03,865 | INFO     | 🔍 Проверка наличия скриптов...
2026-05-30 20:37:03,865 | INFO     |   ✅ mirror.py
2026-05-30 20:37:03,865 | INFO     |   ✅ generate_cf_vless.py
2026-05-30 20:37:03,865 | INFO     |   ✅ filter_ru_sni.py
2026-05-30 20:37:03,865 | INFO     |   ✅ filter_ru_sni_local.py
2026-05-30 20:37:03,865 | INFO     | 
2026-05-30 20:37:03,865 | INFO     | 
2026-05-30 20:37:03,865 | INFO     | ──────────────────────────────────────────────────────────────────────
2026-05-30 20:37:03,865 | INFO     | 📌 ЭТАП: Загрузка и geo-фильтрация
2026-05-30 20:37:03,865 | INFO     | ──────────────────────────────────────────────────────────────────────
2026-05-30 20:37:03,865 | INFO     | 🚀 Запуск mirror.py (Загрузка и фильтрация по РФ/СНГ/Европа)...
2026-05-30 20:37:07,424 | INFO     |   → 🚀 Старт: всего источников (старые + новые): 10
2026-05-30 20:37:07,424 | INFO     |   → 1/10: ✅ 0 взято | 🗑️ 0 мусор
2026-05-30 20:37:07,424 | INFO     |   → 2/10: ✅ 0 взято | 🗑️ 0 мусор
2026-05-30 20:37:07,424 | INFO     |   → 3/10: ✅ 0 взято | 🗑️ 0 мусор
2026-05-30 20:37:07,424 | INFO     |   → 4/10: ✅ 8 взято | 🗑️ 142 мусор
2026-05-30 20:37:07,424 | INFO     |   → 5/10: ✅ 1 взято | 🗑️ 113 мусор
2026-05-30 20:37:07,424 | INFO     |   → 6/10: ✅ 0 взято | 🗑️ 0 мусор
2026-05-30 20:37:07,424 | INFO     |   → 7/10: ✅ 6 взято | 🗑️ 24 мусор
2026-05-30 20:37:07,424 | INFO     |   → 8/10: ✅ 0 взято | 🗑️ 24 мусор
2026-05-30 20:37:07,424 | INFO     |   → 9/10: ✅ 16 взято | 🗑️ 11 мусор
2026-05-30 20:37:07,424 | INFO     |   → 10/10: ✅ 0 взято | 🗑️ 0 мусор
2026-05-30 20:37:07,424 | INFO     |   → ✅ ГОТОВО!
2026-05-30 20:37:07,424 | INFO     |   →    📥 Всего ключей после фильтра: 31
2026-05-30 20:37:07,424 | INFO     |   →    🔗 Уникальных IP:PORT:SCHEME: 26
2026-05-30 20:37:07,424 | INFO     |   →    🗑️ Выброшено мусора: 314
2026-05-30 20:37:07,424 | INFO     |   → 📊 По протоколам:
2026-05-30 20:37:07,424 | INFO     |   →    vless: 22
2026-05-30 20:37:07,424 | INFO     |   →    vmess: 2
2026-05-30 20:37:07,424 | INFO     |   →    ss: 2
2026-05-30 20:37:07,424 | INFO     | ✅ mirror.py завершён успешно
2026-05-30 20:37:07,424 | INFO     | 
2026-05-30 20:37:07,424 | INFO     | 
2026-05-30 20:37:07,424 | INFO     | ──────────────────────────────────────────────────────────────────────
2026-05-30 20:37:07,425 | INFO     | 📌 ЭТАП: Генерация 50 уникальных CF-VLESS
2026-05-30 20:37:07,425 | INFO     | ──────────────────────────────────────────────────────────────────────
2026-05-30 20:37:07,425 | INFO     | 🚀 Запуск generate_cf_vless.py (50 новых CF-VLESS)...
2026-05-30 20:37:08,449 | INFO     |   → ======================================================================
2026-05-30 20:37:08,449 | INFO     |   → 🗺️  Генератор свежих VLESS-конфигов на IP Cloudflare
2026-05-30 20:37:08,449 | INFO     |   → ======================================================================
2026-05-30 20:37:08,449 | INFO     |   →   → Загружаем актуальные IP-диапазоны Cloudflare: https://www.cloudflare.com/ips-v4
2026-05-30 20:37:08,449 | INFO     |   →   → Найдено 15 IPv4 CIDR-блоков. Преобразуем их в IP-адреса...
2026-05-30 20:37:08,449 | INFO     |   → ✅ Успешно загружено и подготовлено 7500 IP-адресов для ротации.
2026-05-30 20:37:08,449 | INFO     |   → ✨ Сгенерировано и сохранено 50 VLESS-конфигов.
2026-05-30 20:37:08,449 | INFO     |   → 📂 Файл: /home/runner/work/vpn-vless-configs-russia/vpn-vless-configs-russia/githubmirror/new/cf_fresh.txt
2026-05-30 20:37:08,449 | INFO     |   → ======================================================================
2026-05-30 20:37:08,449 | INFO     | ✅ generate_cf_vless.py завершён успешно
2026-05-30 20:37:08,449 | INFO     | 
2026-05-30 20:37:08,449 | INFO     | 
2026-05-30 20:37:08,449 | INFO     | ──────────────────────────────────────────────────────────────────────
2026-05-30 20:37:08,449 | INFO     | 📌 ЭТАП: Слияние CF с основным списком
2026-05-30 20:37:08,449 | INFO     | ──────────────────────────────────────────────────────────────────────
2026-05-30 20:37:08,451 | INFO     | 🔄 Добавлено 50 новых CF-VLESS в /home/runner/work/vpn-vless-configs-russia/vpn-vless-configs-russia/githubmirror/clean/vless.txt
2026-05-30 20:37:08,451 | INFO     | 📊 Всего в clean/vless.txt теперь: 72
2026-05-30 20:37:08,451 | INFO     | 
2026-05-30 20:37:08,451 | INFO     | 
2026-05-30 20:37:08,452 | INFO     | ──────────────────────────────────────────────────────────────────────
2026-05-30 20:37:08,452 | INFO     | 📌 ЭТАП: Фильтрация по реальному SNI
2026-05-30 20:37:08,452 | INFO     | ──────────────────────────────────────────────────────────────────────
2026-05-30 20:37:08,452 | INFO     | 🚀 Запуск filter_ru_sni.py (Фильтр по реальному SNI (CDN+RU))...
2026-05-30 20:37:08,482 | INFO     |   → ss.txt: 2 → 0 (SNI-filtered)
2026-05-30 20:37:08,482 | INFO     |   →   vless.txt: 72 → 6 (SNI-filtered)
2026-05-30 20:37:08,482 | INFO     |   →   vmess.txt: 2 → 0 (SNI-filtered)
2026-05-30 20:37:08,482 | INFO     |   → ==================================================
2026-05-30 20:37:08,482 | INFO     |   →   Всего входных:  76
2026-05-30 20:37:08,482 | INFO     |   →   Прошли фильтр:  6
2026-05-30 20:37:08,482 | INFO     |   →   Отброшено:      70
2026-05-30 20:37:08,482 | INFO     |   → ==================================================
2026-05-30 20:37:08,482 | INFO     |   → Готово → /home/runner/work/vpn-vless-configs-russia/vpn-vless-configs-russia/githubmirror/ru-sni
2026-05-30 20:37:08,482 | INFO     | ✅ filter_ru_sni.py завершён успешно
2026-05-30 20:37:08,482 | INFO     | 
2026-05-30 20:37:08,482 | INFO     | 
2026-05-30 20:37:08,482 | INFO     | ──────────────────────────────────────────────────────────────────────
2026-05-30 20:37:08,482 | INFO     | 📌 ЭТАП: Экспериментальный RU-SNI фильтр
2026-05-30 20:37:08,482 | INFO     | ──────────────────────────────────────────────────────────────────────
2026-05-30 20:37:08,482 | INFO     | 🚀 Запуск filter_ru_sni_local.py (Экспериментальный фильтр по RU-SNI (локальные домены))...
2026-05-30 20:37:08,511 | INFO     |   → ss.txt: 2 → 0 (RU-SNI)
2026-05-30 20:37:08,511 | INFO     |   → vless.txt: 72 → 1 (RU-SNI)
2026-05-30 20:37:08,511 | INFO     |   → vmess.txt: 2 → 0 (RU-SNI)
2026-05-30 20:37:08,511 | INFO     |   → ==================================================
2026-05-30 20:37:08,511 | INFO     |   → Всего входных:  76
2026-05-30 20:37:08,511 | INFO     |   → Прошли RU-SNI:  1
2026-05-30 20:37:08,511 | INFO     |   → Отброшено:      75
2026-05-30 20:37:08,511 | INFO     |   → ==================================================
2026-05-30 20:37:08,511 | INFO     |   → Готово → /home/runner/work/vpn-vless-configs-russia/vpn-vless-configs-russia/githubmirror/ru-sni-local
2026-05-30 20:37:08,511 | INFO     | ✅ filter_ru_sni_local.py завершён успешно
2026-05-30 20:37:08,511 | INFO     | 
2026-05-30 20:37:08,511 | INFO     | 
2026-05-30 20:37:08,511 | INFO     | ──────────────────────────────────────────────────────────────────────
2026-05-30 20:37:08,511 | INFO     | 📌 ЭТАП: Сбор статистики
2026-05-30 20:37:08,511 | INFO     | ──────────────────────────────────────────────────────────────────────
2026-05-30 20:37:08,512 | INFO     | 📊 Сбор статистики...
2026-05-30 20:37:08,512 | INFO     |   📁 githubmirror/clean:
2026-05-30 20:37:08,512 | INFO     |     • ss          :     2 конфигов
2026-05-30 20:37:08,512 | INFO     |     • vless       :    72 конфигов
2026-05-30 20:37:08,512 | INFO     |     • vmess       :     2 конфигов
2026-05-30 20:37:08,512 | INFO     |   📁 githubmirror/ru-sni:
2026-05-30 20:37:08,513 | INFO     |     • ss          :     0 конфигов (  0.0% от clean)
2026-05-30 20:37:08,513 | INFO     |     • vless       :     6 конфигов (  8.3% от clean)
2026-05-30 20:37:08,513 | INFO     |     • vmess       :     0 конфигов (  0.0% от clean)
2026-05-30 20:37:08,513 | INFO     |   ✨ Новых CF-VLESS в этом запуске: 50
2026-05-30 20:37:08,513 | INFO     | 
2026-05-30 20:37:08,513 | INFO     |   ──────────────────────────────────────────────────
2026-05-30 20:37:08,513 | INFO     |   📈 ИТОГО:
2026-05-30 20:37:08,513 | INFO     |     Clean (после geo-фильтра):       76
2026-05-30 20:37:08,513 | INFO     |     RU-SNI (после SNI-фильтра):       6
2026-05-30 20:37:08,513 | INFO     |     Прошло фильтр:                  7.9%
2026-05-30 20:37:08,513 | INFO     |   ──────────────────────────────────────────────────
2026-05-30 20:37:08,514 | INFO     | ✅ Статистика сохранена: /home/runner/work/vpn-vless-configs-russia/vpn-vless-configs-russia/stats.json
2026-05-30 20:37:08,514 | INFO     | 
2026-05-30 20:37:08,514 | INFO     | ======================================================================
2026-05-30 20:37:08,514 | INFO     | 📊 ИТОГОВЫЙ ОТЧЁТ
2026-05-30 20:37:08,514 | INFO     | ======================================================================
2026-05-30 20:37:08,514 | INFO     |   ✅ OK         | Загрузка и geo-фильтрация
2026-05-30 20:37:08,514 | INFO     |   ✅ OK         | Генерация 50 уникальных CF-VLESS
2026-05-30 20:37:08,514 | INFO     |   ✅ OK         | Слияние CF с основным списком
2026-05-30 20:37:08,514 | INFO     |   ✅ OK         | Фильтрация по реальному SNI
2026-05-30 20:37:08,514 | INFO     |   ✅ OK         | Экспериментальный RU-SNI фильтр
2026-05-30 20:37:08,514 | INFO     |   ✅ OK         | Сбор статистики
2026-05-30 20:37:08,514 | INFO     | ──────────────────────────────────────────────────────────────────────
2026-05-30 20:37:08,514 | INFO     | ✅ ВСЕ ЭТАПЫ УСПЕШНЫ (6/6)
2026-05-30 20:37:08,514 | INFO     | ⏰ Время завершения: 2026-05-30 20:37:08
2026-05-30 20:37:08,514 | INFO     | ======================================================================
