2026-06-23 17:59:15,317 | INFO     | ======================================================================
2026-06-23 17:59:15,317 | INFO     | 🔍 VPN KEY CHECKER - Начало проверки
2026-06-23 17:59:15,317 | INFO     | ⏰ Время старта: 2026-06-23 17:59:15
2026-06-23 17:59:15,318 | INFO     | 📂 Рабочая директория: /home/runner/work/vpn-vless-configs-russia/vpn-vless-configs-russia
2026-06-23 17:59:15,318 | INFO     | ======================================================================
2026-06-23 17:59:15,318 | INFO     | 
2026-06-23 17:59:15,318 | INFO     | 🔍 Проверка наличия скриптов...
2026-06-23 17:59:15,318 | INFO     |   ✅ mirror.py
2026-06-23 17:59:15,318 | INFO     |   ✅ generate_cf_vless.py
2026-06-23 17:59:15,318 | INFO     |   ✅ filter_ru_sni.py
2026-06-23 17:59:15,318 | INFO     |   ✅ filter_ru_sni_local.py
2026-06-23 17:59:15,318 | INFO     | 
2026-06-23 17:59:15,318 | INFO     | 
2026-06-23 17:59:15,318 | INFO     | ──────────────────────────────────────────────────────────────────────
2026-06-23 17:59:15,318 | INFO     | 📌 ЭТАП: Загрузка и geo-фильтрация
2026-06-23 17:59:15,318 | INFO     | ──────────────────────────────────────────────────────────────────────
2026-06-23 17:59:15,318 | INFO     | 🚀 Запуск mirror.py (Загрузка и фильтрация по РФ/СНГ/Европа)...
2026-06-23 17:59:33,822 | INFO     |   → 🚀 Старт: всего источников (старые + новые): 8
2026-06-23 17:59:33,822 | INFO     |   → 1/8: ✅ 0 взято | 🗑️ 0 мусор
2026-06-23 17:59:33,822 | INFO     |   → 2/8 ⚠️ Ошибка: HTTPSConnectionPool(host='free.datiya.com', port=443): Read timed out. (read timeout=15) — https://free.datiya.com/uploads/20260623-v2ray.txt
2026-06-23 17:59:33,822 | INFO     |   → 3/8: ✅ 0 взято | 🗑️ 0 мусор
2026-06-23 17:59:33,822 | INFO     |   → 4/8: ✅ 2 взято | 🗑️ 96 мусор
2026-06-23 17:59:33,822 | INFO     |   → 5/8: ✅ 2 взято | 🗑️ 277 мусор
2026-06-23 17:59:33,823 | INFO     |   → 6/8: ✅ 0 взято | 🗑️ 0 мусор
2026-06-23 17:59:33,823 | INFO     |   → 7/8: ✅ 13 взято | 🗑️ 10 мусор
2026-06-23 17:59:33,823 | INFO     |   → 8/8: ✅ 0 взято | 🗑️ 10 мусор
2026-06-23 17:59:33,823 | INFO     |   → ✅ ГОТОВО!
2026-06-23 17:59:33,823 | INFO     |   →    📥 Всего ключей после фильтра: 17
2026-06-23 17:59:33,823 | INFO     |   →    🔗 Уникальных IP:PORT:SCHEME: 17
2026-06-23 17:59:33,823 | INFO     |   →    🗑️ Выброшено мусора: 393
2026-06-23 17:59:33,823 | INFO     |   → 📊 По протоколам:
2026-06-23 17:59:33,823 | INFO     |   →    vless: 15
2026-06-23 17:59:33,823 | INFO     |   →    trojan: 1
2026-06-23 17:59:33,823 | INFO     |   →    hysteria2: 1
2026-06-23 17:59:33,823 | INFO     | ✅ mirror.py завершён успешно
2026-06-23 17:59:33,823 | INFO     | 
2026-06-23 17:59:33,823 | INFO     | 
2026-06-23 17:59:33,823 | INFO     | ──────────────────────────────────────────────────────────────────────
2026-06-23 17:59:33,823 | INFO     | 📌 ЭТАП: Генерация 50 уникальных CF-VLESS
2026-06-23 17:59:33,823 | INFO     | ──────────────────────────────────────────────────────────────────────
2026-06-23 17:59:33,823 | INFO     | 🚀 Запуск generate_cf_vless.py (50 новых CF-VLESS)...
2026-06-23 17:59:34,793 | INFO     |   → ======================================================================
2026-06-23 17:59:34,793 | INFO     |   → 🗺️  Генератор свежих VLESS-конфигов на IP Cloudflare
2026-06-23 17:59:34,793 | INFO     |   → ======================================================================
2026-06-23 17:59:34,793 | INFO     |   →   → Загружаем актуальные IP-диапазоны Cloudflare: https://www.cloudflare.com/ips-v4
2026-06-23 17:59:34,793 | INFO     |   →   → Найдено 15 IPv4 CIDR-блоков. Преобразуем их в IP-адреса...
2026-06-23 17:59:34,793 | INFO     |   → ✅ Успешно загружено и подготовлено 7500 IP-адресов для ротации.
2026-06-23 17:59:34,793 | INFO     |   → ✨ Сгенерировано и сохранено 50 VLESS-конфигов.
2026-06-23 17:59:34,793 | INFO     |   → 📂 Файл: /home/runner/work/vpn-vless-configs-russia/vpn-vless-configs-russia/githubmirror/new/cf_fresh.txt
2026-06-23 17:59:34,794 | INFO     |   → ======================================================================
2026-06-23 17:59:34,794 | INFO     | ✅ generate_cf_vless.py завершён успешно
2026-06-23 17:59:34,794 | INFO     | 
2026-06-23 17:59:34,794 | INFO     | 
2026-06-23 17:59:34,794 | INFO     | ──────────────────────────────────────────────────────────────────────
2026-06-23 17:59:34,794 | INFO     | 📌 ЭТАП: Слияние CF с основным списком
2026-06-23 17:59:34,794 | INFO     | ──────────────────────────────────────────────────────────────────────
2026-06-23 17:59:34,795 | INFO     | 🔄 Добавлено 50 новых CF-VLESS в /home/runner/work/vpn-vless-configs-russia/vpn-vless-configs-russia/githubmirror/clean/vless.txt
2026-06-23 17:59:34,796 | INFO     | 📊 Всего в clean/vless.txt теперь: 65
2026-06-23 17:59:34,796 | INFO     | 
2026-06-23 17:59:34,796 | INFO     | 
2026-06-23 17:59:34,796 | INFO     | ──────────────────────────────────────────────────────────────────────
2026-06-23 17:59:34,796 | INFO     | 📌 ЭТАП: Фильтрация по реальному SNI
2026-06-23 17:59:34,796 | INFO     | ──────────────────────────────────────────────────────────────────────
2026-06-23 17:59:34,796 | INFO     | 🚀 Запуск filter_ru_sni.py (Фильтр по реальному SNI (CDN+RU))...
2026-06-23 17:59:34,824 | INFO     |   → hysteria2.txt: 1 → 0 (SNI-filtered)
2026-06-23 17:59:34,824 | INFO     |   →   trojan.txt: 1 → 0 (SNI-filtered)
2026-06-23 17:59:34,824 | INFO     |   →   vless.txt: 65 → 1 (SNI-filtered)
2026-06-23 17:59:34,824 | INFO     |   → ==================================================
2026-06-23 17:59:34,824 | INFO     |   →   Всего входных:  67
2026-06-23 17:59:34,824 | INFO     |   →   Прошли фильтр:  1
2026-06-23 17:59:34,824 | INFO     |   →   Отброшено:      66
2026-06-23 17:59:34,824 | INFO     |   → ==================================================
2026-06-23 17:59:34,824 | INFO     |   → Готово → /home/runner/work/vpn-vless-configs-russia/vpn-vless-configs-russia/githubmirror/ru-sni
2026-06-23 17:59:34,824 | INFO     | ✅ filter_ru_sni.py завершён успешно
2026-06-23 17:59:34,824 | INFO     | 
2026-06-23 17:59:34,824 | INFO     | 
2026-06-23 17:59:34,825 | INFO     | ──────────────────────────────────────────────────────────────────────
2026-06-23 17:59:34,825 | INFO     | 📌 ЭТАП: Экспериментальный RU-SNI фильтр
2026-06-23 17:59:34,825 | INFO     | ──────────────────────────────────────────────────────────────────────
2026-06-23 17:59:34,825 | INFO     | 🚀 Запуск filter_ru_sni_local.py (Экспериментальный фильтр по RU-SNI (локальные домены))...
2026-06-23 17:59:34,851 | INFO     |   → hysteria2.txt: 1 → 0 (RU-SNI)
2026-06-23 17:59:34,851 | INFO     |   → trojan.txt: 1 → 0 (RU-SNI)
2026-06-23 17:59:34,851 | INFO     |   → vless.txt: 65 → 0 (RU-SNI)
2026-06-23 17:59:34,851 | INFO     |   → ==================================================
2026-06-23 17:59:34,851 | INFO     |   → Всего входных:  67
2026-06-23 17:59:34,851 | INFO     |   → Прошли RU-SNI:  0
2026-06-23 17:59:34,851 | INFO     |   → Отброшено:      67
2026-06-23 17:59:34,851 | INFO     |   → ==================================================
2026-06-23 17:59:34,851 | INFO     |   → Готово → /home/runner/work/vpn-vless-configs-russia/vpn-vless-configs-russia/githubmirror/ru-sni-local
2026-06-23 17:59:34,851 | INFO     | ✅ filter_ru_sni_local.py завершён успешно
2026-06-23 17:59:34,851 | INFO     | 
2026-06-23 17:59:34,851 | INFO     | 
2026-06-23 17:59:34,851 | INFO     | ──────────────────────────────────────────────────────────────────────
2026-06-23 17:59:34,851 | INFO     | 📌 ЭТАП: Сбор статистики
2026-06-23 17:59:34,851 | INFO     | ──────────────────────────────────────────────────────────────────────
2026-06-23 17:59:34,851 | INFO     | 📊 Сбор статистики...
2026-06-23 17:59:34,851 | INFO     |   📁 githubmirror/clean:
2026-06-23 17:59:34,852 | INFO     |     • hysteria2   :     1 конфигов
2026-06-23 17:59:34,852 | INFO     |     • trojan      :     1 конфигов
2026-06-23 17:59:34,852 | INFO     |     • vless       :    65 конфигов
2026-06-23 17:59:34,852 | INFO     |   📁 githubmirror/ru-sni:
2026-06-23 17:59:34,852 | INFO     |     • hysteria2   :     0 конфигов (  0.0% от clean)
2026-06-23 17:59:34,852 | INFO     |     • trojan      :     0 конфигов (  0.0% от clean)
2026-06-23 17:59:34,852 | INFO     |     • vless       :     1 конфигов (  1.5% от clean)
2026-06-23 17:59:34,852 | INFO     |   ✨ Новых CF-VLESS в этом запуске: 50
2026-06-23 17:59:34,852 | INFO     | 
2026-06-23 17:59:34,852 | INFO     |   ──────────────────────────────────────────────────
2026-06-23 17:59:34,853 | INFO     |   📈 ИТОГО:
2026-06-23 17:59:34,853 | INFO     |     Clean (после geo-фильтра):       67
2026-06-23 17:59:34,853 | INFO     |     RU-SNI (после SNI-фильтра):       1
2026-06-23 17:59:34,853 | INFO     |     Прошло фильтр:                  1.5%
2026-06-23 17:59:34,853 | INFO     |   ──────────────────────────────────────────────────
2026-06-23 17:59:34,853 | INFO     | ✅ Статистика сохранена: /home/runner/work/vpn-vless-configs-russia/vpn-vless-configs-russia/stats.json
2026-06-23 17:59:34,853 | INFO     | 
2026-06-23 17:59:34,853 | INFO     | ======================================================================
2026-06-23 17:59:34,853 | INFO     | 📊 ИТОГОВЫЙ ОТЧЁТ
2026-06-23 17:59:34,853 | INFO     | ======================================================================
2026-06-23 17:59:34,853 | INFO     |   ✅ OK         | Загрузка и geo-фильтрация
2026-06-23 17:59:34,853 | INFO     |   ✅ OK         | Генерация 50 уникальных CF-VLESS
2026-06-23 17:59:34,853 | INFO     |   ✅ OK         | Слияние CF с основным списком
2026-06-23 17:59:34,853 | INFO     |   ✅ OK         | Фильтрация по реальному SNI
2026-06-23 17:59:34,853 | INFO     |   ✅ OK         | Экспериментальный RU-SNI фильтр
2026-06-23 17:59:34,853 | INFO     |   ✅ OK         | Сбор статистики
2026-06-23 17:59:34,853 | INFO     | ──────────────────────────────────────────────────────────────────────
2026-06-23 17:59:34,853 | INFO     | ✅ ВСЕ ЭТАПЫ УСПЕШНЫ (6/6)
2026-06-23 17:59:34,853 | INFO     | ⏰ Время завершения: 2026-06-23 17:59:34
2026-06-23 17:59:34,853 | INFO     | ======================================================================
