2026-06-22 10:41:09,053 | INFO     | ======================================================================
2026-06-22 10:41:09,053 | INFO     | 🔍 VPN KEY CHECKER - Начало проверки
2026-06-22 10:41:09,053 | INFO     | ⏰ Время старта: 2026-06-22 10:41:09
2026-06-22 10:41:09,053 | INFO     | 📂 Рабочая директория: /home/runner/work/vpn-vless-configs-russia/vpn-vless-configs-russia
2026-06-22 10:41:09,053 | INFO     | ======================================================================
2026-06-22 10:41:09,053 | INFO     | 
2026-06-22 10:41:09,053 | INFO     | 🔍 Проверка наличия скриптов...
2026-06-22 10:41:09,053 | INFO     |   ✅ mirror.py
2026-06-22 10:41:09,053 | INFO     |   ✅ generate_cf_vless.py
2026-06-22 10:41:09,053 | INFO     |   ✅ filter_ru_sni.py
2026-06-22 10:41:09,053 | INFO     |   ✅ filter_ru_sni_local.py
2026-06-22 10:41:09,054 | INFO     | 
2026-06-22 10:41:09,054 | INFO     | 
2026-06-22 10:41:09,054 | INFO     | ──────────────────────────────────────────────────────────────────────
2026-06-22 10:41:09,054 | INFO     | 📌 ЭТАП: Загрузка и geo-фильтрация
2026-06-22 10:41:09,054 | INFO     | ──────────────────────────────────────────────────────────────────────
2026-06-22 10:41:09,054 | INFO     | 🚀 Запуск mirror.py (Загрузка и фильтрация по РФ/СНГ/Европа)...
2026-06-22 10:41:12,309 | INFO     |   → 🚀 Старт: всего источников (старые + новые): 8
2026-06-22 10:41:12,309 | INFO     |   → 1/8: ✅ 0 взято | 🗑️ 0 мусор
2026-06-22 10:41:12,309 | INFO     |   → 2/8: ✅ 0 взято | 🗑️ 0 мусор
2026-06-22 10:41:12,309 | INFO     |   → 3/8: ✅ 3 взято | 🗑️ 99 мусор
2026-06-22 10:41:12,309 | INFO     |   → 4/8: ✅ 0 взято | 🗑️ 0 мусор
2026-06-22 10:41:12,309 | INFO     |   → 5/8: ✅ 3 взято | 🗑️ 196 мусор
2026-06-22 10:41:12,309 | INFO     |   → 6/8: ✅ 0 взято | 🗑️ 0 мусор
2026-06-22 10:41:12,309 | INFO     |   → 7/8: ✅ 13 взято | 🗑️ 10 мусор
2026-06-22 10:41:12,309 | INFO     |   → 8/8: ✅ 0 взято | 🗑️ 10 мусор
2026-06-22 10:41:12,309 | INFO     |   → ✅ ГОТОВО!
2026-06-22 10:41:12,309 | INFO     |   →    📥 Всего ключей после фильтра: 19
2026-06-22 10:41:12,310 | INFO     |   →    🔗 Уникальных IP:PORT:SCHEME: 18
2026-06-22 10:41:12,310 | INFO     |   →    🗑️ Выброшено мусора: 315
2026-06-22 10:41:12,310 | INFO     |   → 📊 По протоколам:
2026-06-22 10:41:12,310 | INFO     |   →    vless: 16
2026-06-22 10:41:12,310 | INFO     |   →    trojan: 1
2026-06-22 10:41:12,310 | INFO     |   →    hysteria2: 1
2026-06-22 10:41:12,310 | INFO     | ✅ mirror.py завершён успешно
2026-06-22 10:41:12,310 | INFO     | 
2026-06-22 10:41:12,310 | INFO     | 
2026-06-22 10:41:12,310 | INFO     | ──────────────────────────────────────────────────────────────────────
2026-06-22 10:41:12,310 | INFO     | 📌 ЭТАП: Генерация 50 уникальных CF-VLESS
2026-06-22 10:41:12,310 | INFO     | ──────────────────────────────────────────────────────────────────────
2026-06-22 10:41:12,310 | INFO     | 🚀 Запуск generate_cf_vless.py (50 новых CF-VLESS)...
2026-06-22 10:41:13,284 | INFO     |   → ======================================================================
2026-06-22 10:41:13,284 | INFO     |   → 🗺️  Генератор свежих VLESS-конфигов на IP Cloudflare
2026-06-22 10:41:13,284 | INFO     |   → ======================================================================
2026-06-22 10:41:13,284 | INFO     |   →   → Загружаем актуальные IP-диапазоны Cloudflare: https://www.cloudflare.com/ips-v4
2026-06-22 10:41:13,284 | INFO     |   →   → Найдено 15 IPv4 CIDR-блоков. Преобразуем их в IP-адреса...
2026-06-22 10:41:13,284 | INFO     |   → ✅ Успешно загружено и подготовлено 7500 IP-адресов для ротации.
2026-06-22 10:41:13,284 | INFO     |   → ✨ Сгенерировано и сохранено 50 VLESS-конфигов.
2026-06-22 10:41:13,284 | INFO     |   → 📂 Файл: /home/runner/work/vpn-vless-configs-russia/vpn-vless-configs-russia/githubmirror/new/cf_fresh.txt
2026-06-22 10:41:13,284 | INFO     |   → ======================================================================
2026-06-22 10:41:13,284 | INFO     | ✅ generate_cf_vless.py завершён успешно
2026-06-22 10:41:13,284 | INFO     | 
2026-06-22 10:41:13,284 | INFO     | 
2026-06-22 10:41:13,284 | INFO     | ──────────────────────────────────────────────────────────────────────
2026-06-22 10:41:13,284 | INFO     | 📌 ЭТАП: Слияние CF с основным списком
2026-06-22 10:41:13,284 | INFO     | ──────────────────────────────────────────────────────────────────────
2026-06-22 10:41:13,286 | INFO     | 🔄 Добавлено 50 новых CF-VLESS в /home/runner/work/vpn-vless-configs-russia/vpn-vless-configs-russia/githubmirror/clean/vless.txt
2026-06-22 10:41:13,286 | INFO     | 📊 Всего в clean/vless.txt теперь: 66
2026-06-22 10:41:13,286 | INFO     | 
2026-06-22 10:41:13,286 | INFO     | 
2026-06-22 10:41:13,286 | INFO     | ──────────────────────────────────────────────────────────────────────
2026-06-22 10:41:13,286 | INFO     | 📌 ЭТАП: Фильтрация по реальному SNI
2026-06-22 10:41:13,286 | INFO     | ──────────────────────────────────────────────────────────────────────
2026-06-22 10:41:13,286 | INFO     | 🚀 Запуск filter_ru_sni.py (Фильтр по реальному SNI (CDN+RU))...
2026-06-22 10:41:13,314 | INFO     |   → hysteria2.txt: 1 → 0 (SNI-filtered)
2026-06-22 10:41:13,314 | INFO     |   →   trojan.txt: 1 → 0 (SNI-filtered)
2026-06-22 10:41:13,314 | INFO     |   →   vless.txt: 66 → 0 (SNI-filtered)
2026-06-22 10:41:13,314 | INFO     |   → ==================================================
2026-06-22 10:41:13,314 | INFO     |   →   Всего входных:  68
2026-06-22 10:41:13,315 | INFO     |   →   Прошли фильтр:  0
2026-06-22 10:41:13,315 | INFO     |   →   Отброшено:      68
2026-06-22 10:41:13,315 | INFO     |   → ==================================================
2026-06-22 10:41:13,315 | INFO     |   → Готово → /home/runner/work/vpn-vless-configs-russia/vpn-vless-configs-russia/githubmirror/ru-sni
2026-06-22 10:41:13,315 | INFO     | ✅ filter_ru_sni.py завершён успешно
2026-06-22 10:41:13,315 | INFO     | 
2026-06-22 10:41:13,315 | INFO     | 
2026-06-22 10:41:13,315 | INFO     | ──────────────────────────────────────────────────────────────────────
2026-06-22 10:41:13,315 | INFO     | 📌 ЭТАП: Экспериментальный RU-SNI фильтр
2026-06-22 10:41:13,315 | INFO     | ──────────────────────────────────────────────────────────────────────
2026-06-22 10:41:13,315 | INFO     | 🚀 Запуск filter_ru_sni_local.py (Экспериментальный фильтр по RU-SNI (локальные домены))...
2026-06-22 10:41:13,341 | INFO     |   → hysteria2.txt: 1 → 0 (RU-SNI)
2026-06-22 10:41:13,341 | INFO     |   → trojan.txt: 1 → 0 (RU-SNI)
2026-06-22 10:41:13,341 | INFO     |   → vless.txt: 66 → 0 (RU-SNI)
2026-06-22 10:41:13,341 | INFO     |   → ==================================================
2026-06-22 10:41:13,341 | INFO     |   → Всего входных:  68
2026-06-22 10:41:13,341 | INFO     |   → Прошли RU-SNI:  0
2026-06-22 10:41:13,342 | INFO     |   → Отброшено:      68
2026-06-22 10:41:13,342 | INFO     |   → ==================================================
2026-06-22 10:41:13,342 | INFO     |   → Готово → /home/runner/work/vpn-vless-configs-russia/vpn-vless-configs-russia/githubmirror/ru-sni-local
2026-06-22 10:41:13,342 | INFO     | ✅ filter_ru_sni_local.py завершён успешно
2026-06-22 10:41:13,342 | INFO     | 
2026-06-22 10:41:13,342 | INFO     | 
2026-06-22 10:41:13,342 | INFO     | ──────────────────────────────────────────────────────────────────────
2026-06-22 10:41:13,342 | INFO     | 📌 ЭТАП: Сбор статистики
2026-06-22 10:41:13,342 | INFO     | ──────────────────────────────────────────────────────────────────────
2026-06-22 10:41:13,342 | INFO     | 📊 Сбор статистики...
2026-06-22 10:41:13,342 | INFO     |   📁 githubmirror/clean:
2026-06-22 10:41:13,343 | INFO     |     • hysteria2   :     1 конфигов
2026-06-22 10:41:13,343 | INFO     |     • trojan      :     1 конфигов
2026-06-22 10:41:13,343 | INFO     |     • vless       :    66 конфигов
2026-06-22 10:41:13,343 | INFO     |   📁 githubmirror/ru-sni:
2026-06-22 10:41:13,343 | INFO     |     • hysteria2   :     0 конфигов (  0.0% от clean)
2026-06-22 10:41:13,343 | INFO     |     • trojan      :     0 конфигов (  0.0% от clean)
2026-06-22 10:41:13,343 | INFO     |     • vless       :     0 конфигов (  0.0% от clean)
2026-06-22 10:41:13,344 | INFO     |   ✨ Новых CF-VLESS в этом запуске: 50
2026-06-22 10:41:13,344 | INFO     | 
2026-06-22 10:41:13,344 | INFO     |   ──────────────────────────────────────────────────
2026-06-22 10:41:13,344 | INFO     |   📈 ИТОГО:
2026-06-22 10:41:13,344 | INFO     |     Clean (после geo-фильтра):       68
2026-06-22 10:41:13,344 | INFO     |     RU-SNI (после SNI-фильтра):       0
2026-06-22 10:41:13,344 | INFO     |     Прошло фильтр:                  0.0%
2026-06-22 10:41:13,344 | INFO     |   ──────────────────────────────────────────────────
2026-06-22 10:41:13,344 | INFO     | ✅ Статистика сохранена: /home/runner/work/vpn-vless-configs-russia/vpn-vless-configs-russia/stats.json
2026-06-22 10:41:13,344 | INFO     | 
2026-06-22 10:41:13,344 | INFO     | ======================================================================
2026-06-22 10:41:13,344 | INFO     | 📊 ИТОГОВЫЙ ОТЧЁТ
2026-06-22 10:41:13,344 | INFO     | ======================================================================
2026-06-22 10:41:13,344 | INFO     |   ✅ OK         | Загрузка и geo-фильтрация
2026-06-22 10:41:13,345 | INFO     |   ✅ OK         | Генерация 50 уникальных CF-VLESS
2026-06-22 10:41:13,345 | INFO     |   ✅ OK         | Слияние CF с основным списком
2026-06-22 10:41:13,345 | INFO     |   ✅ OK         | Фильтрация по реальному SNI
2026-06-22 10:41:13,345 | INFO     |   ✅ OK         | Экспериментальный RU-SNI фильтр
2026-06-22 10:41:13,345 | INFO     |   ✅ OK         | Сбор статистики
2026-06-22 10:41:13,345 | INFO     | ──────────────────────────────────────────────────────────────────────
2026-06-22 10:41:13,345 | INFO     | ✅ ВСЕ ЭТАПЫ УСПЕШНЫ (6/6)
2026-06-22 10:41:13,345 | INFO     | ⏰ Время завершения: 2026-06-22 10:41:13
2026-06-22 10:41:13,345 | INFO     | ======================================================================
