2026-06-09 23:55:46,896 | INFO     | ======================================================================
2026-06-09 23:55:46,896 | INFO     | 🔍 VPN KEY CHECKER - Начало проверки
2026-06-09 23:55:46,896 | INFO     | ⏰ Время старта: 2026-06-09 23:55:46
2026-06-09 23:55:46,896 | INFO     | 📂 Рабочая директория: /home/runner/work/vpn-vless-configs-russia/vpn-vless-configs-russia
2026-06-09 23:55:46,896 | INFO     | ======================================================================
2026-06-09 23:55:46,896 | INFO     | 
2026-06-09 23:55:46,896 | INFO     | 🔍 Проверка наличия скриптов...
2026-06-09 23:55:46,896 | INFO     |   ✅ mirror.py
2026-06-09 23:55:46,896 | INFO     |   ✅ generate_cf_vless.py
2026-06-09 23:55:46,896 | INFO     |   ✅ filter_ru_sni.py
2026-06-09 23:55:46,896 | INFO     |   ✅ filter_ru_sni_local.py
2026-06-09 23:55:46,896 | INFO     | 
2026-06-09 23:55:46,896 | INFO     | 
2026-06-09 23:55:46,896 | INFO     | ──────────────────────────────────────────────────────────────────────
2026-06-09 23:55:46,896 | INFO     | 📌 ЭТАП: Загрузка и geo-фильтрация
2026-06-09 23:55:46,896 | INFO     | ──────────────────────────────────────────────────────────────────────
2026-06-09 23:55:46,896 | INFO     | 🚀 Запуск mirror.py (Загрузка и фильтрация по РФ/СНГ/Европа)...
2026-06-09 23:55:49,517 | INFO     |   → 🚀 Старт: всего источников (старые + новые): 6
2026-06-09 23:55:49,517 | INFO     |   → 1/6: ✅ 0 взято | 🗑️ 0 мусор
2026-06-09 23:55:49,517 | INFO     |   → 2/6: ✅ 0 взято | 🗑️ 0 мусор
2026-06-09 23:55:49,517 | INFO     |   → 3/6: ✅ 2 взято | 🗑️ 279 мусор
2026-06-09 23:55:49,517 | INFO     |   → 4/6: ✅ 0 взято | 🗑️ 0 мусор
2026-06-09 23:55:49,517 | INFO     |   → 5/6: ✅ 13 взято | 🗑️ 7 мусор
2026-06-09 23:55:49,517 | INFO     |   → 6/6: ✅ 0 взято | 🗑️ 7 мусор
2026-06-09 23:55:49,517 | INFO     |   → ✅ ГОТОВО!
2026-06-09 23:55:49,517 | INFO     |   →    📥 Всего ключей после фильтра: 15
2026-06-09 23:55:49,517 | INFO     |   →    🔗 Уникальных IP:PORT:SCHEME: 14
2026-06-09 23:55:49,517 | INFO     |   →    🗑️ Выброшено мусора: 293
2026-06-09 23:55:49,517 | INFO     |   → 📊 По протоколам:
2026-06-09 23:55:49,517 | INFO     |   →    vless: 8
2026-06-09 23:55:49,517 | INFO     |   →    vmess: 1
2026-06-09 23:55:49,517 | INFO     |   →    trojan: 2
2026-06-09 23:55:49,517 | INFO     |   →    ss: 3
2026-06-09 23:55:49,517 | INFO     | ✅ mirror.py завершён успешно
2026-06-09 23:55:49,518 | INFO     | 
2026-06-09 23:55:49,518 | INFO     | 
2026-06-09 23:55:49,518 | INFO     | ──────────────────────────────────────────────────────────────────────
2026-06-09 23:55:49,518 | INFO     | 📌 ЭТАП: Генерация 50 уникальных CF-VLESS
2026-06-09 23:55:49,518 | INFO     | ──────────────────────────────────────────────────────────────────────
2026-06-09 23:55:49,518 | INFO     | 🚀 Запуск generate_cf_vless.py (50 новых CF-VLESS)...
2026-06-09 23:55:50,286 | INFO     |   → ======================================================================
2026-06-09 23:55:50,286 | INFO     |   → 🗺️  Генератор свежих VLESS-конфигов на IP Cloudflare
2026-06-09 23:55:50,286 | INFO     |   → ======================================================================
2026-06-09 23:55:50,286 | INFO     |   →   → Загружаем актуальные IP-диапазоны Cloudflare: https://www.cloudflare.com/ips-v4
2026-06-09 23:55:50,286 | INFO     |   →   → Найдено 15 IPv4 CIDR-блоков. Преобразуем их в IP-адреса...
2026-06-09 23:55:50,286 | INFO     |   → ✅ Успешно загружено и подготовлено 7500 IP-адресов для ротации.
2026-06-09 23:55:50,286 | INFO     |   → ✨ Сгенерировано и сохранено 50 VLESS-конфигов.
2026-06-09 23:55:50,286 | INFO     |   → 📂 Файл: /home/runner/work/vpn-vless-configs-russia/vpn-vless-configs-russia/githubmirror/new/cf_fresh.txt
2026-06-09 23:55:50,286 | INFO     |   → ======================================================================
2026-06-09 23:55:50,286 | INFO     | ✅ generate_cf_vless.py завершён успешно
2026-06-09 23:55:50,286 | INFO     | 
2026-06-09 23:55:50,286 | INFO     | 
2026-06-09 23:55:50,286 | INFO     | ──────────────────────────────────────────────────────────────────────
2026-06-09 23:55:50,286 | INFO     | 📌 ЭТАП: Слияние CF с основным списком
2026-06-09 23:55:50,286 | INFO     | ──────────────────────────────────────────────────────────────────────
2026-06-09 23:55:50,287 | INFO     | 🔄 Добавлено 50 новых CF-VLESS в /home/runner/work/vpn-vless-configs-russia/vpn-vless-configs-russia/githubmirror/clean/vless.txt
2026-06-09 23:55:50,287 | INFO     | 📊 Всего в clean/vless.txt теперь: 58
2026-06-09 23:55:50,287 | INFO     | 
2026-06-09 23:55:50,287 | INFO     | 
2026-06-09 23:55:50,287 | INFO     | ──────────────────────────────────────────────────────────────────────
2026-06-09 23:55:50,287 | INFO     | 📌 ЭТАП: Фильтрация по реальному SNI
2026-06-09 23:55:50,288 | INFO     | ──────────────────────────────────────────────────────────────────────
2026-06-09 23:55:50,288 | INFO     | 🚀 Запуск filter_ru_sni.py (Фильтр по реальному SNI (CDN+RU))...
2026-06-09 23:55:50,311 | INFO     |   → ss.txt: 3 → 0 (SNI-filtered)
2026-06-09 23:55:50,311 | INFO     |   →   trojan.txt: 2 → 0 (SNI-filtered)
2026-06-09 23:55:50,311 | INFO     |   →   vless.txt: 58 → 4 (SNI-filtered)
2026-06-09 23:55:50,311 | INFO     |   →   vmess.txt: 1 → 0 (SNI-filtered)
2026-06-09 23:55:50,311 | INFO     |   → ==================================================
2026-06-09 23:55:50,311 | INFO     |   →   Всего входных:  64
2026-06-09 23:55:50,311 | INFO     |   →   Прошли фильтр:  4
2026-06-09 23:55:50,311 | INFO     |   →   Отброшено:      60
2026-06-09 23:55:50,311 | INFO     |   → ==================================================
2026-06-09 23:55:50,311 | INFO     |   → Готово → /home/runner/work/vpn-vless-configs-russia/vpn-vless-configs-russia/githubmirror/ru-sni
2026-06-09 23:55:50,311 | INFO     | ✅ filter_ru_sni.py завершён успешно
2026-06-09 23:55:50,311 | INFO     | 
2026-06-09 23:55:50,311 | INFO     | 
2026-06-09 23:55:50,311 | INFO     | ──────────────────────────────────────────────────────────────────────
2026-06-09 23:55:50,311 | INFO     | 📌 ЭТАП: Экспериментальный RU-SNI фильтр
2026-06-09 23:55:50,311 | INFO     | ──────────────────────────────────────────────────────────────────────
2026-06-09 23:55:50,311 | INFO     | 🚀 Запуск filter_ru_sni_local.py (Экспериментальный фильтр по RU-SNI (локальные домены))...
2026-06-09 23:55:50,332 | INFO     |   → ss.txt: 3 → 0 (RU-SNI)
2026-06-09 23:55:50,332 | INFO     |   → trojan.txt: 2 → 0 (RU-SNI)
2026-06-09 23:55:50,332 | INFO     |   → vless.txt: 58 → 1 (RU-SNI)
2026-06-09 23:55:50,332 | INFO     |   → vmess.txt: 1 → 0 (RU-SNI)
2026-06-09 23:55:50,332 | INFO     |   → ==================================================
2026-06-09 23:55:50,332 | INFO     |   → Всего входных:  64
2026-06-09 23:55:50,332 | INFO     |   → Прошли RU-SNI:  1
2026-06-09 23:55:50,333 | INFO     |   → Отброшено:      63
2026-06-09 23:55:50,333 | INFO     |   → ==================================================
2026-06-09 23:55:50,333 | INFO     |   → Готово → /home/runner/work/vpn-vless-configs-russia/vpn-vless-configs-russia/githubmirror/ru-sni-local
2026-06-09 23:55:50,333 | INFO     | ✅ filter_ru_sni_local.py завершён успешно
2026-06-09 23:55:50,333 | INFO     | 
2026-06-09 23:55:50,333 | INFO     | 
2026-06-09 23:55:50,333 | INFO     | ──────────────────────────────────────────────────────────────────────
2026-06-09 23:55:50,333 | INFO     | 📌 ЭТАП: Сбор статистики
2026-06-09 23:55:50,333 | INFO     | ──────────────────────────────────────────────────────────────────────
2026-06-09 23:55:50,333 | INFO     | 📊 Сбор статистики...
2026-06-09 23:55:50,333 | INFO     |   📁 githubmirror/clean:
2026-06-09 23:55:50,333 | INFO     |     • ss          :     3 конфигов
2026-06-09 23:55:50,333 | INFO     |     • trojan      :     2 конфигов
2026-06-09 23:55:50,333 | INFO     |     • vless       :    58 конфигов
2026-06-09 23:55:50,333 | INFO     |     • vmess       :     1 конфигов
2026-06-09 23:55:50,333 | INFO     |   📁 githubmirror/ru-sni:
2026-06-09 23:55:50,334 | INFO     |     • ss          :     0 конфигов (  0.0% от clean)
2026-06-09 23:55:50,334 | INFO     |     • trojan      :     0 конфигов (  0.0% от clean)
2026-06-09 23:55:50,334 | INFO     |     • vless       :     4 конфигов (  6.9% от clean)
2026-06-09 23:55:50,334 | INFO     |     • vmess       :     0 конфигов (  0.0% от clean)
2026-06-09 23:55:50,334 | INFO     |   ✨ Новых CF-VLESS в этом запуске: 50
2026-06-09 23:55:50,334 | INFO     | 
2026-06-09 23:55:50,334 | INFO     |   ──────────────────────────────────────────────────
2026-06-09 23:55:50,334 | INFO     |   📈 ИТОГО:
2026-06-09 23:55:50,334 | INFO     |     Clean (после geo-фильтра):       64
2026-06-09 23:55:50,334 | INFO     |     RU-SNI (после SNI-фильтра):       4
2026-06-09 23:55:50,334 | INFO     |     Прошло фильтр:                  6.2%
2026-06-09 23:55:50,334 | INFO     |   ──────────────────────────────────────────────────
2026-06-09 23:55:50,334 | INFO     | ✅ Статистика сохранена: /home/runner/work/vpn-vless-configs-russia/vpn-vless-configs-russia/stats.json
2026-06-09 23:55:50,334 | INFO     | 
2026-06-09 23:55:50,334 | INFO     | ======================================================================
2026-06-09 23:55:50,335 | INFO     | 📊 ИТОГОВЫЙ ОТЧЁТ
2026-06-09 23:55:50,335 | INFO     | ======================================================================
2026-06-09 23:55:50,335 | INFO     |   ✅ OK         | Загрузка и geo-фильтрация
2026-06-09 23:55:50,335 | INFO     |   ✅ OK         | Генерация 50 уникальных CF-VLESS
2026-06-09 23:55:50,335 | INFO     |   ✅ OK         | Слияние CF с основным списком
2026-06-09 23:55:50,335 | INFO     |   ✅ OK         | Фильтрация по реальному SNI
2026-06-09 23:55:50,335 | INFO     |   ✅ OK         | Экспериментальный RU-SNI фильтр
2026-06-09 23:55:50,335 | INFO     |   ✅ OK         | Сбор статистики
2026-06-09 23:55:50,335 | INFO     | ──────────────────────────────────────────────────────────────────────
2026-06-09 23:55:50,335 | INFO     | ✅ ВСЕ ЭТАПЫ УСПЕШНЫ (6/6)
2026-06-09 23:55:50,335 | INFO     | ⏰ Время завершения: 2026-06-09 23:55:50
2026-06-09 23:55:50,335 | INFO     | ======================================================================
