2026-06-15 00:12:59,322 | INFO     | ======================================================================
2026-06-15 00:12:59,322 | INFO     | 🔍 VPN KEY CHECKER - Начало проверки
2026-06-15 00:12:59,322 | INFO     | ⏰ Время старта: 2026-06-15 00:12:59
2026-06-15 00:12:59,322 | INFO     | 📂 Рабочая директория: /home/runner/work/vpn-vless-configs-russia/vpn-vless-configs-russia
2026-06-15 00:12:59,322 | INFO     | ======================================================================
2026-06-15 00:12:59,322 | INFO     | 
2026-06-15 00:12:59,322 | INFO     | 🔍 Проверка наличия скриптов...
2026-06-15 00:12:59,322 | INFO     |   ✅ mirror.py
2026-06-15 00:12:59,322 | INFO     |   ✅ generate_cf_vless.py
2026-06-15 00:12:59,323 | INFO     |   ✅ filter_ru_sni.py
2026-06-15 00:12:59,323 | INFO     |   ✅ filter_ru_sni_local.py
2026-06-15 00:12:59,323 | INFO     | 
2026-06-15 00:12:59,323 | INFO     | 
2026-06-15 00:12:59,323 | INFO     | ──────────────────────────────────────────────────────────────────────
2026-06-15 00:12:59,323 | INFO     | 📌 ЭТАП: Загрузка и geo-фильтрация
2026-06-15 00:12:59,323 | INFO     | ──────────────────────────────────────────────────────────────────────
2026-06-15 00:12:59,323 | INFO     | 🚀 Запуск mirror.py (Загрузка и фильтрация по РФ/СНГ/Европа)...
2026-06-15 00:13:03,016 | INFO     |   → 🚀 Старт: всего источников (старые + новые): 8
2026-06-15 00:13:03,016 | INFO     |   → 1/8: ✅ 0 взято | 🗑️ 0 мусор
2026-06-15 00:13:03,016 | INFO     |   → 2/8: ✅ 0 взято | 🗑️ 0 мусор
2026-06-15 00:13:03,016 | INFO     |   → 3/8: ✅ 0 взято | 🗑️ 0 мусор
2026-06-15 00:13:03,016 | INFO     |   → 4/8: ✅ 1 взято | 🗑️ 169 мусор
2026-06-15 00:13:03,016 | INFO     |   → 5/8: ✅ 1 взято | 🗑️ 171 мусор
2026-06-15 00:13:03,016 | INFO     |   → 6/8: ✅ 0 взято | 🗑️ 0 мусор
2026-06-15 00:13:03,016 | INFO     |   → 7/8: ✅ 5 взято | 🗑️ 9 мусор
2026-06-15 00:13:03,017 | INFO     |   → 8/8: ✅ 0 взято | 🗑️ 9 мусор
2026-06-15 00:13:03,017 | INFO     |   → ✅ ГОТОВО!
2026-06-15 00:13:03,017 | INFO     |   →    📥 Всего ключей после фильтра: 7
2026-06-15 00:13:03,017 | INFO     |   →    🔗 Уникальных IP:PORT:SCHEME: 7
2026-06-15 00:13:03,017 | INFO     |   →    🗑️ Выброшено мусора: 358
2026-06-15 00:13:03,017 | INFO     |   → 📊 По протоколам:
2026-06-15 00:13:03,017 | INFO     |   →    vless: 6
2026-06-15 00:13:03,017 | INFO     |   →    vmess: 1
2026-06-15 00:13:03,017 | INFO     | ✅ mirror.py завершён успешно
2026-06-15 00:13:03,017 | INFO     | 
2026-06-15 00:13:03,017 | INFO     | 
2026-06-15 00:13:03,017 | INFO     | ──────────────────────────────────────────────────────────────────────
2026-06-15 00:13:03,017 | INFO     | 📌 ЭТАП: Генерация 50 уникальных CF-VLESS
2026-06-15 00:13:03,017 | INFO     | ──────────────────────────────────────────────────────────────────────
2026-06-15 00:13:03,017 | INFO     | 🚀 Запуск generate_cf_vless.py (50 новых CF-VLESS)...
2026-06-15 00:13:03,979 | INFO     |   → ======================================================================
2026-06-15 00:13:03,979 | INFO     |   → 🗺️  Генератор свежих VLESS-конфигов на IP Cloudflare
2026-06-15 00:13:03,979 | INFO     |   → ======================================================================
2026-06-15 00:13:03,979 | INFO     |   →   → Загружаем актуальные IP-диапазоны Cloudflare: https://www.cloudflare.com/ips-v4
2026-06-15 00:13:03,979 | INFO     |   →   → Найдено 15 IPv4 CIDR-блоков. Преобразуем их в IP-адреса...
2026-06-15 00:13:03,979 | INFO     |   → ✅ Успешно загружено и подготовлено 7500 IP-адресов для ротации.
2026-06-15 00:13:03,979 | INFO     |   → ✨ Сгенерировано и сохранено 50 VLESS-конфигов.
2026-06-15 00:13:03,979 | INFO     |   → 📂 Файл: /home/runner/work/vpn-vless-configs-russia/vpn-vless-configs-russia/githubmirror/new/cf_fresh.txt
2026-06-15 00:13:03,979 | INFO     |   → ======================================================================
2026-06-15 00:13:03,979 | INFO     | ✅ generate_cf_vless.py завершён успешно
2026-06-15 00:13:03,980 | INFO     | 
2026-06-15 00:13:03,980 | INFO     | 
2026-06-15 00:13:03,980 | INFO     | ──────────────────────────────────────────────────────────────────────
2026-06-15 00:13:03,980 | INFO     | 📌 ЭТАП: Слияние CF с основным списком
2026-06-15 00:13:03,980 | INFO     | ──────────────────────────────────────────────────────────────────────
2026-06-15 00:13:03,981 | INFO     | 🔄 Добавлено 50 новых CF-VLESS в /home/runner/work/vpn-vless-configs-russia/vpn-vless-configs-russia/githubmirror/clean/vless.txt
2026-06-15 00:13:03,981 | INFO     | 📊 Всего в clean/vless.txt теперь: 56
2026-06-15 00:13:03,981 | INFO     | 
2026-06-15 00:13:03,981 | INFO     | 
2026-06-15 00:13:03,981 | INFO     | ──────────────────────────────────────────────────────────────────────
2026-06-15 00:13:03,981 | INFO     | 📌 ЭТАП: Фильтрация по реальному SNI
2026-06-15 00:13:03,981 | INFO     | ──────────────────────────────────────────────────────────────────────
2026-06-15 00:13:03,981 | INFO     | 🚀 Запуск filter_ru_sni.py (Фильтр по реальному SNI (CDN+RU))...
2026-06-15 00:13:04,010 | INFO     |   → vless.txt: 56 → 1 (SNI-filtered)
2026-06-15 00:13:04,010 | INFO     |   →   vmess.txt: 1 → 0 (SNI-filtered)
2026-06-15 00:13:04,010 | INFO     |   → ==================================================
2026-06-15 00:13:04,011 | INFO     |   →   Всего входных:  57
2026-06-15 00:13:04,011 | INFO     |   →   Прошли фильтр:  1
2026-06-15 00:13:04,011 | INFO     |   →   Отброшено:      56
2026-06-15 00:13:04,011 | INFO     |   → ==================================================
2026-06-15 00:13:04,011 | INFO     |   → Готово → /home/runner/work/vpn-vless-configs-russia/vpn-vless-configs-russia/githubmirror/ru-sni
2026-06-15 00:13:04,011 | INFO     | ✅ filter_ru_sni.py завершён успешно
2026-06-15 00:13:04,011 | INFO     | 
2026-06-15 00:13:04,011 | INFO     | 
2026-06-15 00:13:04,011 | INFO     | ──────────────────────────────────────────────────────────────────────
2026-06-15 00:13:04,011 | INFO     | 📌 ЭТАП: Экспериментальный RU-SNI фильтр
2026-06-15 00:13:04,011 | INFO     | ──────────────────────────────────────────────────────────────────────
2026-06-15 00:13:04,011 | INFO     | 🚀 Запуск filter_ru_sni_local.py (Экспериментальный фильтр по RU-SNI (локальные домены))...
2026-06-15 00:13:04,039 | INFO     |   → vless.txt: 56 → 0 (RU-SNI)
2026-06-15 00:13:04,039 | INFO     |   → vmess.txt: 1 → 0 (RU-SNI)
2026-06-15 00:13:04,039 | INFO     |   → ==================================================
2026-06-15 00:13:04,039 | INFO     |   → Всего входных:  57
2026-06-15 00:13:04,039 | INFO     |   → Прошли RU-SNI:  0
2026-06-15 00:13:04,039 | INFO     |   → Отброшено:      57
2026-06-15 00:13:04,039 | INFO     |   → ==================================================
2026-06-15 00:13:04,039 | INFO     |   → Готово → /home/runner/work/vpn-vless-configs-russia/vpn-vless-configs-russia/githubmirror/ru-sni-local
2026-06-15 00:13:04,039 | INFO     | ✅ filter_ru_sni_local.py завершён успешно
2026-06-15 00:13:04,039 | INFO     | 
2026-06-15 00:13:04,039 | INFO     | 
2026-06-15 00:13:04,039 | INFO     | ──────────────────────────────────────────────────────────────────────
2026-06-15 00:13:04,039 | INFO     | 📌 ЭТАП: Сбор статистики
2026-06-15 00:13:04,039 | INFO     | ──────────────────────────────────────────────────────────────────────
2026-06-15 00:13:04,039 | INFO     | 📊 Сбор статистики...
2026-06-15 00:13:04,039 | INFO     |   📁 githubmirror/clean:
2026-06-15 00:13:04,039 | INFO     |     • vless       :    56 конфигов
2026-06-15 00:13:04,040 | INFO     |     • vmess       :     1 конфигов
2026-06-15 00:13:04,040 | INFO     |   📁 githubmirror/ru-sni:
2026-06-15 00:13:04,040 | INFO     |     • vless       :     1 конфигов (  1.8% от clean)
2026-06-15 00:13:04,040 | INFO     |     • vmess       :     0 конфигов (  0.0% от clean)
2026-06-15 00:13:04,040 | INFO     |   ✨ Новых CF-VLESS в этом запуске: 50
2026-06-15 00:13:04,040 | INFO     | 
2026-06-15 00:13:04,040 | INFO     |   ──────────────────────────────────────────────────
2026-06-15 00:13:04,040 | INFO     |   📈 ИТОГО:
2026-06-15 00:13:04,040 | INFO     |     Clean (после geo-фильтра):       57
2026-06-15 00:13:04,040 | INFO     |     RU-SNI (после SNI-фильтра):       1
2026-06-15 00:13:04,040 | INFO     |     Прошло фильтр:                  1.8%
2026-06-15 00:13:04,040 | INFO     |   ──────────────────────────────────────────────────
2026-06-15 00:13:04,041 | INFO     | ✅ Статистика сохранена: /home/runner/work/vpn-vless-configs-russia/vpn-vless-configs-russia/stats.json
2026-06-15 00:13:04,041 | INFO     | 
2026-06-15 00:13:04,041 | INFO     | ======================================================================
2026-06-15 00:13:04,041 | INFO     | 📊 ИТОГОВЫЙ ОТЧЁТ
2026-06-15 00:13:04,041 | INFO     | ======================================================================
2026-06-15 00:13:04,041 | INFO     |   ✅ OK         | Загрузка и geo-фильтрация
2026-06-15 00:13:04,041 | INFO     |   ✅ OK         | Генерация 50 уникальных CF-VLESS
2026-06-15 00:13:04,041 | INFO     |   ✅ OK         | Слияние CF с основным списком
2026-06-15 00:13:04,041 | INFO     |   ✅ OK         | Фильтрация по реальному SNI
2026-06-15 00:13:04,041 | INFO     |   ✅ OK         | Экспериментальный RU-SNI фильтр
2026-06-15 00:13:04,041 | INFO     |   ✅ OK         | Сбор статистики
2026-06-15 00:13:04,041 | INFO     | ──────────────────────────────────────────────────────────────────────
2026-06-15 00:13:04,041 | INFO     | ✅ ВСЕ ЭТАПЫ УСПЕШНЫ (6/6)
2026-06-15 00:13:04,041 | INFO     | ⏰ Время завершения: 2026-06-15 00:13:04
2026-06-15 00:13:04,041 | INFO     | ======================================================================
