2026-06-04 19:50:53,835 | INFO     | ======================================================================
2026-06-04 19:50:53,835 | INFO     | 🔍 VPN KEY CHECKER - Начало проверки
2026-06-04 19:50:53,836 | INFO     | ⏰ Время старта: 2026-06-04 19:50:53
2026-06-04 19:50:53,836 | INFO     | 📂 Рабочая директория: /home/runner/work/vpn-vless-configs-russia/vpn-vless-configs-russia
2026-06-04 19:50:53,836 | INFO     | ======================================================================
2026-06-04 19:50:53,836 | INFO     | 
2026-06-04 19:50:53,836 | INFO     | 🔍 Проверка наличия скриптов...
2026-06-04 19:50:53,836 | INFO     |   ✅ mirror.py
2026-06-04 19:50:53,836 | INFO     |   ✅ generate_cf_vless.py
2026-06-04 19:50:53,836 | INFO     |   ✅ filter_ru_sni.py
2026-06-04 19:50:53,836 | INFO     |   ✅ filter_ru_sni_local.py
2026-06-04 19:50:53,836 | INFO     | 
2026-06-04 19:50:53,836 | INFO     | 
2026-06-04 19:50:53,836 | INFO     | ──────────────────────────────────────────────────────────────────────
2026-06-04 19:50:53,836 | INFO     | 📌 ЭТАП: Загрузка и geo-фильтрация
2026-06-04 19:50:53,836 | INFO     | ──────────────────────────────────────────────────────────────────────
2026-06-04 19:50:53,837 | INFO     | 🚀 Запуск mirror.py (Загрузка и фильтрация по РФ/СНГ/Европа)...
2026-06-04 19:50:58,044 | INFO     |   → 🚀 Старт: всего источников (старые + новые): 8
2026-06-04 19:50:58,044 | INFO     |   → 1/8: ✅ 0 взято | 🗑️ 0 мусор
2026-06-04 19:50:58,045 | INFO     |   → 2/8: ✅ 0 взято | 🗑️ 0 мусор
2026-06-04 19:50:58,045 | INFO     |   → 3/8: ✅ 10 взято | 🗑️ 151 мусор
2026-06-04 19:50:58,045 | INFO     |   → 4/8: ✅ 0 взято | 🗑️ 0 мусор
2026-06-04 19:50:58,045 | INFO     |   → 5/8: ✅ 3 взято | 🗑️ 145 мусор
2026-06-04 19:50:58,045 | INFO     |   → 6/8: ✅ 0 взято | 🗑️ 0 мусор
2026-06-04 19:50:58,045 | INFO     |   → 7/8: ✅ 13 взято | 🗑️ 7 мусор
2026-06-04 19:50:58,045 | INFO     |   → 8/8: ✅ 0 взято | 🗑️ 7 мусор
2026-06-04 19:50:58,045 | INFO     |   → ✅ ГОТОВО!
2026-06-04 19:50:58,045 | INFO     |   →    📥 Всего ключей после фильтра: 26
2026-06-04 19:50:58,045 | INFO     |   →    🔗 Уникальных IP:PORT:SCHEME: 21
2026-06-04 19:50:58,045 | INFO     |   →    🗑️ Выброшено мусора: 310
2026-06-04 19:50:58,045 | INFO     |   → 📊 По протоколам:
2026-06-04 19:50:58,045 | INFO     |   →    vless: 13
2026-06-04 19:50:58,045 | INFO     |   →    vmess: 1
2026-06-04 19:50:58,045 | INFO     |   →    trojan: 4
2026-06-04 19:50:58,045 | INFO     |   →    ss: 3
2026-06-04 19:50:58,045 | INFO     | ✅ mirror.py завершён успешно
2026-06-04 19:50:58,045 | INFO     | 
2026-06-04 19:50:58,045 | INFO     | 
2026-06-04 19:50:58,045 | INFO     | ──────────────────────────────────────────────────────────────────────
2026-06-04 19:50:58,045 | INFO     | 📌 ЭТАП: Генерация 50 уникальных CF-VLESS
2026-06-04 19:50:58,045 | INFO     | ──────────────────────────────────────────────────────────────────────
2026-06-04 19:50:58,045 | INFO     | 🚀 Запуск generate_cf_vless.py (50 новых CF-VLESS)...
2026-06-04 19:50:59,037 | INFO     |   → ======================================================================
2026-06-04 19:50:59,037 | INFO     |   → 🗺️  Генератор свежих VLESS-конфигов на IP Cloudflare
2026-06-04 19:50:59,037 | INFO     |   → ======================================================================
2026-06-04 19:50:59,037 | INFO     |   →   → Загружаем актуальные IP-диапазоны Cloudflare: https://www.cloudflare.com/ips-v4
2026-06-04 19:50:59,037 | INFO     |   →   → Найдено 15 IPv4 CIDR-блоков. Преобразуем их в IP-адреса...
2026-06-04 19:50:59,037 | INFO     |   → ✅ Успешно загружено и подготовлено 7500 IP-адресов для ротации.
2026-06-04 19:50:59,037 | INFO     |   → ✨ Сгенерировано и сохранено 50 VLESS-конфигов.
2026-06-04 19:50:59,037 | INFO     |   → 📂 Файл: /home/runner/work/vpn-vless-configs-russia/vpn-vless-configs-russia/githubmirror/new/cf_fresh.txt
2026-06-04 19:50:59,037 | INFO     |   → ======================================================================
2026-06-04 19:50:59,037 | INFO     | ✅ generate_cf_vless.py завершён успешно
2026-06-04 19:50:59,037 | INFO     | 
2026-06-04 19:50:59,037 | INFO     | 
2026-06-04 19:50:59,037 | INFO     | ──────────────────────────────────────────────────────────────────────
2026-06-04 19:50:59,037 | INFO     | 📌 ЭТАП: Слияние CF с основным списком
2026-06-04 19:50:59,037 | INFO     | ──────────────────────────────────────────────────────────────────────
2026-06-04 19:50:59,039 | INFO     | 🔄 Добавлено 50 новых CF-VLESS в /home/runner/work/vpn-vless-configs-russia/vpn-vless-configs-russia/githubmirror/clean/vless.txt
2026-06-04 19:50:59,040 | INFO     | 📊 Всего в clean/vless.txt теперь: 63
2026-06-04 19:50:59,040 | INFO     | 
2026-06-04 19:50:59,040 | INFO     | 
2026-06-04 19:50:59,040 | INFO     | ──────────────────────────────────────────────────────────────────────
2026-06-04 19:50:59,040 | INFO     | 📌 ЭТАП: Фильтрация по реальному SNI
2026-06-04 19:50:59,040 | INFO     | ──────────────────────────────────────────────────────────────────────
2026-06-04 19:50:59,040 | INFO     | 🚀 Запуск filter_ru_sni.py (Фильтр по реальному SNI (CDN+RU))...
2026-06-04 19:50:59,069 | INFO     |   → ss.txt: 3 → 0 (SNI-filtered)
2026-06-04 19:50:59,069 | INFO     |   →   trojan.txt: 4 → 0 (SNI-filtered)
2026-06-04 19:50:59,069 | INFO     |   →   vless.txt: 63 → 4 (SNI-filtered)
2026-06-04 19:50:59,069 | INFO     |   →   vmess.txt: 1 → 0 (SNI-filtered)
2026-06-04 19:50:59,069 | INFO     |   → ==================================================
2026-06-04 19:50:59,069 | INFO     |   →   Всего входных:  71
2026-06-04 19:50:59,069 | INFO     |   →   Прошли фильтр:  4
2026-06-04 19:50:59,069 | INFO     |   →   Отброшено:      67
2026-06-04 19:50:59,069 | INFO     |   → ==================================================
2026-06-04 19:50:59,069 | INFO     |   → Готово → /home/runner/work/vpn-vless-configs-russia/vpn-vless-configs-russia/githubmirror/ru-sni
2026-06-04 19:50:59,069 | INFO     | ✅ filter_ru_sni.py завершён успешно
2026-06-04 19:50:59,069 | INFO     | 
2026-06-04 19:50:59,069 | INFO     | 
2026-06-04 19:50:59,069 | INFO     | ──────────────────────────────────────────────────────────────────────
2026-06-04 19:50:59,069 | INFO     | 📌 ЭТАП: Экспериментальный RU-SNI фильтр
2026-06-04 19:50:59,070 | INFO     | ──────────────────────────────────────────────────────────────────────
2026-06-04 19:50:59,070 | INFO     | 🚀 Запуск filter_ru_sni_local.py (Экспериментальный фильтр по RU-SNI (локальные домены))...
2026-06-04 19:50:59,096 | INFO     |   → ss.txt: 3 → 0 (RU-SNI)
2026-06-04 19:50:59,096 | INFO     |   → trojan.txt: 4 → 0 (RU-SNI)
2026-06-04 19:50:59,096 | INFO     |   → vless.txt: 63 → 1 (RU-SNI)
2026-06-04 19:50:59,096 | INFO     |   → vmess.txt: 1 → 0 (RU-SNI)
2026-06-04 19:50:59,096 | INFO     |   → ==================================================
2026-06-04 19:50:59,097 | INFO     |   → Всего входных:  71
2026-06-04 19:50:59,097 | INFO     |   → Прошли RU-SNI:  1
2026-06-04 19:50:59,097 | INFO     |   → Отброшено:      70
2026-06-04 19:50:59,097 | INFO     |   → ==================================================
2026-06-04 19:50:59,097 | INFO     |   → Готово → /home/runner/work/vpn-vless-configs-russia/vpn-vless-configs-russia/githubmirror/ru-sni-local
2026-06-04 19:50:59,097 | INFO     | ✅ filter_ru_sni_local.py завершён успешно
2026-06-04 19:50:59,097 | INFO     | 
2026-06-04 19:50:59,097 | INFO     | 
2026-06-04 19:50:59,097 | INFO     | ──────────────────────────────────────────────────────────────────────
2026-06-04 19:50:59,097 | INFO     | 📌 ЭТАП: Сбор статистики
2026-06-04 19:50:59,097 | INFO     | ──────────────────────────────────────────────────────────────────────
2026-06-04 19:50:59,097 | INFO     | 📊 Сбор статистики...
2026-06-04 19:50:59,097 | INFO     |   📁 githubmirror/clean:
2026-06-04 19:50:59,097 | INFO     |     • ss          :     3 конфигов
2026-06-04 19:50:59,098 | INFO     |     • trojan      :     4 конфигов
2026-06-04 19:50:59,098 | INFO     |     • vless       :    63 конфигов
2026-06-04 19:50:59,098 | INFO     |     • vmess       :     1 конфигов
2026-06-04 19:50:59,098 | INFO     |   📁 githubmirror/ru-sni:
2026-06-04 19:50:59,098 | INFO     |     • ss          :     0 конфигов (  0.0% от clean)
2026-06-04 19:50:59,098 | INFO     |     • trojan      :     0 конфигов (  0.0% от clean)
2026-06-04 19:50:59,099 | INFO     |     • vless       :     4 конфигов (  6.3% от clean)
2026-06-04 19:50:59,099 | INFO     |     • vmess       :     0 конфигов (  0.0% от clean)
2026-06-04 19:50:59,099 | INFO     |   ✨ Новых CF-VLESS в этом запуске: 50
2026-06-04 19:50:59,099 | INFO     | 
2026-06-04 19:50:59,099 | INFO     |   ──────────────────────────────────────────────────
2026-06-04 19:50:59,099 | INFO     |   📈 ИТОГО:
2026-06-04 19:50:59,099 | INFO     |     Clean (после geo-фильтра):       71
2026-06-04 19:50:59,099 | INFO     |     RU-SNI (после SNI-фильтра):       4
2026-06-04 19:50:59,099 | INFO     |     Прошло фильтр:                  5.6%
2026-06-04 19:50:59,099 | INFO     |   ──────────────────────────────────────────────────
2026-06-04 19:50:59,099 | INFO     | ✅ Статистика сохранена: /home/runner/work/vpn-vless-configs-russia/vpn-vless-configs-russia/stats.json
2026-06-04 19:50:59,100 | INFO     | 
2026-06-04 19:50:59,100 | INFO     | ======================================================================
2026-06-04 19:50:59,100 | INFO     | 📊 ИТОГОВЫЙ ОТЧЁТ
2026-06-04 19:50:59,100 | INFO     | ======================================================================
2026-06-04 19:50:59,100 | INFO     |   ✅ OK         | Загрузка и geo-фильтрация
2026-06-04 19:50:59,100 | INFO     |   ✅ OK         | Генерация 50 уникальных CF-VLESS
2026-06-04 19:50:59,100 | INFO     |   ✅ OK         | Слияние CF с основным списком
2026-06-04 19:50:59,100 | INFO     |   ✅ OK         | Фильтрация по реальному SNI
2026-06-04 19:50:59,100 | INFO     |   ✅ OK         | Экспериментальный RU-SNI фильтр
2026-06-04 19:50:59,100 | INFO     |   ✅ OK         | Сбор статистики
2026-06-04 19:50:59,100 | INFO     | ──────────────────────────────────────────────────────────────────────
2026-06-04 19:50:59,100 | INFO     | ✅ ВСЕ ЭТАПЫ УСПЕШНЫ (6/6)
2026-06-04 19:50:59,100 | INFO     | ⏰ Время завершения: 2026-06-04 19:50:59
2026-06-04 19:50:59,100 | INFO     | ======================================================================
